Oct 21 13:38:36 adsl-s04 gnome-session[761]: DEBUG(+): GsmDBusClient: obj_path=/org/gnome/SessionManager interface=org.gnome.SessionManager method=IsInhibited
Oct 21 13:38:44 adsl-s04 kernel: [  104.999647] low:high:copy:total 109:19:14
Oct 21 13:38:59 adsl-s04 kernel: [  120.000375] low:high:copy:total 109:19:1
Oct 21 13:39:14 adsl-s04 kernel: [  135.000948] low:high:copy:total 109:19:3
Oct 21 13:39:29 adsl-s04 kernel: [  150.001549] zcache_resize..will free pages.
Oct 21 13:39:29 adsl-s04 kernel: [  150.001870] In pasr_addr2section for address ffffffff814bed00 total sections (8).
Oct 21 13:39:29 adsl-s04 kernel: [  150.001872] pasr_update_mask(): Start refresh section 0xb0000000. Die14 mem_reg = 0xbf
Oct 21 13:39:29 adsl-s04 kernel: [  150.001873] Applied mask .
Oct 21 13:39:29 adsl-s04 kernel: [  150.002046] freed mercurial pool 1 
Oct 21 13:39:29 adsl-s04 kernel: [  150.002048] low:high:copy:total 108:20:82
Oct 21 13:39:44 adsl-s04 kernel: [  165.002135] zcache_resize..will free pages.
Oct 21 13:39:44 adsl-s04 kernel: [  165.002462] In pasr_addr2section for address ffffffff814bed00 total sections (8).
Oct 21 13:39:44 adsl-s04 kernel: [  165.002464] pasr_update_mask(): Start refresh section 0xa8000000. Die14 mem_reg = 0x9f
Oct 21 13:39:44 adsl-s04 kernel: [  165.002465] Applied mask .
Oct 21 13:39:44 adsl-s04 kernel: [  165.002634] freed mercurial pool 2 
Oct 21 13:39:44 adsl-s04 kernel: [  165.002636] low:high:copy:total 107:21:0
Oct 21 13:39:59 adsl-s04 kernel: [  180.002764] low:high:copy:total 107:21:0
Oct 21 13:40:14 adsl-s04 kernel: [  195.003395] low:high:copy:total 107:21:0
Oct 21 13:40:26 adsl-s04 kernel: [  207.087831] In pasr_addr2section for address ffffffff814bed00 total sections (8).
Oct 21 13:40:26 adsl-s04 kernel: [  207.087834] pasr_update_mask(): Start refresh section 0xa0000000. Die14 mem_reg = 0x8f
Oct 21 13:40:26 adsl-s04 kernel: [  207.087835] Applied mask .
Oct 21 13:40:26 adsl-s04 kernel: [  207.088055] freed mercurial pool 3 
Oct 21 13:40:30 adsl-s04 systemd-logind[528]: New session 4 of user root.
Oct 21 13:40:34 adsl-s04 kernel: [  215.003823] zcache_resize..will free pages.
Oct 21 13:40:34 adsl-s04 kernel: [  215.004237] In pasr_addr2section for address ffffffff814bed00 total sections (8).
Oct 21 13:40:34 adsl-s04 kernel: [  215.004241] pasr_update_mask(): Start refresh section 0x98000000. Die14 mem_reg = 0x87
Oct 21 13:40:34 adsl-s04 kernel: [  215.004242] Applied mask .
Oct 21 13:40:34 adsl-s04 kernel: [  215.004499] freed mercurial pool 4 
Oct 21 13:40:34 adsl-s04 kernel: [  215.004501] low:high:copy:total 105:23:269
Oct 21 13:40:49 adsl-s04 kernel: [  230.004452] zcache_resize..will free pages.
Oct 21 13:40:49 adsl-s04 kernel: [  230.004818] In pasr_addr2section for address ffffffff814bed00 total sections (8).
Oct 21 13:40:49 adsl-s04 kernel: [  230.004821] pasr_update_mask(): Start refresh section 0x90000000. Die14 mem_reg = 0x83
Oct 21 13:40:49 adsl-s04 kernel: [  230.004822] Applied mask .
Oct 21 13:40:49 adsl-s04 kernel: [  230.005019] freed mercurial pool 5 
Oct 21 13:40:49 adsl-s04 kernel: [  230.005021] low:high:copy:total 104:24:0
Oct 21 13:40:51 adsl-s04 kernel: [  232.086562] In pasr_addr2section for address ffffffff814bed00 total sections (8).
Oct 21 13:40:51 adsl-s04 kernel: [  232.086566] pasr_update_mask(): Start refresh section 0x88000000. Die14 mem_reg = 0x81
Oct 21 13:40:51 adsl-s04 kernel: [  232.086567] Applied mask .
Oct 21 13:40:51 adsl-s04 kernel: [  232.086773] freed mercurial pool 6 
Oct 21 13:41:04 adsl-s04 kernel: [  245.005058] zcache_resize..will free pages.
Oct 21 13:41:04 adsl-s04 kernel: [  245.005392] In pasr_addr2section for address ffffffff814bed00 total sections (8).
Oct 21 13:41:04 adsl-s04 kernel: [  245.005395] pasr_update_mask(): Start refresh section 0x80000000. Die14 mem_reg = 0x80
Oct 21 13:41:04 adsl-s04 kernel: [  245.005396] Applied mask .
Oct 21 13:41:04 adsl-s04 kernel: [  245.005616] freed mercurial pool 7 
Oct 21 13:41:04 adsl-s04 kernel: [  245.005618] low:high:copy:total 102:26:0
Oct 21 13:41:19 adsl-s04 kernel: [  260.005668] zcache_resize..will free pages.
Oct 21 13:41:19 adsl-s04 kernel: [  260.006037] In pasr_addr2section for address ffffffff814bed00 total sections (8).
Oct 21 13:41:19 adsl-s04 kernel: [  260.006039] pasr_update_mask(): Start refresh section 0x78000000. Die13 mem_reg = 0x7f
Oct 21 13:41:19 adsl-s04 kernel: [  260.006041] Applied mask .
Oct 21 13:41:19 adsl-s04 kernel: [  260.006238] freed mercurial pool 8 
Oct 21 13:41:19 adsl-s04 kernel: [  260.006240] low:high:copy:total 101:27:0
Oct 21 13:41:34 adsl-s04 kernel: [  275.006283] zcache_resize..will free pages.
Oct 21 13:41:34 adsl-s04 kernel: [  275.006658] In pasr_addr2section for address ffffffff814bed00 total sections (8).
Oct 21 13:41:34 adsl-s04 kernel: [  275.006661] pasr_update_mask(): Start refresh section 0x70000000. Die13 mem_reg = 0x3f
Oct 21 13:41:34 adsl-s04 kernel: [  275.006662] Applied mask .
Oct 21 13:41:34 adsl-s04 kernel: [  275.006864] freed mercurial pool 9 
Oct 21 13:41:34 adsl-s04 kernel: [  275.006866] low:high:copy:total 100:28:0
Oct 21 13:41:49 adsl-s04 kernel: [  290.006899] zcache_resize..will free pages.
Oct 21 13:41:49 adsl-s04 kernel: [  290.007256] In pasr_addr2section for address ffffffff814bed00 total sections (8).
Oct 21 13:41:49 adsl-s04 kernel: [  290.007259] pasr_update_mask(): Start refresh section 0x68000000. Die13 mem_reg = 0x1f
Oct 21 13:41:49 adsl-s04 kernel: [  290.007260] Applied mask .
Oct 21 13:41:49 adsl-s04 kernel: [  290.007452] freed mercurial pool 10 
Oct 21 13:41:49 adsl-s04 kernel: [  290.007454] low:high:copy:total 99:29:0
Oct 21 13:42:04 adsl-s04 kernel: [  305.007517] zcache_resize..will free pages.
Oct 21 13:42:04 adsl-s04 kernel: [  305.007913] In pasr_addr2section for address ffffffff814bed00 total sections (8).
Oct 21 13:42:04 adsl-s04 kernel: [  305.007916] pasr_update_mask(): Start refresh section 0x60000000. Die13 mem_reg = 0x0f
Oct 21 13:42:04 adsl-s04 kernel: [  305.007917] Applied mask .
Oct 21 13:42:04 adsl-s04 kernel: [  305.008167] freed mercurial pool 11 
Oct 21 13:42:04 adsl-s04 kernel: [  305.008169] low:high:copy:total 98:30:0
Oct 21 13:42:19 adsl-s04 kernel: [  320.008131] zcache_resize..will free pages.
Oct 21 13:42:19 adsl-s04 kernel: [  320.008464] In pasr_addr2section for address ffffffff814bed00 total sections (8).
Oct 21 13:42:19 adsl-s04 kernel: [  320.008467] pasr_update_mask(): Start refresh section 0x58000000. Die13 mem_reg = 0x07
Oct 21 13:42:19 adsl-s04 kernel: [  320.008468] Applied mask .
Oct 21 13:42:19 adsl-s04 kernel: [  320.008656] freed mercurial pool 12 
Oct 21 13:42:19 adsl-s04 kernel: [  320.008658] low:high:copy:total 97:31:0
Oct 21 13:42:34 adsl-s04 kernel: [  335.008744] zcache_resize..will free pages.
Oct 21 13:42:34 adsl-s04 kernel: [  335.009142] In pasr_addr2section for address ffffffff814bed00 total sections (8).
Oct 21 13:42:34 adsl-s04 kernel: [  335.009145] pasr_update_mask(): Start refresh section 0x50000000. Die13 mem_reg = 0x03
Oct 21 13:42:34 adsl-s04 kernel: [  335.009146] Applied mask .
Oct 21 13:42:34 adsl-s04 kernel: [  335.009359] freed mercurial pool 13 
Oct 21 13:42:34 adsl-s04 kernel: [  335.009362] low:high:copy:total 96:32:0
Oct 21 13:42:49 adsl-s04 kernel: [  350.009357] zcache_resize..will free pages.
Oct 21 13:42:49 adsl-s04 kernel: [  350.009741] In pasr_addr2section for address ffffffff814bed00 total sections (8).
Oct 21 13:42:49 adsl-s04 kernel: [  350.009744] pasr_update_mask(): Start refresh section 0x48000000. Die13 mem_reg = 0x01
Oct 21 13:42:49 adsl-s04 kernel: [  350.009745] Applied mask .
Oct 21 13:42:49 adsl-s04 kernel: [  350.009947] freed mercurial pool 14 
Oct 21 13:42:49 adsl-s04 kernel: [  350.009949] low:high:copy:total 95:33:0
Oct 21 13:43:04 adsl-s04 kernel: [  365.010329] zcache_resize..will free pages.
Oct 21 13:43:04 adsl-s04 kernel: [  365.010674] In pasr_addr2section for address ffffffff814bed00 total sections (8).
Oct 21 13:43:04 adsl-s04 kernel: [  365.010676] pasr_update_mask(): Start refresh section 0x40000000. Die13 mem_reg = 0x00
Oct 21 13:43:04 adsl-s04 kernel: [  365.010677] Applied mask .
Oct 21 13:43:04 adsl-s04 kernel: [  365.010877] freed mercurial pool 15 
Oct 21 13:43:04 adsl-s04 kernel: [  365.010879] low:high:copy:total 94:34:0
Oct 21 13:43:19 adsl-s04 kernel: [  380.010581] zcache_resize..will free pages.
Oct 21 13:43:19 adsl-s04 kernel: [  380.010949] In pasr_addr2section for address ffffffff814bed00 total sections (8).
Oct 21 13:43:19 adsl-s04 kernel: [  380.010953] pasr_update_mask(): Start refresh section 0x38000000. Die12 mem_reg = 0x7f
Oct 21 13:43:19 adsl-s04 kernel: [  380.010954] Applied mask .
Oct 21 13:43:19 adsl-s04 kernel: [  380.011161] freed mercurial pool 16 
Oct 21 13:43:19 adsl-s04 kernel: [  380.011164] low:high:copy:total 93:35:0
Oct 21 13:43:34 adsl-s04 kernel: [  395.011201] zcache_resize..will free pages.
Oct 21 13:43:34 adsl-s04 kernel: [  395.011577] In pasr_addr2section for address ffffffff814bed00 total sections (8).
Oct 21 13:43:34 adsl-s04 kernel: [  395.011580] pasr_update_mask(): Start refresh section 0x30000000. Die12 mem_reg = 0x3f
Oct 21 13:43:34 adsl-s04 kernel: [  395.011581] Applied mask .
Oct 21 13:43:34 adsl-s04 kernel: [  395.011782] freed mercurial pool 17 
Oct 21 13:43:34 adsl-s04 kernel: [  395.011784] low:high:copy:total 92:36:0
Oct 21 13:43:49 adsl-s04 kernel: [  410.011814] zcache_resize..will free pages.
Oct 21 13:43:49 adsl-s04 kernel: [  410.012125] In pasr_addr2section for address ffffffff814bed00 total sections (8).
Oct 21 13:43:49 adsl-s04 kernel: [  410.012128] pasr_update_mask(): Start refresh section 0x28000000. Die12 mem_reg = 0x1f
Oct 21 13:43:49 adsl-s04 kernel: [  410.012129] Applied mask .
Oct 21 13:43:49 adsl-s04 kernel: [  410.012323] freed mercurial pool 18 
Oct 21 13:43:49 adsl-s04 kernel: [  410.012326] low:high:copy:total 91:37:0
Oct 21 13:44:04 adsl-s04 kernel: [  425.012434] zcache_resize..will free pages.
Oct 21 13:44:04 adsl-s04 kernel: [  425.012850] In pasr_addr2section for address ffffffff814bed00 total sections (8).
Oct 21 13:44:04 adsl-s04 kernel: [  425.012852] pasr_update_mask(): Start refresh section 0x20000000. Die12 mem_reg = 0x0f
Oct 21 13:44:04 adsl-s04 kernel: [  425.012853] Applied mask .
Oct 21 13:44:04 adsl-s04 kernel: [  425.013070] freed mercurial pool 19 
Oct 21 13:44:04 adsl-s04 kernel: [  425.013073] low:high:copy:total 90:38:0
Oct 21 13:44:19 adsl-s04 kernel: [  440.013058] zcache_resize..will free pages.
Oct 21 13:44:19 adsl-s04 kernel: [  440.013404] In pasr_addr2section for address ffffffff814bed00 total sections (8).
Oct 21 13:44:19 adsl-s04 kernel: [  440.013406] pasr_update_mask(): Start refresh section 0x18000000. Die12 mem_reg = 0x07
Oct 21 13:44:19 adsl-s04 kernel: [  440.013407] Applied mask .
Oct 21 13:44:19 adsl-s04 kernel: [  440.013601] freed mercurial pool 20 
Oct 21 13:44:19 adsl-s04 kernel: [  440.013604] low:high:copy:total 89:39:0
Oct 21 13:44:32 adsl-s04 systemd-logind[528]: New session 5 of user root.
Oct 21 13:44:34 adsl-s04 kernel: [  455.013654] zcache_resize..will free pages.
Oct 21 13:44:34 adsl-s04 kernel: [  455.014002] In pasr_addr2section for address ffffffff814bed00 total sections (8).
Oct 21 13:44:34 adsl-s04 kernel: [  455.014005] pasr_update_mask(): Start refresh section 0x10000000. Die12 mem_reg = 0x03
Oct 21 13:44:34 adsl-s04 kernel: [  455.014006] Applied mask .
Oct 21 13:44:34 adsl-s04 kernel: [  455.014193] freed mercurial pool 21 
Oct 21 13:44:34 adsl-s04 kernel: [  455.014195] low:high:copy:total 88:40:0
Oct 21 13:44:49 adsl-s04 kernel: [  470.014269] zcache_resize..will free pages.
Oct 21 13:44:49 adsl-s04 kernel: [  470.014621] In pasr_addr2section for address ffffffff814bed00 total sections (8).
Oct 21 13:44:49 adsl-s04 kernel: [  470.014624] pasr_update_mask(): Start refresh section 0x08000000. Die12 mem_reg = 0x01
Oct 21 13:44:49 adsl-s04 kernel: [  470.014625] Applied mask .
Oct 21 13:44:49 adsl-s04 kernel: [  470.014822] freed mercurial pool 22 
Oct 21 13:44:49 adsl-s04 kernel: [  470.014824] low:high:copy:total 87:41:0
Oct 21 13:45:04 adsl-s04 kernel: [  485.014881] zcache_resize..will free pages.
Oct 21 13:45:04 adsl-s04 kernel: [  485.015447] In pasr_addr2section for address ffffffff814bed00 total sections (8).
Oct 21 13:45:04 adsl-s04 kernel: [  485.015450] pasr_update_mask(): Start refresh section 0x00000000. Die12 mem_reg = 0x00
Oct 21 13:45:04 adsl-s04 kernel: [  485.015451] Applied mask .
Oct 21 13:45:04 adsl-s04 kernel: [  485.015642] freed mercurial pool 23 
Oct 21 13:45:04 adsl-s04 kernel: [  485.015644] low:high:copy:total 86:42:0
Oct 21 13:45:19 adsl-s04 kernel: [  500.015499] zcache_resize..will free pages.
Oct 21 13:45:19 adsl-s04 kernel: [  500.015857] In pasr_addr2section for address ffffffff814bed00 total sections (8).
Oct 21 13:45:19 adsl-s04 kernel: [  500.015860] pasr_update_mask(): Start refresh section 0xf8000000. Die11 mem_reg = 0x7f
Oct 21 13:45:19 adsl-s04 kernel: [  500.015861] Applied mask .
Oct 21 13:45:19 adsl-s04 kernel: [  500.016066] freed mercurial pool 24 
Oct 21 13:45:19 adsl-s04 kernel: [  500.016068] low:high:copy:total 85:43:0
Oct 21 13:45:34 adsl-s04 kernel: [  515.017114] zcache_resize..will free pages.
Oct 21 13:45:34 adsl-s04 kernel: [  515.017574] In pasr_addr2section for address ffffffff814bed00 total sections (8).
Oct 21 13:45:34 adsl-s04 kernel: [  515.017578] pasr_update_mask(): Start refresh section 0xf0000000. Die11 mem_reg = 0x3f
Oct 21 13:45:34 adsl-s04 kernel: [  515.017580] Applied mask .
Oct 21 13:45:34 adsl-s04 kernel: [  515.017876] freed mercurial pool 25 
Oct 21 13:45:34 adsl-s04 kernel: [  515.017879] low:high:copy:total 84:44:0
Oct 21 13:45:49 adsl-s04 kernel: [  530.017732] zcache_resize..will free pages.
Oct 21 13:45:49 adsl-s04 kernel: [  530.018078] In pasr_addr2section for address ffffffff814bed00 total sections (8).
Oct 21 13:45:49 adsl-s04 kernel: [  530.018081] pasr_update_mask(): Start refresh section 0xe8000000. Die11 mem_reg = 0x1f
Oct 21 13:45:49 adsl-s04 kernel: [  530.018082] Applied mask .
Oct 21 13:45:49 adsl-s04 kernel: [  530.018280] freed mercurial pool 26 
Oct 21 13:45:49 adsl-s04 kernel: [  530.018283] low:high:copy:total 83:45:0
Oct 21 13:46:04 adsl-s04 kernel: [  545.018344] low:high:copy:total 83:45:0
Oct 21 13:46:19 adsl-s04 kernel: [  560.018956] low:high:copy:total 83:45:0
Oct 21 13:46:34 adsl-s04 kernel: [  575.019577] zcache_resize..will free pages.
Oct 21 13:46:34 adsl-s04 kernel: [  575.019987] In pasr_addr2section for address ffffffff814bed00 total sections (8).
Oct 21 13:46:34 adsl-s04 kernel: [  575.019990] pasr_update_mask(): Start refresh section 0xe0000000. Die11 mem_reg = 0x0f
Oct 21 13:46:34 adsl-s04 kernel: [  575.019991] Applied mask .
Oct 21 13:46:34 adsl-s04 kernel: [  575.020221] freed mercurial pool 27 
Oct 21 13:46:34 adsl-s04 kernel: [  575.020223] low:high:copy:total 82:46:0
Oct 21 13:46:49 adsl-s04 kernel: [  590.020186] zcache_resize..will free pages.
Oct 21 13:46:49 adsl-s04 kernel: [  590.020537] In pasr_addr2section for address ffffffff814bed00 total sections (8).
Oct 21 13:46:49 adsl-s04 kernel: [  590.020540] pasr_update_mask(): Start refresh section 0xd8000000. Die11 mem_reg = 0x07
Oct 21 13:46:49 adsl-s04 kernel: [  590.020541] Applied mask .
Oct 21 13:46:49 adsl-s04 kernel: [  590.020742] freed mercurial pool 28 
Oct 21 13:46:49 adsl-s04 kernel: [  590.020745] low:high:copy:total 81:47:0
Oct 21 13:47:04 adsl-s04 kernel: [  605.020799] zcache_resize..will free pages.
Oct 21 13:47:04 adsl-s04 kernel: [  605.021166] In pasr_addr2section for address ffffffff814bed00 total sections (8).
Oct 21 13:47:04 adsl-s04 kernel: [  605.021169] pasr_update_mask(): Start refresh section 0xd0000000. Die11 mem_reg = 0x03
Oct 21 13:47:04 adsl-s04 kernel: [  605.021170] Applied mask .
Oct 21 13:47:04 adsl-s04 kernel: [  605.021371] freed mercurial pool 29 
Oct 21 13:47:04 adsl-s04 kernel: [  605.021373] low:high:copy:total 80:48:0
Oct 21 13:47:06 adsl-s04 gnome-session[761]: DEBUG(+): Searching for 4194307 in 4194307,4194308
Oct 21 13:47:06 adsl-s04 gnome-session[761]: DEBUG(+): Watch 1 fired, idle time = 600005
Oct 21 13:47:06 adsl-s04 gnome-session[761]: DEBUG(+): GsmPresence: setting idle: 1
Oct 21 13:47:06 adsl-s04 gnome-session[761]: DEBUG(+): Using systemd for session tracking
Oct 21 13:47:06 adsl-s04 gnome-session[761]: DEBUG(+): Updating systemd idle status: 1
Oct 21 13:47:06 adsl-s04 gnome-session[761]: DEBUG(+): GsmDBusClient: obj_path=/org/gnome/SessionManager interface=org.gnome.SessionManager method=IsInhibited
Oct 21 13:47:06 adsl-s04 gnome-session[761]: DEBUG(+): GsmDBusClient: obj_path=/org/gnome/SessionManager interface=org.gnome.SessionManager method=IsInhibited
Oct 21 13:47:06 adsl-s04 dbus-daemon[535]: dbus[535]: [system] Rejected send message, 2 matched rules; type="method_return", sender=":1.1" (uid=0 pid=528 comm="/usr/lib/systemd/systemd-logind ") interface="(unset)" member="(unset)" error name="(unset)" requested_reply="0" destination=":1.20" (uid=42 pid=761 comm="/usr/bin/gnome-session -f --debug ")
Oct 21 13:47:06 adsl-s04 dbus[535]: [system] Rejected send message, 2 matched rules; type="method_return", sender=":1.1" (uid=0 pid=528 comm="/usr/lib/systemd/systemd-logind ") interface="(unset)" member="(unset)" error name="(unset)" requested_reply="0" destination=":1.20" (uid=42 pid=761 comm="/usr/bin/gnome-session -f --debug ")
Oct 21 13:47:19 adsl-s04 kernel: [  620.021416] zcache_resize..will free pages.
Oct 21 13:47:19 adsl-s04 kernel: [  620.021857] In pasr_addr2section for address ffffffff814bed00 total sections (8).
Oct 21 13:47:19 adsl-s04 kernel: [  620.021861] pasr_update_mask(): Start refresh section 0xc8000000. Die11 mem_reg = 0x01
Oct 21 13:47:19 adsl-s04 kernel: [  620.021862] Applied mask .
Oct 21 13:47:19 adsl-s04 kernel: [  620.022092] freed mercurial pool 30 
Oct 21 13:47:19 adsl-s04 kernel: [  620.022094] low:high:copy:total 79:49:7
Oct 21 13:47:34 adsl-s04 kernel: [  635.022028] zcache_resize..will free pages.
Oct 21 13:47:34 adsl-s04 kernel: [  635.022381] In pasr_addr2section for address ffffffff814bed00 total sections (8).
Oct 21 13:47:34 adsl-s04 kernel: [  635.022383] pasr_update_mask(): Start refresh section 0xc0000000. Die11 mem_reg = 0x00
Oct 21 13:47:34 adsl-s04 kernel: [  635.022384] Applied mask .
Oct 21 13:47:34 adsl-s04 kernel: [  635.022572] freed mercurial pool 31 
Oct 21 13:47:34 adsl-s04 kernel: [  635.022574] low:high:copy:total 78:50:0
Oct 21 13:47:49 adsl-s04 kernel: [  650.022640] zcache_resize..will free pages.
Oct 21 13:47:49 adsl-s04 kernel: [  650.022969] In pasr_addr2section for address ffffffff814bed00 total sections (8).
Oct 21 13:47:49 adsl-s04 kernel: [  650.022972] pasr_update_mask(): Start refresh section 0xb8000000. Die10 mem_reg = 0x7f
Oct 21 13:47:49 adsl-s04 kernel: [  650.022974] Applied mask .
Oct 21 13:47:49 adsl-s04 kernel: [  650.023160] freed mercurial pool 32 
Oct 21 13:47:49 adsl-s04 kernel: [  650.023163] low:high:copy:total 77:51:0
Oct 21 13:48:04 adsl-s04 kernel: [  665.023258] zcache_resize..will free pages.
Oct 21 13:48:04 adsl-s04 kernel: [  665.023612] In pasr_addr2section for address ffffffff814bed00 total sections (8).
Oct 21 13:48:04 adsl-s04 kernel: [  665.023615] pasr_update_mask(): Start refresh section 0xb0000000. Die10 mem_reg = 0x3f
Oct 21 13:48:04 adsl-s04 kernel: [  665.023616] Applied mask .
Oct 21 13:48:04 adsl-s04 kernel: [  665.023823] freed mercurial pool 33 
Oct 21 13:48:04 adsl-s04 kernel: [  665.023825] low:high:copy:total 76:52:0
Oct 21 13:48:19 adsl-s04 kernel: [  680.023874] zcache_resize..will free pages.
Oct 21 13:48:19 adsl-s04 kernel: [  680.024211] In pasr_addr2section for address ffffffff814bed00 total sections (8).
Oct 21 13:48:19 adsl-s04 kernel: [  680.024213] pasr_update_mask(): Start refresh section 0xa8000000. Die10 mem_reg = 0x1f
Oct 21 13:48:19 adsl-s04 kernel: [  680.024214] Applied mask .
Oct 21 13:48:19 adsl-s04 kernel: [  680.024414] freed mercurial pool 34 
Oct 21 13:48:19 adsl-s04 kernel: [  680.024416] low:high:copy:total 75:53:0
Oct 21 13:48:34 adsl-s04 kernel: [  695.024485] zcache_resize..will free pages.
Oct 21 13:48:34 adsl-s04 kernel: [  695.024852] In pasr_addr2section for address ffffffff814bed00 total sections (8).
Oct 21 13:48:34 adsl-s04 kernel: [  695.024855] pasr_update_mask(): Start refresh section 0xa0000000. Die10 mem_reg = 0x0f
Oct 21 13:48:34 adsl-s04 kernel: [  695.024856] Applied mask .
Oct 21 13:48:34 adsl-s04 kernel: [  695.025047] freed mercurial pool 35 
Oct 21 13:48:34 adsl-s04 kernel: [  695.025049] low:high:copy:total 74:54:0
Oct 21 13:48:49 adsl-s04 kernel: [  710.025101] zcache_resize..will free pages.
Oct 21 13:48:49 adsl-s04 kernel: [  710.025421] In pasr_addr2section for address ffffffff814bed00 total sections (8).
Oct 21 13:48:49 adsl-s04 kernel: [  710.025425] pasr_update_mask(): Start refresh section 0x98000000. Die10 mem_reg = 0x07
Oct 21 13:48:49 adsl-s04 kernel: [  710.025426] Applied mask .
Oct 21 13:48:49 adsl-s04 kernel: [  710.025630] freed mercurial pool 36 
Oct 21 13:48:49 adsl-s04 kernel: [  710.025632] low:high:copy:total 73:55:35
Oct 21 13:49:04 adsl-s04 kernel: [  725.025716] zcache_resize..will free pages.
Oct 21 13:49:04 adsl-s04 kernel: [  725.026160] In pasr_addr2section for address ffffffff814bed00 total sections (8).
Oct 21 13:49:04 adsl-s04 kernel: [  725.026164] pasr_update_mask(): Start refresh section 0x90000000. Die10 mem_reg = 0x03
Oct 21 13:49:04 adsl-s04 kernel: [  725.026165] Applied mask .
Oct 21 13:49:04 adsl-s04 kernel: [  725.026367] freed mercurial pool 37 
Oct 21 13:49:04 adsl-s04 kernel: [  725.026369] low:high:copy:total 72:56:0
Oct 21 13:49:19 adsl-s04 kernel: [  740.026326] zcache_resize..will free pages.
Oct 21 13:49:19 adsl-s04 kernel: [  740.026643] In pasr_addr2section for address ffffffff814bed00 total sections (8).
Oct 21 13:49:19 adsl-s04 kernel: [  740.026646] pasr_update_mask(): Start refresh section 0x88000000. Die10 mem_reg = 0x01
Oct 21 13:49:19 adsl-s04 kernel: [  740.026647] Applied mask .
Oct 21 13:49:19 adsl-s04 kernel: [  740.026837] freed mercurial pool 38 
Oct 21 13:49:19 adsl-s04 kernel: [  740.026839] low:high:copy:total 71:57:0
Oct 21 13:49:34 adsl-s04 kernel: [  755.026942] zcache_resize..will free pages.
Oct 21 13:49:34 adsl-s04 kernel: [  755.027276] In pasr_addr2section for address ffffffff814bed00 total sections (8).
Oct 21 13:49:34 adsl-s04 kernel: [  755.027278] pasr_update_mask(): Start refresh section 0x80000000. Die10 mem_reg = 0x00
Oct 21 13:49:34 adsl-s04 kernel: [  755.027280] Applied mask .
Oct 21 13:49:34 adsl-s04 kernel: [  755.027480] freed mercurial pool 39 
Oct 21 13:49:34 adsl-s04 kernel: [  755.027482] low:high:copy:total 70:58:0
Oct 21 13:49:49 adsl-s04 kernel: [  770.027560] low:high:copy:total 70:58:0
Oct 21 13:50:04 adsl-s04 kernel: [  785.028173] zcache_resize..will free pages.
Oct 21 13:50:04 adsl-s04 kernel: [  785.028522] In pasr_addr2section for address ffffffff814bed00 total sections (8).
Oct 21 13:50:04 adsl-s04 kernel: [  785.028525] pasr_update_mask(): Start refresh section 0x78000000. Die9 mem_reg = 0x7f
Oct 21 13:50:04 adsl-s04 kernel: [  785.028526] Applied mask .
Oct 21 13:50:04 adsl-s04 kernel: [  785.028713] freed mercurial pool 40 
Oct 21 13:50:04 adsl-s04 kernel: [  785.028715] low:high:copy:total 69:59:0
Oct 21 13:50:19 adsl-s04 kernel: [  800.028786] zcache_resize..will free pages.
Oct 21 13:50:19 adsl-s04 kernel: [  800.029135] In pasr_addr2section for address ffffffff814bed00 total sections (8).
Oct 21 13:50:19 adsl-s04 kernel: [  800.029137] pasr_update_mask(): Start refresh section 0x70000000. Die9 mem_reg = 0x3f
Oct 21 13:50:19 adsl-s04 kernel: [  800.029138] Applied mask .
Oct 21 13:50:19 adsl-s04 kernel: [  800.029335] freed mercurial pool 41 
Oct 21 13:50:19 adsl-s04 kernel: [  800.029337] low:high:copy:total 68:60:0
Oct 21 13:50:34 adsl-s04 kernel: [  815.029403] zcache_resize..will free pages.
Oct 21 13:50:34 adsl-s04 kernel: [  815.029791] In pasr_addr2section for address ffffffff814bed00 total sections (8).
Oct 21 13:50:34 adsl-s04 kernel: [  815.029793] pasr_update_mask(): Start refresh section 0x68000000. Die9 mem_reg = 0x1f
Oct 21 13:50:34 adsl-s04 kernel: [  815.029795] Applied mask .
Oct 21 13:50:34 adsl-s04 kernel: [  815.029995] freed mercurial pool 42 
Oct 21 13:50:34 adsl-s04 kernel: [  815.029997] low:high:copy:total 67:61:0
Oct 21 13:50:41 adsl-s04 kernel: [  821.718857] In pasr_addr2section for address ffffffff814bed00 total sections (8).
Oct 21 13:50:41 adsl-s04 kernel: [  821.718860] pasr_update_mask(): Start refresh section 0x60000000. Die9 mem_reg = 0x0f
Oct 21 13:50:41 adsl-s04 kernel: [  821.718861] Applied mask .
Oct 21 13:50:41 adsl-s04 kernel: [  821.719076] freed mercurial pool 43 
Oct 21 13:50:41 adsl-s04 kernel: [  821.959899] In pasr_addr2section for address ffffffff814bed00 total sections (8).
Oct 21 13:50:41 adsl-s04 kernel: [  821.959902] pasr_update_mask(): Start refresh section 0x58000000. Die9 mem_reg = 0x07
Oct 21 13:50:41 adsl-s04 kernel: [  821.959903] Applied mask .
Oct 21 13:50:41 adsl-s04 kernel: [  821.960076] freed mercurial pool 44 
Oct 21 13:50:49 adsl-s04 kernel: [  830.030235] warn_alloc_failed: 26 callbacks suppressed
Oct 21 13:50:49 adsl-s04 kernel: [  830.030238] zcache-resize: page allocation failure: order:15, mode:0x200da
Oct 21 13:50:49 adsl-s04 kernel: [  830.030240] Pid: 972, comm: zcache-resize Tainted: G         C O 3.4.1 #349
Oct 21 13:50:49 adsl-s04 kernel: [  830.030241] Call Trace:
Oct 21 13:50:49 adsl-s04 kernel: [  830.030248]  [<ffffffff8111c11b>] warn_alloc_failed+0xeb/0x150
Oct 21 13:50:49 adsl-s04 kernel: [  830.030251]  [<ffffffff8111ffb7>] __alloc_pages_nodemask+0x6b7/0x940
Oct 21 13:50:49 adsl-s04 kernel: [  830.030254]  [<ffffffff8101258b>] ? __switch_to+0x12b/0x420
Oct 21 13:50:49 adsl-s04 kernel: [  830.030258]  [<ffffffff81085228>] ? finish_task_switch+0xa8/0xe0
Oct 21 13:50:49 adsl-s04 kernel: [  830.030262]  [<ffffffff81152bf0>] alloc_pages_current+0xb0/0x120
Oct 21 13:50:49 adsl-s04 kernel: [  830.030265]  [<ffffffffa025305d>] zcache_reserve_coldmemory+0x1d/0x50 [mcache]
Oct 21 13:50:49 adsl-s04 kernel: [  830.030267]  [<ffffffffa02532de>] zcache_grab_unused_pool+0x3e/0xe0 [mcache]
Oct 21 13:50:49 adsl-s04 kernel: [  830.030268]  [<ffffffffa0253ddf>] zcache_resize+0x22f/0x3c0 [mcache]
Oct 21 13:50:49 adsl-s04 kernel: [  830.030272]  [<ffffffff815fbf37>] ? __schedule+0x3c7/0x7b0
Oct 21 13:50:49 adsl-s04 kernel: [  830.030274]  [<ffffffff81078690>] ? finish_wait+0x80/0x80
Oct 21 13:50:49 adsl-s04 kernel: [  830.030276]  [<ffffffffa0253bb0>] ? compact_memory+0xa0/0xa0 [mcache]
Oct 21 13:50:49 adsl-s04 kernel: [  830.030278]  [<ffffffff810780c3>] kthread+0x93/0xa0
Oct 21 13:50:49 adsl-s04 kernel: [  830.030281]  [<ffffffff816069e4>] kernel_thread_helper+0x4/0x10
Oct 21 13:50:49 adsl-s04 kernel: [  830.030282]  [<ffffffff81078030>] ? flush_kthread_worker+0x80/0x80
Oct 21 13:50:49 adsl-s04 kernel: [  830.030284]  [<ffffffff816069e0>] ? gs_change+0x13/0x13
Oct 21 13:50:49 adsl-s04 kernel: [  830.030285] Mem-Info:
Oct 21 13:50:49 adsl-s04 kernel: [  830.030286] Node 0 DMA per-cpu:
Oct 21 13:50:49 adsl-s04 kernel: [  830.030287] CPU    0: hi:    0, btch:   1 usd:   0
Oct 21 13:50:49 adsl-s04 kernel: [  830.030288] CPU    1: hi:    0, btch:   1 usd:   0
Oct 21 13:50:49 adsl-s04 kernel: [  830.030289] CPU    2: hi:    0, btch:   1 usd:   0
Oct 21 13:50:49 adsl-s04 kernel: [  830.030290] CPU    3: hi:    0, btch:   1 usd:   0
Oct 21 13:50:49 adsl-s04 kernel: [  830.030291] Node 0 DMA32 per-cpu:
Oct 21 13:50:49 adsl-s04 kernel: [  830.030292] CPU    0: hi:  186, btch:  31 usd:   0
Oct 21 13:50:49 adsl-s04 kernel: [  830.030293] CPU    1: hi:  186, btch:  31 usd:   0
Oct 21 13:50:49 adsl-s04 kernel: [  830.030294] CPU    2: hi:  186, btch:  31 usd:   0
Oct 21 13:50:49 adsl-s04 kernel: [  830.030295] CPU    3: hi:  186, btch:  31 usd:   0
Oct 21 13:50:49 adsl-s04 kernel: [  830.030296] Node 0 Normal per-cpu:
Oct 21 13:50:49 adsl-s04 kernel: [  830.030297] CPU    0: hi:  186, btch:  31 usd:   0
Oct 21 13:50:49 adsl-s04 kernel: [  830.030298] CPU    1: hi:  186, btch:  31 usd:   0
Oct 21 13:50:49 adsl-s04 kernel: [  830.030299] CPU    2: hi:  186, btch:  31 usd:   0
Oct 21 13:50:49 adsl-s04 kernel: [  830.030300] CPU    3: hi:  186, btch:  31 usd:   0
Oct 21 13:50:49 adsl-s04 kernel: [  830.030303] active_anon:61364 inactive_anon:57 isolated_anon:0
Oct 21 13:50:49 adsl-s04 kernel: [  830.030303]  active_file:751223 inactive_file:534183 isolated_file:0
Oct 21 13:50:49 adsl-s04 kernel: [  830.030304]  unevictable:0 dirty:193042 writeback:13133 unstable:0
Oct 21 13:50:49 adsl-s04 kernel: [  830.030304]  free:2509599 slab_reclaimable:50270 slab_unreclaimable:10342
Oct 21 13:50:49 adsl-s04 kernel: [  830.030305]  mapped:13115 shmem:368 pagetables:4709 bounce:0 mercurial free:2129920 mercurial used:9333 mercurial active:7939
Oct 21 13:50:49 adsl-s04 kernel: [  830.030306] Node 0 DMA free:15908kB min:64kB low:80kB high:96kB active_anon:0kB inactive_anon:0kB active_file:0kB inactive_file:0kB unevictable:0kB isolated(anon):0kB isolated(file):0kB present:15652kB mlocked:0kB dirty:0kB writeback:0kB mapped:0kB shmem:0kB slab_reclaimable:0kB slab_unreclaimable:0kB kernel_stack:0kB pagetables:0kB unstable:0kB bounce:0kB writeback_tmp:0kB pages_scanned:0 all_unreclaimable? yes
Oct 21 13:50:49 adsl-s04 kernel: [  830.030311] lowmem_reserve[]: 0 3406 15997 15997
Oct 21 13:50:49 adsl-s04 kernel: [  830.030313] Node 0 DMA32 free:572188kB min:14376kB low:17968kB high:21564kB active_anon:1452kB inactive_anon:0kB active_file:113228kB inactive_file:30352kB unevictable:0kB isolated(anon):0kB isolated(file):0kB present:3488736kB mlocked:0kB dirty:0kB writeback:0kB mapped:856kB shmem:0kB slab_reclaimable:6336kB slab_unreclaimable:448kB kernel_stack:8kB pagetables:68kB unstable:0kB bounce:0kB writeback_tmp:0kB pages_scanned:0 all_unreclaimable? no
Oct 21 13:50:49 adsl-s04 kernel: [  830.030318] lowmem_reserve[]: 0 0 12590 12590
Oct 21 13:50:49 adsl-s04 kernel: [  830.030319] Node 0 Normal free:9450300kB min:53136kB low:66420kB high:79704kB active_anon:244004kB inactive_anon:228kB active_file:2891664kB inactive_file:2106380kB unevictable:0kB isolated(anon):0kB isolated(file):0kB present:12892320kB mlocked:0kB dirty:772168kB writeback:52532kB mapped:51604kB shmem:1472kB slab_reclaimable:194744kB slab_unreclaimable:40920kB kernel_stack:2360kB pagetables:18768kB unstable:0kB bounce:0kB writeback_tmp:0kB pages_scanned:0 all_unreclaimable? no
Oct 21 13:50:49 adsl-s04 kernel: [  830.030325] lowmem_reserve[]: 0 0 0 0
Oct 21 13:50:49 adsl-s04 kernel: [  830.030326] Node 0 DMA: 1*4kB 0*8kB 0*16kB 1*32kB 2*64kB 1*128kB 1*256kB 0*512kB 1*1024kB 1*2048kB 1*4096kB 1*8192kB 0*16384kB 0*32768kB 0*65536kB 0*131072kB = 15908kB
Oct 21 13:50:49 adsl-s04 kernel: [  830.030332] Node 0 DMA32: 3561*4kB 3201*8kB 3671*16kB 3036*32kB 1998*64kB 980*128kB 165*256kB 18*512kB 4*1024kB 3*2048kB 1*4096kB 3*8192kB 0*16384kB 1*32768kB 0*65536kB 0*131072kB = 572188kB
Oct 21 13:50:49 adsl-s04 kernel: [  830.030338] Node 0 Normal: 7883*4kB 1412*8kB 3939*16kB 4612*32kB 1533*64kB 530*128kB 217*256kB 98*512kB 30*1024kB 7*2048kB 4*4096kB 4*8192kB 3*16384kB 2*32768kB 3*65536kB 0*131072kB = 930620kB
Oct 21 13:50:49 adsl-s04 kernel: [  830.030344] 1285775 total pagecache pages
Oct 21 13:50:49 adsl-s04 kernel: [  830.057723] 4191728 pages RAM
Oct 21 13:50:49 adsl-s04 kernel: [  830.057726] 110163 pages reserved
Oct 21 13:50:49 adsl-s04 kernel: [  830.057727] 1230526 pages shared
Oct 21 13:50:49 adsl-s04 kernel: [  830.057729] 404899 pages non-shared
Oct 21 13:50:49 adsl-s04 kernel: [  830.057731] Memory allocation failed.
Oct 21 13:50:49 adsl-s04 kernel: [  830.057805] zcache-resize: page allocation failure: order:15, mode:0x200da
Oct 21 13:50:49 adsl-s04 kernel: [  830.057807] Pid: 972, comm: zcache-resize Tainted: G         C O 3.4.1 #349
Oct 21 13:50:49 adsl-s04 kernel: [  830.057808] Call Trace:
Oct 21 13:50:49 adsl-s04 kernel: [  830.057815]  [<ffffffff8111c11b>] warn_alloc_failed+0xeb/0x150
Oct 21 13:50:49 adsl-s04 kernel: [  830.057818]  [<ffffffff8111ffb7>] __alloc_pages_nodemask+0x6b7/0x940
Oct 21 13:50:49 adsl-s04 kernel: [  830.057821]  [<ffffffff81152bf0>] alloc_pages_current+0xb0/0x120
Oct 21 13:50:49 adsl-s04 kernel: [  830.057824]  [<ffffffffa025305d>] zcache_reserve_coldmemory+0x1d/0x50 [mcache]
Oct 21 13:50:49 adsl-s04 kernel: [  830.057826]  [<ffffffffa02532de>] zcache_grab_unused_pool+0x3e/0xe0 [mcache]
Oct 21 13:50:49 adsl-s04 kernel: [  830.057828]  [<ffffffffa0253ddf>] zcache_resize+0x22f/0x3c0 [mcache]
Oct 21 13:50:49 adsl-s04 kernel: [  830.057831]  [<ffffffff815fbf37>] ? __schedule+0x3c7/0x7b0
Oct 21 13:50:49 adsl-s04 kernel: [  830.057834]  [<ffffffff81078690>] ? finish_wait+0x80/0x80
Oct 21 13:50:49 adsl-s04 kernel: [  830.057836]  [<ffffffffa0253bb0>] ? compact_memory+0xa0/0xa0 [mcache]
Oct 21 13:50:49 adsl-s04 kernel: [  830.057838]  [<ffffffff810780c3>] kthread+0x93/0xa0
Oct 21 13:50:49 adsl-s04 kernel: [  830.057841]  [<ffffffff816069e4>] kernel_thread_helper+0x4/0x10
Oct 21 13:50:49 adsl-s04 kernel: [  830.057843]  [<ffffffff81078030>] ? flush_kthread_worker+0x80/0x80
Oct 21 13:50:49 adsl-s04 kernel: [  830.057845]  [<ffffffff816069e0>] ? gs_change+0x13/0x13
Oct 21 13:50:49 adsl-s04 kernel: [  830.057846] Mem-Info:
Oct 21 13:50:49 adsl-s04 kernel: [  830.057847] Node 0 DMA per-cpu:
Oct 21 13:50:49 adsl-s04 kernel: [  830.057848] CPU    0: hi:    0, btch:   1 usd:   0
Oct 21 13:50:49 adsl-s04 kernel: [  830.057849] CPU    1: hi:    0, btch:   1 usd:   0
Oct 21 13:50:49 adsl-s04 kernel: [  830.057850] CPU    2: hi:    0, btch:   1 usd:   0
Oct 21 13:50:49 adsl-s04 kernel: [  830.057851] CPU    3: hi:    0, btch:   1 usd:   0
Oct 21 13:50:49 adsl-s04 kernel: [  830.057852] Node 0 DMA32 per-cpu:
Oct 21 13:50:49 adsl-s04 kernel: [  830.057853] CPU    0: hi:  186, btch:  31 usd:   0
Oct 21 13:50:49 adsl-s04 kernel: [  830.057854] CPU    1: hi:  186, btch:  31 usd:   0
Oct 21 13:50:49 adsl-s04 kernel: [  830.057855] CPU    2: hi:  186, btch:  31 usd:   4
Oct 21 13:50:49 adsl-s04 kernel: [  830.057856] CPU    3: hi:  186, btch:  31 usd:   0
Oct 21 13:50:49 adsl-s04 kernel: [  830.057857] Node 0 Normal per-cpu:
Oct 21 13:50:49 adsl-s04 kernel: [  830.057858] CPU    0: hi:  186, btch:  31 usd:   0
Oct 21 13:50:49 adsl-s04 kernel: [  830.057859] CPU    1: hi:  186, btch:  31 usd:   0
Oct 21 13:50:49 adsl-s04 kernel: [  830.057860] CPU    2: hi:  186, btch:  31 usd:   0
Oct 21 13:50:49 adsl-s04 kernel: [  830.057862] CPU    3: hi:  186, btch:  31 usd:  30
Oct 21 13:50:49 adsl-s04 kernel: [  830.057866] active_anon:61462 inactive_anon:57 isolated_anon:0
Oct 21 13:50:49 adsl-s04 kernel: [  830.057867]  active_file:750377 inactive_file:533840 isolated_file:0
Oct 21 13:50:49 adsl-s04 kernel: [  830.057868]  unevictable:0 dirty:193042 writeback:13133 unstable:0
Oct 21 13:50:49 adsl-s04 kernel: [  830.057869]  free:2510626 slab_reclaimable:50270 slab_unreclaimable:10342
Oct 21 13:50:49 adsl-s04 kernel: [  830.057870]  mapped:13115 shmem:368 pagetables:4709 bounce:0 mercurial free:2129920 mercurial used:9645 mercurial active:8244
Oct 21 13:50:49 adsl-s04 kernel: [  830.057873] Node 0 DMA free:15908kB min:64kB low:80kB high:96kB active_anon:0kB inactive_anon:0kB active_file:0kB inactive_file:0kB unevictable:0kB isolated(anon):0kB isolated(file):0kB present:15652kB mlocked:0kB dirty:0kB writeback:0kB mapped:0kB shmem:0kB slab_reclaimable:0kB slab_unreclaimable:0kB kernel_stack:0kB pagetables:0kB unstable:0kB bounce:0kB writeback_tmp:0kB pages_scanned:0 all_unreclaimable? yes
Oct 21 13:50:49 adsl-s04 kernel: [  830.057883] lowmem_reserve[]: 0 3406 15997 15997
Oct 21 13:50:49 adsl-s04 kernel: [  830.057888] Node 0 DMA32 free:572788kB min:14376kB low:17968kB high:21564kB active_anon:1452kB inactive_anon:0kB active_file:112784kB inactive_file:30352kB unevictable:0kB isolated(anon):0kB isolated(file):0kB present:3488736kB mlocked:0kB dirty:0kB writeback:0kB mapped:856kB shmem:0kB slab_reclaimable:6336kB slab_unreclaimable:448kB kernel_stack:8kB pagetables:68kB unstable:0kB bounce:0kB writeback_tmp:0kB pages_scanned:0 all_unreclaimable? no
Oct 21 13:50:49 adsl-s04 kernel: [  830.057898] lowmem_reserve[]: 0 0 12590 12590
Oct 21 13:50:49 adsl-s04 kernel: [  830.057902] Node 0 Normal free:9453560kB min:53136kB low:66420kB high:79704kB active_anon:244396kB inactive_anon:228kB active_file:2888528kB inactive_file:2105008kB unevictable:0kB isolated(anon):0kB isolated(file):0kB present:12892320kB mlocked:0kB dirty:772168kB writeback:52532kB mapped:51604kB shmem:1472kB slab_reclaimable:194744kB slab_unreclaimable:40920kB kernel_stack:2360kB pagetables:18768kB unstable:0kB bounce:0kB writeback_tmp:0kB pages_scanned:0 all_unreclaimable? no
Oct 21 13:50:49 adsl-s04 kernel: [  830.057913] lowmem_reserve[]: 0 0 0 0
Oct 21 13:50:49 adsl-s04 kernel: [  830.057917] Node 0 DMA: 1*4kB 0*8kB 0*16kB 1*32kB 2*64kB 1*128kB 1*256kB 0*512kB 1*1024kB 1*2048kB 1*4096kB 1*8192kB 0*16384kB 0*32768kB 0*65536kB 0*131072kB = 15908kB
Oct 21 13:50:49 adsl-s04 kernel: [  830.057933] Node 0 DMA32: 3575*4kB 3223*8kB 3670*16kB 3038*32kB 2001*64kB 981*128kB 165*256kB 18*512kB 4*1024kB 3*2048kB 1*4096kB 3*8192kB 0*16384kB 1*32768kB 0*65536kB 0*131072kB = 572788kB
Oct 21 13:50:49 adsl-s04 kernel: [  830.057948] Node 0 Normal: 8182*4kB 1551*8kB 3975*16kB 4622*32kB 1534*64kB 530*128kB 217*256kB 98*512kB 30*1024kB 7*2048kB 4*4096kB 4*8192kB 3*16384kB 2*32768kB 3*65536kB 0*131072kB = 933888kB
Oct 21 13:50:49 adsl-s04 kernel: [  830.057964] 1284442 total pagecache pages
Oct 21 13:50:49 adsl-s04 kernel: [  830.083470] 4191728 pages RAM
Oct 21 13:50:49 adsl-s04 kernel: [  830.083472] 110163 pages reserved
Oct 21 13:50:49 adsl-s04 kernel: [  830.083473] 1230170 pages shared
Oct 21 13:50:49 adsl-s04 kernel: [  830.083473] 404687 pages non-shared
Oct 21 13:50:49 adsl-s04 kernel: [  830.083475] Memory allocation failed.
Oct 21 13:50:49 adsl-s04 kernel: [  830.083556] zcache-resize: page allocation failure: order:15, mode:0x200da
Oct 21 13:50:49 adsl-s04 kernel: [  830.083558] Pid: 972, comm: zcache-resize Tainted: G         C O 3.4.1 #349
Oct 21 13:50:49 adsl-s04 kernel: [  830.083559] Call Trace:
Oct 21 13:50:49 adsl-s04 kernel: [  830.083565]  [<ffffffff8111c11b>] warn_alloc_failed+0xeb/0x150
Oct 21 13:50:49 adsl-s04 kernel: [  830.083567]  [<ffffffff8111ffb7>] __alloc_pages_nodemask+0x6b7/0x940
Oct 21 13:50:49 adsl-s04 kernel: [  830.083571]  [<ffffffff81152bf0>] alloc_pages_current+0xb0/0x120
Oct 21 13:50:49 adsl-s04 kernel: [  830.083574]  [<ffffffffa025305d>] zcache_reserve_coldmemory+0x1d/0x50 [mcache]
Oct 21 13:50:49 adsl-s04 kernel: [  830.083575]  [<ffffffffa02532de>] zcache_grab_unused_pool+0x3e/0xe0 [mcache]
Oct 21 13:50:49 adsl-s04 kernel: [  830.083578]  [<ffffffffa0253ddf>] zcache_resize+0x22f/0x3c0 [mcache]
Oct 21 13:50:49 adsl-s04 kernel: [  830.083580]  [<ffffffff815fbf37>] ? __schedule+0x3c7/0x7b0
Oct 21 13:50:49 adsl-s04 kernel: [  830.083583]  [<ffffffff81078690>] ? finish_wait+0x80/0x80
Oct 21 13:50:49 adsl-s04 kernel: [  830.083585]  [<ffffffffa0253bb0>] ? compact_memory+0xa0/0xa0 [mcache]
Oct 21 13:50:49 adsl-s04 kernel: [  830.083587]  [<ffffffff810780c3>] kthread+0x93/0xa0
Oct 21 13:50:49 adsl-s04 kernel: [  830.083590]  [<ffffffff816069e4>] kernel_thread_helper+0x4/0x10
Oct 21 13:50:49 adsl-s04 kernel: [  830.083592]  [<ffffffff81078030>] ? flush_kthread_worker+0x80/0x80
Oct 21 13:50:49 adsl-s04 kernel: [  830.083594]  [<ffffffff816069e0>] ? gs_change+0x13/0x13
Oct 21 13:50:49 adsl-s04 kernel: [  830.083595] Mem-Info:
Oct 21 13:50:49 adsl-s04 kernel: [  830.083595] Node 0 DMA per-cpu:
Oct 21 13:50:49 adsl-s04 kernel: [  830.083597] CPU    0: hi:    0, btch:   1 usd:   0
Oct 21 13:50:49 adsl-s04 kernel: [  830.083598] CPU    1: hi:    0, btch:   1 usd:   0
Oct 21 13:50:49 adsl-s04 kernel: [  830.083599] CPU    2: hi:    0, btch:   1 usd:   0
Oct 21 13:50:49 adsl-s04 kernel: [  830.083600] CPU    3: hi:    0, btch:   1 usd:   0
Oct 21 13:50:49 adsl-s04 kernel: [  830.083600] Node 0 DMA32 per-cpu:
Oct 21 13:50:49 adsl-s04 kernel: [  830.083602] CPU    0: hi:  186, btch:  31 usd:   0
Oct 21 13:50:49 adsl-s04 kernel: [  830.083603] CPU    1: hi:  186, btch:  31 usd:   0
Oct 21 13:50:49 adsl-s04 kernel: [  830.083604] CPU    2: hi:  186, btch:  31 usd:   0
Oct 21 13:50:49 adsl-s04 kernel: [  830.083605] CPU    3: hi:  186, btch:  31 usd:   0
Oct 21 13:50:49 adsl-s04 kernel: [  830.083605] Node 0 Normal per-cpu:
Oct 21 13:50:49 adsl-s04 kernel: [  830.083606] CPU    0: hi:  186, btch:  31 usd:   0
Oct 21 13:50:49 adsl-s04 kernel: [  830.083607] CPU    1: hi:  186, btch:  31 usd:   0
Oct 21 13:50:49 adsl-s04 kernel: [  830.083608] CPU    2: hi:  186, btch:  31 usd:   3
Oct 21 13:50:49 adsl-s04 kernel: [  830.083609] CPU    3: hi:  186, btch:  31 usd:   0
Oct 21 13:50:49 adsl-s04 kernel: [  830.083612] active_anon:61560 inactive_anon:57 isolated_anon:0
Oct 21 13:50:49 adsl-s04 kernel: [  830.083613]  active_file:747670 inactive_file:533680 isolated_file:0
Oct 21 13:50:49 adsl-s04 kernel: [  830.083613]  unevictable:0 dirty:193042 writeback:13133 unstable:0
Oct 21 13:50:49 adsl-s04 kernel: [  830.083614]  free:2513277 slab_reclaimable:50270 slab_unreclaimable:10342
Oct 21 13:50:49 adsl-s04 kernel: [  830.083614]  mapped:13115 shmem:368 pagetables:4782 bounce:0 mercurial free:2129920 mercurial used:10838 mercurial active:9437
Oct 21 13:50:49 adsl-s04 kernel: [  830.083616] Node 0 DMA free:15908kB min:64kB low:80kB high:96kB active_anon:0kB inactive_anon:0kB active_file:0kB inactive_file:0kB unevictable:0kB isolated(anon):0kB isolated(file):0kB present:15652kB mlocked:0kB dirty:0kB writeback:0kB mapped:0kB shmem:0kB slab_reclaimable:0kB slab_unreclaimable:0kB kernel_stack:0kB pagetables:0kB unstable:0kB bounce:0kB writeback_tmp:0kB pages_scanned:0 all_unreclaimable? yes
Oct 21 13:50:49 adsl-s04 kernel: [  830.083621] lowmem_reserve[]: 0 3406 15997 15997
Oct 21 13:50:49 adsl-s04 kernel: [  830.083623] Node 0 DMA32 free:580380kB min:14376kB low:17968kB high:21564kB active_anon:1452kB inactive_anon:0kB active_file:105680kB inactive_file:29908kB unevictable:0kB isolated(anon):0kB isolated(file):0kB present:3488736kB mlocked:0kB dirty:0kB writeback:0kB mapped:856kB shmem:0kB slab_reclaimable:6336kB slab_unreclaimable:448kB kernel_stack:8kB pagetables:68kB unstable:0kB bounce:0kB writeback_tmp:0kB pages_scanned:0 all_unreclaimable? no
Oct 21 13:50:49 adsl-s04 kernel: [  830.083628] lowmem_reserve[]: 0 0 12590 12590
Oct 21 13:50:49 adsl-s04 kernel: [  830.083630] Node 0 Normal free:9456820kB min:53136kB low:66420kB high:79704kB active_anon:244788kB inactive_anon:228kB active_file:2885000kB inactive_file:2104812kB unevictable:0kB isolated(anon):0kB isolated(file):0kB present:12892320kB mlocked:0kB dirty:772168kB writeback:52532kB mapped:51604kB shmem:1472kB slab_reclaimable:194744kB slab_unreclaimable:40920kB kernel_stack:2360kB pagetables:19060kB unstable:0kB bounce:0kB writeback_tmp:0kB pages_scanned:0 all_unreclaimable? no
Oct 21 13:50:49 adsl-s04 kernel: [  830.083635] lowmem_reserve[]: 0 0 0 0
Oct 21 13:50:49 adsl-s04 kernel: [  830.083637] Node 0 DMA: 1*4kB 0*8kB 0*16kB 1*32kB 2*64kB 1*128kB 1*256kB 0*512kB 1*1024kB 1*2048kB 1*4096kB 1*8192kB 0*16384kB 0*32768kB 0*65536kB 0*131072kB = 15908kB
Oct 21 13:50:49 adsl-s04 kernel: [  830.083643] Node 0 DMA32: 3689*4kB 3395*8kB 3730*16kB 3062*32kB 2016*64kB 991*128kB 170*256kB 17*512kB 5*1024kB 3*2048kB 1*4096kB 3*8192kB 0*16384kB 1*32768kB 0*65536kB 0*131072kB = 580380kB
Oct 21 13:50:49 adsl-s04 kernel: [  830.083650] Node 0 Normal: 8306*4kB 1751*8kB 4029*16kB 4630*32kB 1534*64kB 530*128kB 217*256kB 98*512kB 30*1024kB 7*2048kB 4*4096kB 4*8192kB 3*16384kB 2*32768kB 3*65536kB 0*131072kB = 937104kB
Oct 21 13:50:49 adsl-s04 kernel: [  830.083656] 1281623 total pagecache pages
Oct 21 13:50:49 adsl-s04 kernel: [  830.109368] 4191728 pages RAM
Oct 21 13:50:49 adsl-s04 kernel: [  830.109370] 110163 pages reserved
Oct 21 13:50:49 adsl-s04 kernel: [  830.109372] 1224739 pages shared
Oct 21 13:50:49 adsl-s04 kernel: [  830.109373] 403221 pages non-shared
Oct 21 13:50:49 adsl-s04 kernel: [  830.109375] Memory allocation failed.
Oct 21 13:50:49 adsl-s04 kernel: [  830.212116] zcache-resize: page allocation failure: order:15, mode:0x200da
Oct 21 13:50:49 adsl-s04 kernel: [  830.212119] Pid: 972, comm: zcache-resize Tainted: G         C O 3.4.1 #349
Oct 21 13:50:49 adsl-s04 kernel: [  830.212120] Call Trace:
Oct 21 13:50:49 adsl-s04 kernel: [  830.212127]  [<ffffffff8111c11b>] warn_alloc_failed+0xeb/0x150
Oct 21 13:50:49 adsl-s04 kernel: [  830.212130]  [<ffffffff815f4b11>] ? __alloc_pages_direct_compact+0x17f/0x191
Oct 21 13:50:49 adsl-s04 kernel: [  830.212133]  [<ffffffff8111ffb7>] __alloc_pages_nodemask+0x6b7/0x940
Oct 21 13:50:49 adsl-s04 kernel: [  830.212136]  [<ffffffff81152bf0>] alloc_pages_current+0xb0/0x120
Oct 21 13:50:49 adsl-s04 kernel: [  830.212139]  [<ffffffffa025305d>] zcache_reserve_coldmemory+0x1d/0x50 [mcache]
Oct 21 13:50:49 adsl-s04 kernel: [  830.212141]  [<ffffffffa02532de>] zcache_grab_unused_pool+0x3e/0xe0 [mcache]
Oct 21 13:50:49 adsl-s04 kernel: [  830.212144]  [<ffffffffa0253ddf>] zcache_resize+0x22f/0x3c0 [mcache]
Oct 21 13:50:49 adsl-s04 kernel: [  830.212146]  [<ffffffff815fbf37>] ? __schedule+0x3c7/0x7b0
Oct 21 13:50:49 adsl-s04 kernel: [  830.212149]  [<ffffffff81078690>] ? finish_wait+0x80/0x80
Oct 21 13:50:49 adsl-s04 kernel: [  830.212151]  [<ffffffffa0253bb0>] ? compact_memory+0xa0/0xa0 [mcache]
Oct 21 13:50:49 adsl-s04 kernel: [  830.212153]  [<ffffffff810780c3>] kthread+0x93/0xa0
Oct 21 13:50:49 adsl-s04 kernel: [  830.212156]  [<ffffffff816069e4>] kernel_thread_helper+0x4/0x10
Oct 21 13:50:49 adsl-s04 kernel: [  830.212158]  [<ffffffff81078030>] ? flush_kthread_worker+0x80/0x80
Oct 21 13:50:49 adsl-s04 kernel: [  830.212160]  [<ffffffff816069e0>] ? gs_change+0x13/0x13
Oct 21 13:50:49 adsl-s04 kernel: [  830.212161] Mem-Info:
Oct 21 13:50:49 adsl-s04 kernel: [  830.212162] Node 0 DMA per-cpu:
Oct 21 13:50:49 adsl-s04 kernel: [  830.212163] CPU    0: hi:    0, btch:   1 usd:   0
Oct 21 13:50:49 adsl-s04 kernel: [  830.212165] CPU    1: hi:    0, btch:   1 usd:   0
Oct 21 13:50:49 adsl-s04 kernel: [  830.212166] CPU    2: hi:    0, btch:   1 usd:   0
Oct 21 13:50:49 adsl-s04 kernel: [  830.212167] CPU    3: hi:    0, btch:   1 usd:   0
Oct 21 13:50:49 adsl-s04 kernel: [  830.212167] Node 0 DMA32 per-cpu:
Oct 21 13:50:49 adsl-s04 kernel: [  830.212169] CPU    0: hi:  186, btch:  31 usd:   0
Oct 21 13:50:49 adsl-s04 kernel: [  830.212170] CPU    1: hi:  186, btch:  31 usd: 176
Oct 21 13:50:49 adsl-s04 kernel: [  830.212171] CPU    2: hi:  186, btch:  31 usd: 135
Oct 21 13:50:49 adsl-s04 kernel: [  830.212172] CPU    3: hi:  186, btch:  31 usd:   0
Oct 21 13:50:49 adsl-s04 kernel: [  830.212173] Node 0 Normal per-cpu:
Oct 21 13:50:49 adsl-s04 kernel: [  830.212174] CPU    0: hi:  186, btch:  31 usd:   0
Oct 21 13:50:49 adsl-s04 kernel: [  830.212175] CPU    1: hi:  186, btch:  31 usd: 158
Oct 21 13:50:49 adsl-s04 kernel: [  830.212176] CPU    2: hi:  186, btch:  31 usd: 180
Oct 21 13:50:49 adsl-s04 kernel: [  830.212177] CPU    3: hi:  186, btch:  31 usd:  43
Oct 21 13:50:49 adsl-s04 kernel: [  830.212180] active_anon:61658 inactive_anon:57 isolated_anon:0
Oct 21 13:50:49 adsl-s04 kernel: [  830.212180]  active_file:704718 inactive_file:517908 isolated_file:0
Oct 21 13:50:49 adsl-s04 kernel: [  830.212181]  unevictable:0 dirty:189392 writeback:14447 unstable:0
Oct 21 13:50:49 adsl-s04 kernel: [  830.212181]  free:2574492 slab_reclaimable:46799 slab_unreclaimable:10393
Oct 21 13:50:49 adsl-s04 kernel: [  830.212182]  mapped:13115 shmem:368 pagetables:4782 bounce:0 mercurial free:2129920 mercurial used:14626 mercurial active:13199
Oct 21 13:50:49 adsl-s04 kernel: [  830.212183] Node 0 DMA free:15908kB min:64kB low:80kB high:96kB active_anon:0kB inactive_anon:0kB active_file:0kB inactive_file:0kB unevictable:0kB isolated(anon):0kB isolated(file):0kB present:15652kB mlocked:0kB dirty:0kB writeback:0kB mapped:0kB shmem:0kB slab_reclaimable:0kB slab_unreclaimable:0kB kernel_stack:0kB pagetables:0kB unstable:0kB bounce:0kB writeback_tmp:0kB pages_scanned:0 all_unreclaimable? yes
Oct 21 13:50:49 adsl-s04 kernel: [  830.212188] lowmem_reserve[]: 0 3406 15997 15997
Oct 21 13:50:49 adsl-s04 kernel: [  830.212190] Node 0 DMA32 free:637204kB min:14376kB low:17968kB high:21564kB active_anon:1452kB inactive_anon:0kB active_file:60096kB inactive_file:18956kB unevictable:0kB isolated(anon):0kB isolated(file):0kB present:3488736kB mlocked:0kB dirty:0kB writeback:0kB mapped:856kB shmem:0kB slab_reclaimable:4996kB slab_unreclaimable:448kB kernel_stack:8kB pagetables:68kB unstable:0kB bounce:0kB writeback_tmp:0kB pages_scanned:0 all_unreclaimable? no
Oct 21 13:50:49 adsl-s04 kernel: [  830.212196] lowmem_reserve[]: 0 0 12590 12590
Oct 21 13:50:49 adsl-s04 kernel: [  830.212198] Node 0 Normal free:9644856kB min:53136kB low:66420kB high:79704kB active_anon:245180kB inactive_anon:228kB active_file:2758776kB inactive_file:2052676kB unevictable:0kB isolated(anon):0kB isolated(file):0kB present:12892320kB mlocked:0kB dirty:757568kB writeback:57788kB mapped:51604kB shmem:1472kB slab_reclaimable:182200kB slab_unreclaimable:41124kB kernel_stack:2360kB pagetables:19060kB unstable:0kB bounce:0kB writeback_tmp:0kB pages_scanned:0 all_unreclaimable? no
Oct 21 13:50:49 adsl-s04 kernel: [  830.212203] lowmem_reserve[]: 0 0 0 0
Oct 21 13:50:49 adsl-s04 kernel: [  830.212205] Node 0 DMA: 1*4kB 0*8kB 0*16kB 1*32kB 2*64kB 1*128kB 1*256kB 0*512kB 1*1024kB 1*2048kB 1*4096kB 1*8192kB 0*16384kB 0*32768kB 0*65536kB 0*131072kB = 15908kB
Oct 21 13:50:49 adsl-s04 kernel: [  830.212211] Node 0 DMA32: 3655*4kB 4289*8kB 3787*16kB 3063*32kB 2082*64kB 1126*128kB 253*256kB 29*512kB 5*1024kB 3*2048kB 1*4096kB 3*8192kB 0*16384kB 1*32768kB 0*65536kB 0*131072kB = 637236kB
Oct 21 13:50:49 adsl-s04 kernel: [  830.212217] Node 0 Normal: 20536*4kB 8196*8kB 3354*16kB 1880*32kB 1368*64kB 938*128kB 508*256kB 142*512kB 59*1024kB 14*2048kB 5*4096kB 4*8192kB 3*16384kB 2*32768kB 3*65536kB 0*131072kB = 1125536kB
Oct 21 13:50:49 adsl-s04 kernel: [  830.212223] 1222903 total pagecache pages
Oct 21 13:50:49 adsl-s04 kernel: [  830.237836] 4191728 pages RAM
Oct 21 13:50:49 adsl-s04 kernel: [  830.237838] 110163 pages reserved
Oct 21 13:50:49 adsl-s04 kernel: [  830.237840] 1168476 pages shared
Oct 21 13:50:49 adsl-s04 kernel: [  830.237841] 396075 pages non-shared
Oct 21 13:50:49 adsl-s04 kernel: [  830.237843] Memory allocation failed.
Oct 21 13:50:49 adsl-s04 kernel: [  830.237942] zcache-resize: page allocation failure: order:15, mode:0x200da
Oct 21 13:50:49 adsl-s04 kernel: [  830.237944] Pid: 972, comm: zcache-resize Tainted: G         C O 3.4.1 #349
Oct 21 13:50:49 adsl-s04 kernel: [  830.237945] Call Trace:
Oct 21 13:50:49 adsl-s04 kernel: [  830.237951]  [<ffffffff8111c11b>] warn_alloc_failed+0xeb/0x150
Oct 21 13:50:49 adsl-s04 kernel: [  830.237954]  [<ffffffff8111ffb7>] __alloc_pages_nodemask+0x6b7/0x940
Oct 21 13:50:49 adsl-s04 kernel: [  830.237958]  [<ffffffff81152bf0>] alloc_pages_current+0xb0/0x120
Oct 21 13:50:49 adsl-s04 kernel: [  830.237960]  [<ffffffffa025305d>] zcache_reserve_coldmemory+0x1d/0x50 [mcache]
Oct 21 13:50:49 adsl-s04 kernel: [  830.237962]  [<ffffffffa02532de>] zcache_grab_unused_pool+0x3e/0xe0 [mcache]
Oct 21 13:50:49 adsl-s04 kernel: [  830.237965]  [<ffffffffa0253ddf>] zcache_resize+0x22f/0x3c0 [mcache]
Oct 21 13:50:49 adsl-s04 kernel: [  830.237968]  [<ffffffff815fbf37>] ? __schedule+0x3c7/0x7b0
Oct 21 13:50:49 adsl-s04 kernel: [  830.237971]  [<ffffffff81078690>] ? finish_wait+0x80/0x80
Oct 21 13:50:49 adsl-s04 kernel: [  830.237973]  [<ffffffffa0253bb0>] ? compact_memory+0xa0/0xa0 [mcache]
Oct 21 13:50:49 adsl-s04 kernel: [  830.237975]  [<ffffffff810780c3>] kthread+0x93/0xa0
Oct 21 13:50:49 adsl-s04 kernel: [  830.237978]  [<ffffffff816069e4>] kernel_thread_helper+0x4/0x10
Oct 21 13:50:49 adsl-s04 kernel: [  830.237980]  [<ffffffff81078030>] ? flush_kthread_worker+0x80/0x80
Oct 21 13:50:49 adsl-s04 kernel: [  830.237982]  [<ffffffff816069e0>] ? gs_change+0x13/0x13
Oct 21 13:50:49 adsl-s04 kernel: [  830.237983] Mem-Info:
Oct 21 13:50:49 adsl-s04 kernel: [  830.237984] Node 0 DMA per-cpu:
Oct 21 13:50:49 adsl-s04 kernel: [  830.237985] CPU    0: hi:    0, btch:   1 usd:   0
Oct 21 13:50:49 adsl-s04 kernel: [  830.237986] CPU    1: hi:    0, btch:   1 usd:   0
Oct 21 13:50:49 adsl-s04 kernel: [  830.237987] CPU    2: hi:    0, btch:   1 usd:   0
Oct 21 13:50:49 adsl-s04 kernel: [  830.237988] CPU    3: hi:    0, btch:   1 usd:   0
Oct 21 13:50:49 adsl-s04 kernel: [  830.237989] Node 0 DMA32 per-cpu:
Oct 21 13:50:49 adsl-s04 kernel: [  830.237990] CPU    0: hi:  186, btch:  31 usd:   0
Oct 21 13:50:49 adsl-s04 kernel: [  830.237991] CPU    1: hi:  186, btch:  31 usd:   0
Oct 21 13:50:49 adsl-s04 kernel: [  830.237992] CPU    2: hi:  186, btch:  31 usd:   0
Oct 21 13:50:49 adsl-s04 kernel: [  830.237993] CPU    3: hi:  186, btch:  31 usd:   0
Oct 21 13:50:49 adsl-s04 kernel: [  830.237994] Node 0 Normal per-cpu:
Oct 21 13:50:49 adsl-s04 kernel: [  830.237995] CPU    0: hi:  186, btch:  31 usd:   0
Oct 21 13:50:49 adsl-s04 kernel: [  830.237999] CPU    1: hi:  186, btch:  31 usd:   6
Oct 21 13:50:49 adsl-s04 kernel: [  830.238000] CPU    2: hi:  186, btch:  31 usd:   0
Oct 21 13:50:49 adsl-s04 kernel: [  830.238000] CPU    3: hi:  186, btch:  31 usd:   0
Oct 21 13:50:49 adsl-s04 kernel: [  830.238003] active_anon:61658 inactive_anon:57 isolated_anon:0
Oct 21 13:50:49 adsl-s04 kernel: [  830.238004]  active_file:698405 inactive_file:514400 isolated_file:0
Oct 21 13:50:49 adsl-s04 kernel: [  830.238004]  unevictable:0 dirty:189392 writeback:14228 unstable:0
Oct 21 13:50:49 adsl-s04 kernel: [  830.238005]  free:2585332 slab_reclaimable:46603 slab_unreclaimable:10393
Oct 21 13:50:49 adsl-s04 kernel: [  830.238005]  mapped:13115 shmem:368 pagetables:4782 bounce:0 mercurial free:2129920 mercurial used:15287 mercurial active:13828
Oct 21 13:50:49 adsl-s04 kernel: [  830.238007] Node 0 DMA free:15908kB min:64kB low:80kB high:96kB active_anon:0kB inactive_anon:0kB active_file:0kB inactive_file:0kB unevictable:0kB isolated(anon):0kB isolated(file):0kB present:15652kB mlocked:0kB dirty:0kB writeback:0kB mapped:0kB shmem:0kB slab_reclaimable:0kB slab_unreclaimable:0kB kernel_stack:0kB pagetables:0kB unstable:0kB bounce:0kB writeback_tmp:0kB pages_scanned:0 all_unreclaimable? yes
Oct 21 13:50:49 adsl-s04 kernel: [  830.238012] lowmem_reserve[]: 0 3406 15997 15997
Oct 21 13:50:49 adsl-s04 kernel: [  830.238014] Node 0 DMA32 free:643728kB min:14376kB low:17968kB high:21564kB active_anon:1452kB inactive_anon:0kB active_file:57580kB inactive_file:16292kB unevictable:0kB isolated(anon):0kB isolated(file):0kB present:3488736kB mlocked:0kB dirty:0kB writeback:0kB mapped:856kB shmem:0kB slab_reclaimable:4996kB slab_unreclaimable:448kB kernel_stack:8kB pagetables:68kB unstable:0kB bounce:0kB writeback_tmp:0kB pages_scanned:0 all_unreclaimable? no
Oct 21 13:50:49 adsl-s04 kernel: [  830.238020] lowmem_reserve[]: 0 0 12590 12590
Oct 21 13:50:49 adsl-s04 kernel: [  830.238021] Node 0 Normal free:9681692kB min:53136kB low:66420kB high:79704kB active_anon:245180kB inactive_anon:228kB active_file:2735844kB inactive_file:2041308kB unevictable:0kB isolated(anon):0kB isolated(file):0kB present:12892320kB mlocked:0kB dirty:757568kB writeback:56912kB mapped:51604kB shmem:1472kB slab_reclaimable:181416kB slab_unreclaimable:41124kB kernel_stack:2360kB pagetables:19060kB unstable:0kB bounce:0kB writeback_tmp:0kB pages_scanned:0 all_unreclaimable? no
Oct 21 13:50:49 adsl-s04 kernel: [  830.238027] lowmem_reserve[]: 0 0 0 0
Oct 21 13:50:49 adsl-s04 kernel: [  830.238029] Node 0 DMA: 1*4kB 0*8kB 0*16kB 1*32kB 2*64kB 1*128kB 1*256kB 0*512kB 1*1024kB 1*2048kB 1*4096kB 1*8192kB 0*16384kB 0*32768kB 0*65536kB 0*131072kB = 15908kB
Oct 21 13:50:49 adsl-s04 kernel: [  830.238035] Node 0 DMA32: 3566*4kB 4221*8kB 3775*16kB 3046*32kB 2091*64kB 1133*128kB 277*256kB 30*512kB 5*1024kB 3*2048kB 1*4096kB 3*8192kB 0*16384kB 1*32768kB 0*65536kB 0*131072kB = 643728kB
Oct 21 13:50:49 adsl-s04 kernel: [  830.238041] Node 0 Normal: 24177*4kB 10042*8kB 3727*16kB 1905*32kB 1370*64kB 938*128kB 508*256kB 142*512kB 59*1024kB 14*2048kB 5*4096kB 4*8192kB 3*16384kB 2*32768kB 3*65536kB 0*131072kB = 1161764kB
Oct 21 13:50:49 adsl-s04 kernel: [  830.238054] 1212951 total pagecache pages
Oct 21 13:50:49 adsl-s04 kernel: [  830.263267] 4191728 pages RAM
Oct 21 13:50:49 adsl-s04 kernel: [  830.263273] 110163 pages reserved
Oct 21 13:50:49 adsl-s04 kernel: [  830.263274] 1157873 pages shared
Oct 21 13:50:49 adsl-s04 kernel: [  830.263274] 395206 pages non-shared
Oct 21 13:50:49 adsl-s04 kernel: [  830.263276] Memory allocation failed.
Oct 21 13:50:49 adsl-s04 kernel: [  830.263371] zcache-resize: page allocation failure: order:15, mode:0x200da
Oct 21 13:50:49 adsl-s04 kernel: [  830.263373] Pid: 972, comm: zcache-resize Tainted: G         C O 3.4.1 #349
Oct 21 13:50:49 adsl-s04 kernel: [  830.263374] Call Trace:
Oct 21 13:50:49 adsl-s04 kernel: [  830.263380]  [<ffffffff8111c11b>] warn_alloc_failed+0xeb/0x150
Oct 21 13:50:49 adsl-s04 kernel: [  830.263389]  [<ffffffff8111ffb7>] __alloc_pages_nodemask+0x6b7/0x940
Oct 21 13:50:49 adsl-s04 kernel: [  830.263392]  [<ffffffff81152bf0>] alloc_pages_current+0xb0/0x120
Oct 21 13:50:49 adsl-s04 kernel: [  830.263396]  [<ffffffffa025305d>] zcache_reserve_coldmemory+0x1d/0x50 [mcache]
Oct 21 13:50:49 adsl-s04 kernel: [  830.263397]  [<ffffffffa02532de>] zcache_grab_unused_pool+0x3e/0xe0 [mcache]
Oct 21 13:50:49 adsl-s04 kernel: [  830.263399]  [<ffffffffa0253ddf>] zcache_resize+0x22f/0x3c0 [mcache]
Oct 21 13:50:49 adsl-s04 kernel: [  830.263402]  [<ffffffff815fbf37>] ? __schedule+0x3c7/0x7b0
Oct 21 13:50:49 adsl-s04 kernel: [  830.263405]  [<ffffffff81078690>] ? finish_wait+0x80/0x80
Oct 21 13:50:49 adsl-s04 kernel: [  830.263407]  [<ffffffffa0253bb0>] ? compact_memory+0xa0/0xa0 [mcache]
Oct 21 13:50:49 adsl-s04 kernel: [  830.263409]  [<ffffffff810780c3>] kthread+0x93/0xa0
Oct 21 13:50:49 adsl-s04 kernel: [  830.263412]  [<ffffffff816069e4>] kernel_thread_helper+0x4/0x10
Oct 21 13:50:49 adsl-s04 kernel: [  830.263414]  [<ffffffff81078030>] ? flush_kthread_worker+0x80/0x80
Oct 21 13:50:49 adsl-s04 kernel: [  830.263415]  [<ffffffff816069e0>] ? gs_change+0x13/0x13
Oct 21 13:50:49 adsl-s04 kernel: [  830.263416] Mem-Info:
Oct 21 13:50:49 adsl-s04 kernel: [  830.263417] Node 0 DMA per-cpu:
Oct 21 13:50:49 adsl-s04 kernel: [  830.263418] CPU    0: hi:    0, btch:   1 usd:   0
Oct 21 13:50:49 adsl-s04 kernel: [  830.263419] CPU    1: hi:    0, btch:   1 usd:   0
Oct 21 13:50:49 adsl-s04 kernel: [  830.263420] CPU    2: hi:    0, btch:   1 usd:   0
Oct 21 13:50:49 adsl-s04 kernel: [  830.263421] CPU    3: hi:    0, btch:   1 usd:   0
Oct 21 13:50:49 adsl-s04 kernel: [  830.263422] Node 0 DMA32 per-cpu:
Oct 21 13:50:49 adsl-s04 kernel: [  830.263423] CPU    0: hi:  186, btch:  31 usd:   0
Oct 21 13:50:49 adsl-s04 kernel: [  830.263424] CPU    1: hi:  186, btch:  31 usd:   0
Oct 21 13:50:49 adsl-s04 kernel: [  830.263425] CPU    2: hi:  186, btch:  31 usd:   0
Oct 21 13:50:49 adsl-s04 kernel: [  830.263426] CPU    3: hi:  186, btch:  31 usd:   0
Oct 21 13:50:49 adsl-s04 kernel: [  830.263426] Node 0 Normal per-cpu:
Oct 21 13:50:49 adsl-s04 kernel: [  830.263427] CPU    0: hi:  186, btch:  31 usd:   0
Oct 21 13:50:49 adsl-s04 kernel: [  830.263428] CPU    1: hi:  186, btch:  31 usd:   0
Oct 21 13:50:49 adsl-s04 kernel: [  830.263429] CPU    2: hi:  186, btch:  31 usd:   0
Oct 21 13:50:49 adsl-s04 kernel: [  830.263430] CPU    3: hi:  186, btch:  31 usd:   0
Oct 21 13:50:49 adsl-s04 kernel: [  830.263433] active_anon:61658 inactive_anon:57 isolated_anon:0
Oct 21 13:50:49 adsl-s04 kernel: [  830.263433]  active_file:693025 inactive_file:509744 isolated_file:0
Oct 21 13:50:49 adsl-s04 kernel: [  830.263434]  unevictable:0 dirty:189392 writeback:14228 unstable:0
Oct 21 13:50:49 adsl-s04 kernel: [  830.263434]  free:2595523 slab_reclaimable:46370 slab_unreclaimable:10442
Oct 21 13:50:49 adsl-s04 kernel: [  830.263435]  mapped:13115 shmem:368 pagetables:4782 bounce:0 mercurial free:2129920 mercurial used:15934 mercurial active:14472
Oct 21 13:50:49 adsl-s04 kernel: [  830.263436] Node 0 DMA free:15908kB min:64kB low:80kB high:96kB active_anon:0kB inactive_anon:0kB active_file:0kB inactive_file:0kB unevictable:0kB isolated(anon):0kB isolated(file):0kB present:15652kB mlocked:0kB dirty:0kB writeback:0kB mapped:0kB shmem:0kB slab_reclaimable:0kB slab_unreclaimable:0kB kernel_stack:0kB pagetables:0kB unstable:0kB bounce:0kB writeback_tmp:0kB pages_scanned:0 all_unreclaimable? yes
Oct 21 13:50:49 adsl-s04 kernel: [  830.263441] lowmem_reserve[]: 0 3406 15997 15997
Oct 21 13:50:49 adsl-s04 kernel: [  830.263443] Node 0 DMA32 free:645804kB min:14376kB low:17968kB high:21564kB active_anon:1452kB inactive_anon:0kB active_file:56248kB inactive_file:15700kB unevictable:0kB isolated(anon):0kB isolated(file):0kB present:3488736kB mlocked:0kB dirty:0kB writeback:0kB mapped:856kB shmem:0kB slab_reclaimable:4848kB slab_unreclaimable:448kB kernel_stack:8kB pagetables:68kB unstable:0kB bounce:0kB writeback_tmp:0kB pages_scanned:0 all_unreclaimable? no
Oct 21 13:50:49 adsl-s04 kernel: [  830.263448] lowmem_reserve[]: 0 0 12590 12590
Oct 21 13:50:49 adsl-s04 kernel: [  830.263450] Node 0 Normal free:9720380kB min:53136kB low:66420kB high:79704kB active_anon:245180kB inactive_anon:228kB active_file:2715852kB inactive_file:2023276kB unevictable:0kB isolated(anon):0kB isolated(file):0kB present:12892320kB mlocked:0kB dirty:757568kB writeback:56912kB mapped:51604kB shmem:1472kB slab_reclaimable:180632kB slab_unreclaimable:41320kB kernel_stack:2360kB pagetables:19060kB unstable:0kB bounce:0kB writeback_tmp:0kB pages_scanned:0 all_unreclaimable? no
Oct 21 13:50:49 adsl-s04 kernel: [  830.263455] lowmem_reserve[]: 0 0 0 0
Oct 21 13:50:49 adsl-s04 kernel: [  830.263457] Node 0 DMA: 1*4kB 0*8kB 0*16kB 1*32kB 2*64kB 1*128kB 1*256kB 0*512kB 1*1024kB 1*2048kB 1*4096kB 1*8192kB 0*16384kB 0*32768kB 0*65536kB 0*131072kB = 15908kB
Oct 21 13:50:49 adsl-s04 kernel: [  830.263462] Node 0 DMA32: 3541*4kB 4197*8kB 3785*16kB 3047*32kB 2095*64kB 1136*128kB 279*256kB 32*512kB 5*1024kB 3*2048kB 1*4096kB 3*8192kB 0*16384kB 1*32768kB 0*65536kB 0*131072kB = 645804kB
Oct 21 13:50:49 adsl-s04 kernel: [  830.263468] Node 0 Normal: 27885*4kB 11900*8kB 4234*16kB 1940*32kB 1370*64kB 938*128kB 508*256kB 142*512kB 59*1024kB 14*2048kB 5*4096kB 4*8192kB 3*16384kB 2*32768kB 3*65536kB 0*131072kB = 1200692kB
Oct 21 13:50:49 adsl-s04 kernel: [  830.263474] 1203039 total pagecache pages
Oct 21 13:50:49 adsl-s04 kernel: [  830.288607] 4191728 pages RAM
Oct 21 13:50:49 adsl-s04 kernel: [  830.288615] 110163 pages reserved
Oct 21 13:50:49 adsl-s04 kernel: [  830.288616] 1148768 pages shared
Oct 21 13:50:49 adsl-s04 kernel: [  830.288617] 394349 pages non-shared
Oct 21 13:50:49 adsl-s04 kernel: [  830.288618] Memory allocation failed.
Oct 21 13:50:49 adsl-s04 kernel: [  830.288691] zcache-resize: page allocation failure: order:15, mode:0x200da
Oct 21 13:50:49 adsl-s04 kernel: [  830.288693] Pid: 972, comm: zcache-resize Tainted: G         C O 3.4.1 #349
Oct 21 13:50:49 adsl-s04 kernel: [  830.288694] Call Trace:
Oct 21 13:50:49 adsl-s04 kernel: [  830.288700]  [<ffffffff8111c11b>] warn_alloc_failed+0xeb/0x150
Oct 21 13:50:49 adsl-s04 kernel: [  830.288703]  [<ffffffff8111ffb7>] __alloc_pages_nodemask+0x6b7/0x940
Oct 21 13:50:49 adsl-s04 kernel: [  830.288706]  [<ffffffff81152bf0>] alloc_pages_current+0xb0/0x120
Oct 21 13:50:49 adsl-s04 kernel: [  830.288709]  [<ffffffffa025305d>] zcache_reserve_coldmemory+0x1d/0x50 [mcache]
Oct 21 13:50:49 adsl-s04 kernel: [  830.288711]  [<ffffffffa02532de>] zcache_grab_unused_pool+0x3e/0xe0 [mcache]
Oct 21 13:50:49 adsl-s04 kernel: [  830.288713]  [<ffffffffa0253ddf>] zcache_resize+0x22f/0x3c0 [mcache]
Oct 21 13:50:49 adsl-s04 kernel: [  830.288723]  [<ffffffff815fbf37>] ? __schedule+0x3c7/0x7b0
Oct 21 13:50:49 adsl-s04 kernel: [  830.288726]  [<ffffffff81078690>] ? finish_wait+0x80/0x80
Oct 21 13:50:49 adsl-s04 kernel: [  830.288728]  [<ffffffffa0253bb0>] ? compact_memory+0xa0/0xa0 [mcache]
Oct 21 13:50:49 adsl-s04 kernel: [  830.288730]  [<ffffffff810780c3>] kthread+0x93/0xa0
Oct 21 13:50:49 adsl-s04 kernel: [  830.288733]  [<ffffffff816069e4>] kernel_thread_helper+0x4/0x10
Oct 21 13:50:49 adsl-s04 kernel: [  830.288735]  [<ffffffff81078030>] ? flush_kthread_worker+0x80/0x80
Oct 21 13:50:49 adsl-s04 kernel: [  830.288737]  [<ffffffff816069e0>] ? gs_change+0x13/0x13
Oct 21 13:50:49 adsl-s04 kernel: [  830.288738] Mem-Info:
Oct 21 13:50:49 adsl-s04 kernel: [  830.288739] Node 0 DMA per-cpu:
Oct 21 13:50:49 adsl-s04 kernel: [  830.288741] CPU    0: hi:    0, btch:   1 usd:   0
Oct 21 13:50:49 adsl-s04 kernel: [  830.288742] CPU    1: hi:    0, btch:   1 usd:   0
Oct 21 13:50:49 adsl-s04 kernel: [  830.288742] CPU    2: hi:    0, btch:   1 usd:   0
Oct 21 13:50:49 adsl-s04 kernel: [  830.288743] CPU    3: hi:    0, btch:   1 usd:   0
Oct 21 13:50:49 adsl-s04 kernel: [  830.288744] Node 0 DMA32 per-cpu:
Oct 21 13:50:49 adsl-s04 kernel: [  830.288745] CPU    0: hi:  186, btch:  31 usd:   0
Oct 21 13:50:49 adsl-s04 kernel: [  830.288747] CPU    1: hi:  186, btch:  31 usd:   0
Oct 21 13:50:49 adsl-s04 kernel: [  830.288747] CPU    2: hi:  186, btch:  31 usd:   0
Oct 21 13:50:49 adsl-s04 kernel: [  830.288748] CPU    3: hi:  186, btch:  31 usd:   0
Oct 21 13:50:49 adsl-s04 kernel: [  830.288749] Node 0 Normal per-cpu:
Oct 21 13:50:49 adsl-s04 kernel: [  830.288750] CPU    0: hi:  186, btch:  31 usd:   0
Oct 21 13:50:49 adsl-s04 kernel: [  830.288751] CPU    1: hi:  186, btch:  31 usd: 123
Oct 21 13:50:49 adsl-s04 kernel: [  830.288752] CPU    2: hi:  186, btch:  31 usd:   0
Oct 21 13:50:49 adsl-s04 kernel: [  830.288753] CPU    3: hi:  186, btch:  31 usd:   0
Oct 21 13:50:49 adsl-s04 kernel: [  830.288756] active_anon:61658 inactive_anon:57 isolated_anon:0
Oct 21 13:50:49 adsl-s04 kernel: [  830.288757]  active_file:681809 inactive_file:506228 isolated_file:0
Oct 21 13:50:49 adsl-s04 kernel: [  830.288757]  unevictable:0 dirty:189392 writeback:14009 unstable:0
Oct 21 13:50:49 adsl-s04 kernel: [  830.288758]  free:2610375 slab_reclaimable:46125 slab_unreclaimable:10442
Oct 21 13:50:49 adsl-s04 kernel: [  830.288758]  mapped:13115 shmem:368 pagetables:4782 bounce:0 mercurial free:2129920 mercurial used:16494 mercurial active:15031
Oct 21 13:50:49 adsl-s04 kernel: [  830.288760] Node 0 DMA free:15908kB min:64kB low:80kB high:96kB active_anon:0kB inactive_anon:0kB active_file:0kB inactive_file:0kB unevictable:0kB isolated(anon):0kB isolated(file):0kB present:15652kB mlocked:0kB dirty:0kB writeback:0kB mapped:0kB shmem:0kB slab_reclaimable:0kB slab_unreclaimable:0kB kernel_stack:0kB pagetables:0kB unstable:0kB bounce:0kB writeback_tmp:0kB pages_scanned:0 all_unreclaimable? yes
Oct 21 13:50:49 adsl-s04 kernel: [  830.288765] lowmem_reserve[]: 0 3406 15997 15997
Oct 21 13:50:49 adsl-s04 kernel: [  830.288767] Node 0 DMA32 free:650080kB min:14376kB low:17968kB high:21564kB active_anon:1452kB inactive_anon:0kB active_file:51956kB inactive_file:15552kB unevictable:0kB isolated(anon):0kB isolated(file):0kB present:3488736kB mlocked:0kB dirty:0kB writeback:0kB mapped:856kB shmem:0kB slab_reclaimable:4848kB slab_unreclaimable:448kB kernel_stack:8kB pagetables:68kB unstable:0kB bounce:0kB writeback_tmp:0kB pages_scanned:0 all_unreclaimable? no
Oct 21 13:50:49 adsl-s04 kernel: [  830.288773] lowmem_reserve[]: 0 0 12590 12590
Oct 21 13:50:49 adsl-s04 kernel: [  830.288778] Node 0 Normal free:9775512kB min:53136kB low:66420kB high:79704kB active_anon:245180kB inactive_anon:228kB active_file:2675280kB inactive_file:2009360kB unevictable:0kB isolated(anon):0kB isolated(file):0kB present:12892320kB mlocked:0kB dirty:757568kB writeback:56036kB mapped:51604kB shmem:1472kB slab_reclaimable:179652kB slab_unreclaimable:41320kB kernel_stack:2360kB pagetables:19060kB unstable:0kB bounce:0kB writeback_tmp:0kB pages_scanned:0 all_unreclaimable? no
Oct 21 13:50:49 adsl-s04 kernel: [  830.288789] lowmem_reserve[]: 0 0 0 0
Oct 21 13:50:49 adsl-s04 kernel: [  830.288793] Node 0 DMA: 1*4kB 0*8kB 0*16kB 1*32kB 2*64kB 1*128kB 1*256kB 0*512kB 1*1024kB 1*2048kB 1*4096kB 1*8192kB 0*16384kB 0*32768kB 0*65536kB 0*131072kB = 15908kB
Oct 21 13:50:49 adsl-s04 kernel: [  830.288810] Node 0 DMA32: 3464*4kB 4142*8kB 3753*16kB 3010*32kB 2086*64kB 1147*128kB 296*256kB 35*512kB 5*1024kB 3*2048kB 1*4096kB 3*8192kB 0*16384kB 1*32768kB 0*65536kB 0*131072kB = 650080kB
Oct 21 13:50:49 adsl-s04 kernel: [  830.288826] Node 0 Normal: 32667*4kB 14075*8kB 4855*16kB 2095*32kB 1408*64kB 943*128kB 510*256kB 142*512kB 59*1024kB 14*2048kB 5*4096kB 4*8192kB 3*16384kB 2*32768kB 3*65536kB 0*131072kB = 1255700kB
Oct 21 13:50:49 adsl-s04 kernel: [  830.288842] 1188288 total pagecache pages
Oct 21 13:50:49 adsl-s04 kernel: [  830.315295] 4191728 pages RAM
Oct 21 13:50:49 adsl-s04 kernel: [  830.315301] 110163 pages reserved
Oct 21 13:50:49 adsl-s04 kernel: [  830.315302] 1133561 pages shared
Oct 21 13:50:49 adsl-s04 kernel: [  830.315302] 393333 pages non-shared
Oct 21 13:50:49 adsl-s04 kernel: [  830.315304] Memory allocation failed.
Oct 21 13:50:49 adsl-s04 kernel: [  830.315390] zcache-resize: page allocation failure: order:15, mode:0x200da
Oct 21 13:50:49 adsl-s04 kernel: [  830.315392] Pid: 972, comm: zcache-resize Tainted: G         C O 3.4.1 #349
Oct 21 13:50:49 adsl-s04 kernel: [  830.315393] Call Trace:
Oct 21 13:50:49 adsl-s04 kernel: [  830.315400]  [<ffffffff8111c11b>] warn_alloc_failed+0xeb/0x150
Oct 21 13:50:49 adsl-s04 kernel: [  830.315403]  [<ffffffff8111ffb7>] __alloc_pages_nodemask+0x6b7/0x940
Oct 21 13:50:49 adsl-s04 kernel: [  830.315406]  [<ffffffff81152bf0>] alloc_pages_current+0xb0/0x120
Oct 21 13:50:49 adsl-s04 kernel: [  830.315409]  [<ffffffffa025305d>] zcache_reserve_coldmemory+0x1d/0x50 [mcache]
Oct 21 13:50:49 adsl-s04 kernel: [  830.315411]  [<ffffffffa02532de>] zcache_grab_unused_pool+0x3e/0xe0 [mcache]
Oct 21 13:50:49 adsl-s04 kernel: [  830.315413]  [<ffffffffa0253ddf>] zcache_resize+0x22f/0x3c0 [mcache]
Oct 21 13:50:49 adsl-s04 kernel: [  830.315416]  [<ffffffff815fbf37>] ? __schedule+0x3c7/0x7b0
Oct 21 13:50:49 adsl-s04 kernel: [  830.315419]  [<ffffffff81078690>] ? finish_wait+0x80/0x80
Oct 21 13:50:49 adsl-s04 kernel: [  830.315421]  [<ffffffffa0253bb0>] ? compact_memory+0xa0/0xa0 [mcache]
Oct 21 13:50:49 adsl-s04 kernel: [  830.315423]  [<ffffffff810780c3>] kthread+0x93/0xa0
Oct 21 13:50:49 adsl-s04 kernel: [  830.315426]  [<ffffffff816069e4>] kernel_thread_helper+0x4/0x10
Oct 21 13:50:49 adsl-s04 kernel: [  830.315428]  [<ffffffff81078030>] ? flush_kthread_worker+0x80/0x80
Oct 21 13:50:49 adsl-s04 kernel: [  830.315430]  [<ffffffff816069e0>] ? gs_change+0x13/0x13
Oct 21 13:50:49 adsl-s04 kernel: [  830.315431] Mem-Info:
Oct 21 13:50:49 adsl-s04 kernel: [  830.315432] Node 0 DMA per-cpu:
Oct 21 13:50:49 adsl-s04 kernel: [  830.315433] CPU    0: hi:    0, btch:   1 usd:   0
Oct 21 13:50:49 adsl-s04 kernel: [  830.315434] CPU    1: hi:    0, btch:   1 usd:   0
Oct 21 13:50:49 adsl-s04 kernel: [  830.315435] CPU    2: hi:    0, btch:   1 usd:   0
Oct 21 13:50:49 adsl-s04 kernel: [  830.315436] CPU    3: hi:    0, btch:   1 usd:   0
Oct 21 13:50:49 adsl-s04 kernel: [  830.315437] Node 0 DMA32 per-cpu:
Oct 21 13:50:49 adsl-s04 kernel: [  830.315438] CPU    0: hi:  186, btch:  31 usd:   0
Oct 21 13:50:49 adsl-s04 kernel: [  830.315439] CPU    1: hi:  186, btch:  31 usd:   0
Oct 21 13:50:49 adsl-s04 kernel: [  830.315440] CPU    2: hi:  186, btch:  31 usd:   0
Oct 21 13:50:49 adsl-s04 kernel: [  830.315441] CPU    3: hi:  186, btch:  31 usd:   0
Oct 21 13:50:49 adsl-s04 kernel: [  830.315442] Node 0 Normal per-cpu:
Oct 21 13:50:49 adsl-s04 kernel: [  830.315443] CPU    0: hi:  186, btch:  31 usd:   0
Oct 21 13:50:49 adsl-s04 kernel: [  830.315444] CPU    1: hi:  186, btch:  31 usd:   0
Oct 21 13:50:49 adsl-s04 kernel: [  830.315445] CPU    2: hi:  186, btch:  31 usd:  30
Oct 21 13:50:49 adsl-s04 kernel: [  830.315446] CPU    3: hi:  186, btch:  31 usd: 108
Oct 21 13:50:49 adsl-s04 kernel: [  830.315449] active_anon:60776 inactive_anon:57 isolated_anon:0
Oct 21 13:50:49 adsl-s04 kernel: [  830.315449]  active_file:675976 inactive_file:503214 isolated_file:0
Oct 21 13:50:49 adsl-s04 kernel: [  830.315450]  unevictable:0 dirty:189392 writeback:13279 unstable:0
Oct 21 13:50:49 adsl-s04 kernel: [  830.315450]  free:2620770 slab_reclaimable:45794 slab_unreclaimable:10442
Oct 21 13:50:49 adsl-s04 kernel: [  830.315451]  mapped:13115 shmem:368 pagetables:4563 bounce:0 mercurial free:2129920 mercurial used:17134 mercurial active:15669
Oct 21 13:50:49 adsl-s04 kernel: [  830.315452] Node 0 DMA free:15908kB min:64kB low:80kB high:96kB active_anon:0kB inactive_anon:0kB active_file:0kB inactive_file:0kB unevictable:0kB isolated(anon):0kB isolated(file):0kB present:15652kB mlocked:0kB dirty:0kB writeback:0kB mapped:0kB shmem:0kB slab_reclaimable:0kB slab_unreclaimable:0kB kernel_stack:0kB pagetables:0kB unstable:0kB bounce:0kB writeback_tmp:0kB pages_scanned:0 all_unreclaimable? yes
Oct 21 13:50:49 adsl-s04 kernel: [  830.315457] lowmem_reserve[]: 0 3406 15997 15997
Oct 21 13:50:49 adsl-s04 kernel: [  830.315460] Node 0 DMA32 free:651728kB min:14376kB low:17968kB high:21564kB active_anon:1452kB inactive_anon:0kB active_file:50772kB inactive_file:15256kB unevictable:0kB isolated(anon):0kB isolated(file):0kB present:3488736kB mlocked:0kB dirty:0kB writeback:0kB mapped:856kB shmem:0kB slab_reclaimable:4700kB slab_unreclaimable:448kB kernel_stack:8kB pagetables:68kB unstable:0kB bounce:0kB writeback_tmp:0kB pages_scanned:0 all_unreclaimable? no
Oct 21 13:50:49 adsl-s04 kernel: [  830.315465] lowmem_reserve[]: 0 0 12590 12590
Oct 21 13:50:49 adsl-s04 kernel: [  830.315467] Node 0 Normal free:9815444kB min:53136kB low:66420kB high:79704kB active_anon:241652kB inactive_anon:228kB active_file:2653132kB inactive_file:1997600kB unevictable:0kB isolated(anon):0kB isolated(file):0kB present:12892320kB mlocked:0kB dirty:757568kB writeback:53116kB mapped:51604kB shmem:1472kB slab_reclaimable:178476kB slab_unreclaimable:41320kB kernel_stack:2360kB pagetables:18184kB unstable:0kB bounce:0kB writeback_tmp:0kB pages_scanned:0 all_unreclaimable? no
Oct 21 13:50:49 adsl-s04 kernel: [  830.315473] lowmem_reserve[]: 0 0 0 0
Oct 21 13:50:49 adsl-s04 kernel: [  830.315474] Node 0 DMA: 1*4kB 0*8kB 0*16kB 1*32kB 2*64kB 1*128kB 1*256kB 0*512kB 1*1024kB 1*2048kB 1*4096kB 1*8192kB 0*16384kB 0*32768kB 0*65536kB 0*131072kB = 15908kB
Oct 21 13:50:49 adsl-s04 kernel: [  830.315481] Node 0 DMA32: 3418*4kB 4117*8kB 3774*16kB 3005*32kB 2091*64kB 1151*128kB 300*256kB 35*512kB 5*1024kB 3*2048kB 1*4096kB 3*8192kB 0*16384kB 1*32768kB 0*65536kB 0*131072kB = 651728kB
Oct 21 13:50:49 adsl-s04 kernel: [  830.315487] Node 0 Normal: 36119*4kB 16089*8kB 5326*16kB 2137*32kB 1420*64kB 945*128kB 510*256kB 142*512kB 59*1024kB 14*2048kB 5*4096kB 4*8192kB 3*16384kB 2*32768kB 3*65536kB 0*131072kB = 1295524kB
Oct 21 13:50:49 adsl-s04 kernel: [  830.315493] 1179435 total pagecache pages
Oct 21 13:50:49 adsl-s04 kernel: [  830.344588] 4191728 pages RAM
Oct 21 13:50:49 adsl-s04 kernel: [  830.344590] 110163 pages reserved
Oct 21 13:50:49 adsl-s04 kernel: [  830.344592] 1130499 pages shared
Oct 21 13:50:49 adsl-s04 kernel: [  830.344593] 391517 pages non-shared
Oct 21 13:50:49 adsl-s04 kernel: [  830.344595] Memory allocation failed.
Oct 21 13:50:50 adsl-s04 kernel: [  830.661027] zcache-resize: page allocation failure: order:15, mode:0x200da
Oct 21 13:50:50 adsl-s04 kernel: [  830.661030] Pid: 972, comm: zcache-resize Tainted: G         C O 3.4.1 #349
Oct 21 13:50:50 adsl-s04 kernel: [  830.661031] Call Trace:
Oct 21 13:50:50 adsl-s04 kernel: [  830.661038]  [<ffffffff8111c11b>] warn_alloc_failed+0xeb/0x150
Oct 21 13:50:50 adsl-s04 kernel: [  830.661041]  [<ffffffff815f4b11>] ? __alloc_pages_direct_compact+0x17f/0x191
Oct 21 13:50:50 adsl-s04 kernel: [  830.661044]  [<ffffffff8111ffb7>] __alloc_pages_nodemask+0x6b7/0x940
Oct 21 13:50:50 adsl-s04 kernel: [  830.661047]  [<ffffffff81152bf0>] alloc_pages_current+0xb0/0x120
Oct 21 13:50:50 adsl-s04 kernel: [  830.661050]  [<ffffffffa025305d>] zcache_reserve_coldmemory+0x1d/0x50 [mcache]
Oct 21 13:50:50 adsl-s04 kernel: [  830.661052]  [<ffffffffa02532de>] zcache_grab_unused_pool+0x3e/0xe0 [mcache]
Oct 21 13:50:50 adsl-s04 kernel: [  830.661054]  [<ffffffffa0253ddf>] zcache_resize+0x22f/0x3c0 [mcache]
Oct 21 13:50:50 adsl-s04 kernel: [  830.661057]  [<ffffffff815fbf37>] ? __schedule+0x3c7/0x7b0
Oct 21 13:50:50 adsl-s04 kernel: [  830.661060]  [<ffffffff81078690>] ? finish_wait+0x80/0x80
Oct 21 13:50:50 adsl-s04 kernel: [  830.661062]  [<ffffffffa0253bb0>] ? compact_memory+0xa0/0xa0 [mcache]
Oct 21 13:50:50 adsl-s04 kernel: [  830.661064]  [<ffffffff810780c3>] kthread+0x93/0xa0
Oct 21 13:50:50 adsl-s04 kernel: [  830.661066]  [<ffffffff816069e4>] kernel_thread_helper+0x4/0x10
Oct 21 13:50:50 adsl-s04 kernel: [  830.661068]  [<ffffffff81078030>] ? flush_kthread_worker+0x80/0x80
Oct 21 13:50:50 adsl-s04 kernel: [  830.661070]  [<ffffffff816069e0>] ? gs_change+0x13/0x13
Oct 21 13:50:50 adsl-s04 kernel: [  830.661071] Mem-Info:
Oct 21 13:50:50 adsl-s04 kernel: [  830.661072] Node 0 DMA per-cpu:
Oct 21 13:50:50 adsl-s04 kernel: [  830.661074] CPU    0: hi:    0, btch:   1 usd:   0
Oct 21 13:50:50 adsl-s04 kernel: [  830.661075] CPU    1: hi:    0, btch:   1 usd:   0
Oct 21 13:50:50 adsl-s04 kernel: [  830.661076] CPU    2: hi:    0, btch:   1 usd:   0
Oct 21 13:50:50 adsl-s04 kernel: [  830.661077] CPU    3: hi:    0, btch:   1 usd:   0
Oct 21 13:50:50 adsl-s04 kernel: [  830.661078] Node 0 DMA32 per-cpu:
Oct 21 13:50:50 adsl-s04 kernel: [  830.661079] CPU    0: hi:  186, btch:  31 usd:   0
Oct 21 13:50:50 adsl-s04 kernel: [  830.661080] CPU    1: hi:  186, btch:  31 usd: 179
Oct 21 13:50:50 adsl-s04 kernel: [  830.661081] CPU    2: hi:  186, btch:  31 usd:   0
Oct 21 13:50:50 adsl-s04 kernel: [  830.661082] CPU    3: hi:  186, btch:  31 usd:   0
Oct 21 13:50:50 adsl-s04 kernel: [  830.661083] Node 0 Normal per-cpu:
Oct 21 13:50:50 adsl-s04 kernel: [  830.661084] CPU    0: hi:  186, btch:  31 usd:   0
Oct 21 13:50:50 adsl-s04 kernel: [  830.661085] CPU    1: hi:  186, btch:  31 usd: 158
Oct 21 13:50:50 adsl-s04 kernel: [  830.661086] CPU    2: hi:  186, btch:  31 usd:  67
Oct 21 13:50:50 adsl-s04 kernel: [  830.661087] CPU    3: hi:  186, btch:  31 usd: 131
Oct 21 13:50:50 adsl-s04 kernel: [  830.661090] active_anon:61070 inactive_anon:57 isolated_anon:0
Oct 21 13:50:50 adsl-s04 kernel: [  830.661090]  active_file:577919 inactive_file:450505 isolated_file:0
Oct 21 13:50:50 adsl-s04 kernel: [  830.661091]  unevictable:0 dirty:181362 writeback:16053 unstable:0
Oct 21 13:50:50 adsl-s04 kernel: [  830.661091]  free:2774598 slab_reclaimable:41618 slab_unreclaimable:10592
Oct 21 13:50:50 adsl-s04 kernel: [  830.661092]  mapped:13188 shmem:368 pagetables:4709 bounce:0 mercurial free:2129920 mercurial used:23983 mercurial active:20784
Oct 21 13:50:50 adsl-s04 kernel: [  830.661093] Node 0 DMA free:15908kB min:64kB low:80kB high:96kB active_anon:0kB inactive_anon:0kB active_file:0kB inactive_file:0kB unevictable:0kB isolated(anon):0kB isolated(file):0kB present:15652kB mlocked:0kB dirty:0kB writeback:0kB mapped:0kB shmem:0kB slab_reclaimable:0kB slab_unreclaimable:0kB kernel_stack:0kB pagetables:0kB unstable:0kB bounce:0kB writeback_tmp:0kB pages_scanned:0 all_unreclaimable? yes
Oct 21 13:50:50 adsl-s04 kernel: [  830.661098] lowmem_reserve[]: 0 3406 15997 15997
Oct 21 13:50:50 adsl-s04 kernel: [  830.661100] Node 0 DMA32 free:669024kB min:14376kB low:17968kB high:21564kB active_anon:1452kB inactive_anon:0kB active_file:38784kB inactive_file:9632kB unevictable:0kB isolated(anon):0kB isolated(file):0kB present:3488736kB mlocked:0kB dirty:0kB writeback:0kB mapped:856kB shmem:0kB slab_reclaimable:4100kB slab_unreclaimable:448kB kernel_stack:8kB pagetables:68kB unstable:0kB bounce:0kB writeback_tmp:0kB pages_scanned:0 all_unreclaimable? no
Oct 21 13:50:50 adsl-s04 kernel: [  830.661105] lowmem_reserve[]: 0 0 12590 12590
Oct 21 13:50:50 adsl-s04 kernel: [  830.661107] Node 0 Normal free:10413460kB min:53136kB low:66420kB high:79704kB active_anon:242828kB inactive_anon:228kB active_file:2272892kB inactive_file:1792388kB unevictable:0kB isolated(anon):0kB isolated(file):0kB present:12892320kB mlocked:0kB dirty:725448kB writeback:64212kB mapped:51896kB shmem:1472kB slab_reclaimable:162372kB slab_unreclaimable:41920kB kernel_stack:2360kB pagetables:18768kB unstable:0kB bounce:0kB writeback_tmp:0kB pages_scanned:0 all_unreclaimable? no
Oct 21 13:50:50 adsl-s04 kernel: [  830.661112] lowmem_reserve[]: 0 0 0 0
Oct 21 13:50:50 adsl-s04 kernel: [  830.661114] Node 0 DMA: 1*4kB 0*8kB 0*16kB 1*32kB 2*64kB 1*128kB 1*256kB 0*512kB 1*1024kB 1*2048kB 1*4096kB 1*8192kB 0*16384kB 0*32768kB 0*65536kB 0*131072kB = 15908kB
Oct 21 13:50:50 adsl-s04 kernel: [  830.661120] Node 0 DMA32: 3003*4kB 3736*8kB 3565*16kB 2881*32kB 2079*64kB 1193*128kB 371*256kB 48*512kB 5*1024kB 3*2048kB 1*4096kB 3*8192kB 0*16384kB 1*32768kB 0*65536kB 0*131072kB = 669148kB
Oct 21 13:50:50 adsl-s04 kernel: [  830.661126] Node 0 Normal: 40311*4kB 17499*8kB 7743*16kB 5476*32kB 3761*64kB 2167*128kB 809*256kB 198*512kB 66*1024kB 17*2048kB 5*4096kB 4*8192kB 3*16384kB 2*32768kB 3*65536kB 0*131072kB = 1893860kB
Oct 21 13:50:50 adsl-s04 kernel: [  830.661132] 1028816 total pagecache pages
Oct 21 13:50:50 adsl-s04 kernel: [  830.687010] 4191728 pages RAM
Oct 21 13:50:50 adsl-s04 kernel: [  830.687019] 110163 pages reserved
Oct 21 13:50:50 adsl-s04 kernel: [  830.687020] 981009 pages shared
Oct 21 13:50:50 adsl-s04 kernel: [  830.687021] 381152 pages non-shared
Oct 21 13:50:50 adsl-s04 kernel: [  830.687022] Memory allocation failed.
Oct 21 13:50:50 adsl-s04 kernel: [  830.687122] zcache-resize: page allocation failure: order:15, mode:0x200da
Oct 21 13:50:50 adsl-s04 kernel: [  830.687124] Pid: 972, comm: zcache-resize Tainted: G         C O 3.4.1 #349
Oct 21 13:50:50 adsl-s04 kernel: [  830.687125] Call Trace:
Oct 21 13:50:50 adsl-s04 kernel: [  830.687131]  [<ffffffff8111c11b>] warn_alloc_failed+0xeb/0x150
Oct 21 13:50:50 adsl-s04 kernel: [  830.687134]  [<ffffffff8111ffb7>] __alloc_pages_nodemask+0x6b7/0x940
Oct 21 13:50:50 adsl-s04 kernel: [  830.687138]  [<ffffffff81152bf0>] alloc_pages_current+0xb0/0x120
Oct 21 13:50:50 adsl-s04 kernel: [  830.687141]  [<ffffffffa025305d>] zcache_reserve_coldmemory+0x1d/0x50 [mcache]
Oct 21 13:50:50 adsl-s04 kernel: [  830.687143]  [<ffffffffa02532de>] zcache_grab_unused_pool+0x3e/0xe0 [mcache]
Oct 21 13:50:50 adsl-s04 kernel: [  830.687145]  [<ffffffffa0253ddf>] zcache_resize+0x22f/0x3c0 [mcache]
Oct 21 13:50:50 adsl-s04 kernel: [  830.687148]  [<ffffffff815fbf37>] ? __schedule+0x3c7/0x7b0
Oct 21 13:50:50 adsl-s04 kernel: [  830.687151]  [<ffffffff81078690>] ? finish_wait+0x80/0x80
Oct 21 13:50:50 adsl-s04 kernel: [  830.687153]  [<ffffffffa0253bb0>] ? compact_memory+0xa0/0xa0 [mcache]
Oct 21 13:50:50 adsl-s04 kernel: [  830.687155]  [<ffffffff810780c3>] kthread+0x93/0xa0
Oct 21 13:50:50 adsl-s04 kernel: [  830.687158]  [<ffffffff816069e4>] kernel_thread_helper+0x4/0x10
Oct 21 13:50:50 adsl-s04 kernel: [  830.687160]  [<ffffffff81078030>] ? flush_kthread_worker+0x80/0x80
Oct 21 13:50:50 adsl-s04 kernel: [  830.687162]  [<ffffffff816069e0>] ? gs_change+0x13/0x13
Oct 21 13:50:50 adsl-s04 kernel: [  830.687163] Mem-Info:
Oct 21 13:50:50 adsl-s04 kernel: [  830.687164] Node 0 DMA per-cpu:
Oct 21 13:50:50 adsl-s04 kernel: [  830.687165] CPU    0: hi:    0, btch:   1 usd:   0
Oct 21 13:50:50 adsl-s04 kernel: [  830.687166] CPU    1: hi:    0, btch:   1 usd:   0
Oct 21 13:50:50 adsl-s04 kernel: [  830.687167] CPU    2: hi:    0, btch:   1 usd:   0
Oct 21 13:50:50 adsl-s04 kernel: [  830.687168] CPU    3: hi:    0, btch:   1 usd:   0
Oct 21 13:50:50 adsl-s04 kernel: [  830.687169] Node 0 DMA32 per-cpu:
Oct 21 13:50:50 adsl-s04 kernel: [  830.687170] CPU    0: hi:  186, btch:  31 usd:   0
Oct 21 13:50:50 adsl-s04 kernel: [  830.687171] CPU    1: hi:  186, btch:  31 usd:   0
Oct 21 13:50:50 adsl-s04 kernel: [  830.687172] CPU    2: hi:  186, btch:  31 usd:   0
Oct 21 13:50:50 adsl-s04 kernel: [  830.687173] CPU    3: hi:  186, btch:  31 usd:   0
Oct 21 13:50:50 adsl-s04 kernel: [  830.687174] Node 0 Normal per-cpu:
Oct 21 13:50:50 adsl-s04 kernel: [  830.687175] CPU    0: hi:  186, btch:  31 usd:   0
Oct 21 13:50:50 adsl-s04 kernel: [  830.687176] CPU    1: hi:  186, btch:  31 usd:  23
Oct 21 13:50:50 adsl-s04 kernel: [  830.687177] CPU    2: hi:  186, btch:  31 usd:   0
Oct 21 13:50:50 adsl-s04 kernel: [  830.687178] CPU    3: hi:  186, btch:  31 usd:   0
Oct 21 13:50:50 adsl-s04 kernel: [  830.687181] active_anon:61070 inactive_anon:57 isolated_anon:0
Oct 21 13:50:50 adsl-s04 kernel: [  830.687182]  active_file:570826 inactive_file:444686 isolated_file:0
Oct 21 13:50:50 adsl-s04 kernel: [  830.687182]  unevictable:0 dirty:181362 writeback:15469 unstable:0
Oct 21 13:50:50 adsl-s04 kernel: [  830.687183]  free:2788365 slab_reclaimable:41373 slab_unreclaimable:10592
Oct 21 13:50:50 adsl-s04 kernel: [  830.687183]  mapped:13188 shmem:368 pagetables:4709 bounce:0 mercurial free:2129920 mercurial used:24375 mercurial active:20903
Oct 21 13:50:50 adsl-s04 kernel: [  830.687185] Node 0 DMA free:15908kB min:64kB low:80kB high:96kB active_anon:0kB inactive_anon:0kB active_file:0kB inactive_file:0kB unevictable:0kB isolated(anon):0kB isolated(file):0kB present:15652kB mlocked:0kB dirty:0kB writeback:0kB mapped:0kB shmem:0kB slab_reclaimable:0kB slab_unreclaimable:0kB kernel_stack:0kB pagetables:0kB unstable:0kB bounce:0kB writeback_tmp:0kB pages_scanned:0 all_unreclaimable? yes
Oct 21 13:50:50 adsl-s04 kernel: [  830.687190] lowmem_reserve[]: 0 3406 15997 15997
Oct 21 13:50:50 adsl-s04 kernel: [  830.687192] Node 0 DMA32 free:670220kB min:14376kB low:17968kB high:21564kB active_anon:1452kB inactive_anon:0kB active_file:38636kB inactive_file:9484kB unevictable:0kB isolated(anon):0kB isolated(file):0kB present:3488736kB mlocked:0kB dirty:0kB writeback:0kB mapped:856kB shmem:0kB slab_reclaimable:4100kB slab_unreclaimable:448kB kernel_stack:8kB pagetables:68kB unstable:0kB bounce:0kB writeback_tmp:0kB pages_scanned:0 all_unreclaimable? no
Oct 21 13:50:50 adsl-s04 kernel: [  830.687197] lowmem_reserve[]: 0 0 12590 12590
Oct 21 13:50:50 adsl-s04 kernel: [  830.687199] Node 0 Normal free:10467332kB min:53136kB low:66420kB high:79704kB active_anon:242828kB inactive_anon:228kB active_file:2244668kB inactive_file:1769260kB unevictable:0kB isolated(anon):0kB isolated(file):0kB present:12892320kB mlocked:0kB dirty:725448kB writeback:61876kB mapped:51896kB shmem:1472kB slab_reclaimable:161392kB slab_unreclaimable:41920kB kernel_stack:2360kB pagetables:18768kB unstable:0kB bounce:0kB writeback_tmp:0kB pages_scanned:0 all_unreclaimable? no
Oct 21 13:50:50 adsl-s04 kernel: [  830.687205] lowmem_reserve[]: 0 0 0 0
Oct 21 13:50:50 adsl-s04 kernel: [  830.687207] Node 0 DMA: 1*4kB 0*8kB 0*16kB 1*32kB 2*64kB 1*128kB 1*256kB 0*512kB 1*1024kB 1*2048kB 1*4096kB 1*8192kB 0*16384kB 0*32768kB 0*65536kB 0*131072kB = 15908kB
Oct 21 13:50:50 adsl-s04 kernel: [  830.687213] Node 0 DMA32: 2943*4kB 3680*8kB 3503*16kB 2851*32kB 2087*64kB 1200*128kB 374*256kB 51*512kB 5*1024kB 3*2048kB 1*4096kB 3*8192kB 0*16384kB 1*32768kB 0*65536kB 0*131072kB = 670220kB
Oct 21 13:50:50 adsl-s04 kernel: [  830.687219] Node 0 Normal: 45869*4kB 19321*8kB 8676*16kB 5513*32kB 3767*64kB 2167*128kB 808*256kB 197*512kB 67*1024kB 17*2048kB 5*4096kB 4*8192kB 3*16384kB 2*32768kB 3*65536kB 0*131072kB = 1947420kB
Oct 21 13:50:50 adsl-s04 kernel: [  830.687226] 1015913 total pagecache pages
Oct 21 13:50:50 adsl-s04 kernel: [  830.712663] 4191728 pages RAM
Oct 21 13:50:50 adsl-s04 kernel: [  830.712665] 110163 pages reserved
Oct 21 13:50:50 adsl-s04 kernel: [  830.712666] 956589 pages shared
Oct 21 13:50:50 adsl-s04 kernel: [  830.712666] 380398 pages non-shared
Oct 21 13:50:50 adsl-s04 kernel: [  830.712668] Memory allocation failed.
Oct 21 13:50:50 adsl-s04 kernel: [  830.712749] Memory allocation failed.
Oct 21 13:50:50 adsl-s04 kernel: [  830.712794] Memory allocation failed.
Oct 21 13:50:50 adsl-s04 kernel: [  830.712827] Memory allocation failed.
Oct 21 13:50:50 adsl-s04 kernel: [  831.024827] Memory allocation failed.
Oct 21 13:50:50 adsl-s04 kernel: [  831.024934] Memory allocation failed.
Oct 21 13:50:50 adsl-s04 kernel: [  831.024970] Memory allocation failed.
Oct 21 13:50:50 adsl-s04 kernel: [  831.025011] Memory allocation failed.
Oct 21 13:50:50 adsl-s04 kernel: [  831.025046] Memory allocation failed.
Oct 21 13:50:50 adsl-s04 kernel: [  831.155492] Memory allocation failed.
Oct 21 13:50:50 adsl-s04 kernel: [  831.155604] Memory allocation failed.
Oct 21 13:50:50 adsl-s04 kernel: [  831.155635] Memory allocation failed.
Oct 21 13:50:50 adsl-s04 kernel: [  831.155666] Memory allocation failed.
Oct 21 13:50:50 adsl-s04 kernel: [  831.155696] Memory allocation failed.
Oct 21 13:50:50 adsl-s04 kernel: [  831.206567] Memory allocation failed.
Oct 21 13:50:50 adsl-s04 kernel: [  831.206701] Memory allocation failed.
Oct 21 13:50:50 adsl-s04 kernel: [  831.206739] Memory allocation failed.
Oct 21 13:50:50 adsl-s04 kernel: [  831.206773] Memory allocation failed.
Oct 21 13:50:50 adsl-s04 kernel: [  831.206849] Memory allocation failed.
Oct 21 13:50:50 adsl-s04 kernel: [  831.256269] Memory allocation failed.
Oct 21 13:50:50 adsl-s04 kernel: [  831.256380] Memory allocation failed.
Oct 21 13:50:50 adsl-s04 kernel: [  831.256411] Memory allocation failed.
Oct 21 13:50:50 adsl-s04 kernel: [  831.256443] Memory allocation failed.
Oct 21 13:50:50 adsl-s04 kernel: [  831.256472] Memory allocation failed.
Oct 21 13:50:50 adsl-s04 kernel: [  831.313974] some pre-emptive eviction.
Oct 21 13:50:50 adsl-s04 kernel: [  831.313978] ------------[ cut here ]------------
Oct 21 13:50:50 adsl-s04 kernel: [  831.313983] WARNING: at kernel/softirq.c:159 local_bh_enable_ip+0x7a/0xa0()
Oct 21 13:50:50 adsl-s04 kernel: [  831.313984] Hardware name: To be filled by O.E.M.
Oct 21 13:50:50 adsl-s04 kernel: [  831.313986] Modules linked in: mcache(O) bnep bluetooth rfkill snd_hda_codec_hdmi snd_hda_codec_via ppdev coretemp crc32c_intel ghash_clmulni_intel microcode pcspkr serio_raw iTCO_wdt iTCO_vendor_support i2c_i801 atl1c snd_hda_intel snd_hda_codec mei(C) snd_hwdep snd_pcm snd_page_alloc snd_timer snd soundcore parport_pc parport uinput i915 video i2c_algo_bit drm_kms_helper drm i2c_core [last unloaded: scsi_wait_scan]
Oct 21 13:50:50 adsl-s04 kernel: [  831.314004] Pid: 54, comm: kswapd0 Tainted: G         C O 3.4.1 #349
Oct 21 13:50:50 adsl-s04 kernel: [  831.314005] Call Trace:
Oct 21 13:50:50 adsl-s04 kernel: [  831.314010]  [<ffffffff8105681f>] warn_slowpath_common+0x7f/0xc0
Oct 21 13:50:50 adsl-s04 kernel: [  831.314012]  [<ffffffff8105687a>] warn_slowpath_null+0x1a/0x20
Oct 21 13:50:50 adsl-s04 kernel: [  831.314014]  [<ffffffff8105d75a>] local_bh_enable_ip+0x7a/0xa0
Oct 21 13:50:50 adsl-s04 kernel: [  831.314017]  [<ffffffff815fd6b5>] _raw_spin_unlock_bh+0x15/0x20
Oct 21 13:50:50 adsl-s04 kernel: [  831.314020]  [<ffffffff814c0c40>] zbud_evict_pages+0x60/0x1b0
Oct 21 13:50:50 adsl-s04 kernel: [  831.314023]  [<ffffffffa02531e8>] zcache_get_coldmempage+0x158/0x180 [mcache]
Oct 21 13:50:50 adsl-s04 kernel: [  831.314024]  [<ffffffff814c0ed8>] zcache_cleancache_put_page+0x148/0x370
Oct 21 13:50:50 adsl-s04 kernel: [  831.314028]  [<ffffffff8116eebc>] __cleancache_put_page+0x7c/0x90
Oct 21 13:50:50 adsl-s04 kernel: [  831.314031]  [<ffffffff81117d8f>] __delete_from_page_cache+0x13f/0x160
Oct 21 13:50:50 adsl-s04 kernel: [  831.314035]  [<ffffffff81128b4a>] __remove_mapping+0x7a/0xe0
Oct 21 13:50:50 adsl-s04 kernel: [  831.314036]  [<ffffffff81128e96>] remove_mapping+0x16/0x50
Oct 21 13:50:50 adsl-s04 kernel: [  831.314038]  [<ffffffff8112477a>] invalidate_inode_page+0x8a/0xa0
Oct 21 13:50:50 adsl-s04 kernel: [  831.314040]  [<ffffffff81124944>] invalidate_mapping_pages+0xf4/0x180
Oct 21 13:50:50 adsl-s04 kernel: [  831.314043]  [<ffffffff812b219d>] ? _atomic_dec_and_lock+0x4d/0x70
Oct 21 13:50:50 adsl-s04 kernel: [  831.314047]  [<ffffffff8118b872>] prune_icache_sb+0x2e2/0x340
Oct 21 13:50:50 adsl-s04 kernel: [  831.314049]  [<ffffffff8117467b>] prune_super+0x15b/0x1b0
Oct 21 13:50:50 adsl-s04 kernel: [  831.314051]  [<ffffffff81128cf9>] shrink_slab+0x149/0x2d0
Oct 21 13:50:50 adsl-s04 kernel: [  831.314053]  [<ffffffff8112b8bf>] balance_pgdat+0x58f/0x710
Oct 21 13:50:50 adsl-s04 kernel: [  831.314055]  [<ffffffff8112bbaa>] kswapd+0x16a/0x3b0
Oct 21 13:50:50 adsl-s04 kernel: [  831.314058]  [<ffffffff81078690>] ? finish_wait+0x80/0x80
Oct 21 13:50:50 adsl-s04 kernel: [  831.314059]  [<ffffffff8112ba40>] ? balance_pgdat+0x710/0x710
Oct 21 13:50:50 adsl-s04 kernel: [  831.314061]  [<ffffffff810780c3>] kthread+0x93/0xa0
Oct 21 13:50:50 adsl-s04 kernel: [  831.314064]  [<ffffffff816069e4>] kernel_thread_helper+0x4/0x10
Oct 21 13:50:50 adsl-s04 kernel: [  831.314066]  [<ffffffff81078030>] ? flush_kthread_worker+0x80/0x80
Oct 21 13:50:50 adsl-s04 kernel: [  831.314068]  [<ffffffff816069e0>] ? gs_change+0x13/0x13
Oct 21 13:50:50 adsl-s04 kernel: [  831.314069] ---[ end trace dd94ea9cd471570b ]---
Oct 21 13:50:50 adsl-s04 kernel: [  831.327000] Memory allocation failed.
Oct 21 13:50:50 adsl-s04 kernel: [  831.327086] Memory allocation failed.
Oct 21 13:50:50 adsl-s04 kernel: [  831.327126] Memory allocation failed.
Oct 21 13:50:50 adsl-s04 kernel: [  831.327157] Memory allocation failed.
Oct 21 13:50:50 adsl-s04 kernel: [  831.327190] Memory allocation failed.
Oct 21 13:50:50 adsl-s04 kernel: [  831.487689] Memory allocation failed.
Oct 21 13:50:50 adsl-s04 kernel: [  831.487775] Memory allocation failed.
Oct 21 13:50:50 adsl-s04 kernel: [  831.487808] Memory allocation failed.
Oct 21 13:50:50 adsl-s04 kernel: [  831.487841] Memory allocation failed.
Oct 21 13:50:50 adsl-s04 kernel: [  831.487870] Memory allocation failed.
Oct 21 13:50:51 adsl-s04 kernel: [  831.657200] Memory allocation failed.
Oct 21 13:50:51 adsl-s04 kernel: [  831.657287] Memory allocation failed.
Oct 21 13:50:51 adsl-s04 kernel: [  831.657316] Memory allocation failed.
Oct 21 13:50:51 adsl-s04 kernel: [  831.657346] Memory allocation failed.
Oct 21 13:50:51 adsl-s04 kernel: [  831.657375] Memory allocation failed.
Oct 21 13:50:51 adsl-s04 kernel: [  831.823712] Memory allocation failed.
Oct 21 13:50:51 adsl-s04 kernel: [  831.823796] Memory allocation failed.
Oct 21 13:50:51 adsl-s04 kernel: [  831.823833] Memory allocation failed.
Oct 21 13:50:51 adsl-s04 kernel: [  831.823864] Memory allocation failed.
Oct 21 13:50:51 adsl-s04 kernel: [  831.823900] Memory allocation failed.
Oct 21 13:50:51 adsl-s04 kernel: [  831.920125] Memory allocation failed.
Oct 21 13:50:51 adsl-s04 kernel: [  831.920179] Memory allocation failed.
Oct 21 13:50:51 adsl-s04 kernel: [  831.920210] Memory allocation failed.
Oct 21 13:50:51 adsl-s04 kernel: [  831.920240] Memory allocation failed.
Oct 21 13:50:51 adsl-s04 kernel: [  831.920270] Memory allocation failed.
Oct 21 13:50:51 adsl-s04 kernel: [  831.986131] Memory allocation failed.
Oct 21 13:50:51 adsl-s04 kernel: [  831.986184] Memory allocation failed.
Oct 21 13:50:51 adsl-s04 kernel: [  831.986217] Memory allocation failed.
Oct 21 13:50:51 adsl-s04 kernel: [  831.986250] Memory allocation failed.
Oct 21 13:50:51 adsl-s04 kernel: [  831.986283] Memory allocation failed.
Oct 21 13:50:51 adsl-s04 kernel: [  831.986284] zcache:page cache evicted..
Oct 21 13:50:51 adsl-s04 kernel: [  831.986286] low:high:copy:total 65:63:123
Oct 21 13:51:06 adsl-s04 kernel: [  846.986746] Will disable refresh for 00000002e8000000 of size 134217728.
Oct 21 13:51:06 adsl-s04 kernel: [  846.986749] In pasr_addr2section for address ffffffff814bed00 total sections (8).
Oct 21 13:51:06 adsl-s04 kernel: [  846.986751] pasr_update_mask(): Stop refresh section 0xe8000000. Die11 mem_reg = 0x20
Oct 21 13:51:06 adsl-s04 kernel: [  846.986752] Applied mask .
Oct 21 13:51:06 adsl-s04 kernel: [  846.986752] alloc'ed mercurial pool 1 
Oct 21 13:51:06 adsl-s04 kernel: [  846.987045] low:high:copy:total 66:62:30
Oct 21 13:51:21 adsl-s04 kernel: [  862.006213] Will disable refresh for 00000002f0000000 of size 134217728.
Oct 21 13:51:21 adsl-s04 kernel: [  862.006216] In pasr_addr2section for address ffffffff814bed00 total sections (8).
Oct 21 13:51:21 adsl-s04 kernel: [  862.006218] pasr_update_mask(): Stop refresh section 0xf0000000. Die11 mem_reg = 0x60
Oct 21 13:51:21 adsl-s04 kernel: [  862.006219] Applied mask .
Oct 21 13:51:21 adsl-s04 kernel: [  862.006220] alloc'ed mercurial pool 2 
Oct 21 13:51:21 adsl-s04 kernel: [  862.006517] low:high:copy:total 67:61:0
Oct 21 13:51:36 adsl-s04 kernel: [  877.226607] warn_alloc_failed: 53 callbacks suppressed
Oct 21 13:51:36 adsl-s04 kernel: [  877.226609] zcache-resize: page allocation failure: order:15, mode:0x200da
Oct 21 13:51:36 adsl-s04 kernel: [  877.226611] Pid: 972, comm: zcache-resize Tainted: G        WC O 3.4.1 #349
Oct 21 13:51:36 adsl-s04 kernel: [  877.226613] Call Trace:
Oct 21 13:51:36 adsl-s04 kernel: [  877.226619]  [<ffffffff8111c11b>] warn_alloc_failed+0xeb/0x150
Oct 21 13:51:36 adsl-s04 kernel: [  877.226623]  [<ffffffff815f4b11>] ? __alloc_pages_direct_compact+0x17f/0x191
Oct 21 13:51:36 adsl-s04 kernel: [  877.226625]  [<ffffffff8111ffb7>] __alloc_pages_nodemask+0x6b7/0x940
Oct 21 13:51:36 adsl-s04 kernel: [  877.226629]  [<ffffffff8101258b>] ? __switch_to+0x12b/0x420
Oct 21 13:51:36 adsl-s04 kernel: [  877.226632]  [<ffffffff81085228>] ? finish_task_switch+0xa8/0xe0
Oct 21 13:51:36 adsl-s04 kernel: [  877.226635]  [<ffffffff81152bf0>] alloc_pages_current+0xb0/0x120
Oct 21 13:51:36 adsl-s04 kernel: [  877.226638]  [<ffffffffa025305d>] zcache_reserve_coldmemory+0x1d/0x50 [mcache]
Oct 21 13:51:36 adsl-s04 kernel: [  877.226640]  [<ffffffffa02532de>] zcache_grab_unused_pool+0x3e/0xe0 [mcache]
Oct 21 13:51:36 adsl-s04 kernel: [  877.226642]  [<ffffffffa0253ddf>] zcache_resize+0x22f/0x3c0 [mcache]
Oct 21 13:51:36 adsl-s04 kernel: [  877.226645]  [<ffffffff815fbf37>] ? __schedule+0x3c7/0x7b0
Oct 21 13:51:36 adsl-s04 kernel: [  877.226647]  [<ffffffff81078690>] ? finish_wait+0x80/0x80
Oct 21 13:51:36 adsl-s04 kernel: [  877.226649]  [<ffffffffa0253bb0>] ? compact_memory+0xa0/0xa0 [mcache]
Oct 21 13:51:36 adsl-s04 kernel: [  877.226651]  [<ffffffff810780c3>] kthread+0x93/0xa0
Oct 21 13:51:36 adsl-s04 kernel: [  877.226654]  [<ffffffff816069e4>] kernel_thread_helper+0x4/0x10
Oct 21 13:51:36 adsl-s04 kernel: [  877.226656]  [<ffffffff81078030>] ? flush_kthread_worker+0x80/0x80
Oct 21 13:51:36 adsl-s04 kernel: [  877.226658]  [<ffffffff816069e0>] ? gs_change+0x13/0x13
Oct 21 13:51:36 adsl-s04 kernel: [  877.226658] Mem-Info:
Oct 21 13:51:36 adsl-s04 kernel: [  877.226659] Node 0 DMA per-cpu:
Oct 21 13:51:36 adsl-s04 kernel: [  877.226661] CPU    0: hi:    0, btch:   1 usd:   0
Oct 21 13:51:36 adsl-s04 kernel: [  877.226662] CPU    1: hi:    0, btch:   1 usd:   0
Oct 21 13:51:36 adsl-s04 kernel: [  877.226663] CPU    2: hi:    0, btch:   1 usd:   0
Oct 21 13:51:36 adsl-s04 kernel: [  877.226664] CPU    3: hi:    0, btch:   1 usd:   0
Oct 21 13:51:36 adsl-s04 kernel: [  877.226665] Node 0 DMA32 per-cpu:
Oct 21 13:51:36 adsl-s04 kernel: [  877.226666] CPU    0: hi:  186, btch:  31 usd:   0
Oct 21 13:51:36 adsl-s04 kernel: [  877.226667] CPU    1: hi:  186, btch:  31 usd:   0
