Oct 21 15:07:00 adsl-s04 kernel: [   55.941786] Memory allocation failed.
Oct 21 15:07:00 adsl-s04 kernel: [   55.963754] Memory allocation failed.
Oct 21 15:07:00 adsl-s04 kernel: [   55.963855] Memory allocation failed.
Oct 21 15:07:00 adsl-s04 kernel: [   55.963968] Memory allocation failed.
Oct 21 15:07:00 adsl-s04 kernel: [   55.964088] Memory allocation failed.
Oct 21 15:07:00 adsl-s04 kernel: [   55.964184] Memory allocation failed.
Oct 21 15:07:00 adsl-s04 kernel: [   55.986171] Memory allocation failed.
Oct 21 15:07:00 adsl-s04 kernel: [   55.986174] ****LAST WATERMARK SET AS 281636 .
Oct 21 15:07:00 adsl-s04 kernel: [   55.986176] low:high:copy:total 109:19:0
Oct 21 15:07:15 adsl-s04 kernel: [   70.986570] low:high:copy:total 109:19:0
Oct 21 15:07:30 adsl-s04 kernel: [   85.987194] low:high:copy:total 109:19:0
Oct 21 15:07:41 adsl-s04 gnome-session[740]: DEBUG(+): GsmDBusClient: obj_path=/org/gnome/SessionManager interface=org.gnome.SessionManager method=IsInhibited
Oct 21 15:07:41 adsl-s04 gnome-session[740]: DEBUG(+): GsmDBusClient: obj_path=/org/gnome/SessionManager interface=org.gnome.SessionManager method=IsInhibited
Oct 21 15:07:45 adsl-s04 kernel: [  100.987749] low:high:copy:total 109:19:0
Oct 21 15:08:00 adsl-s04 kernel: [  115.988367] zcache_resize..will free pages.
Oct 21 15:08:00 adsl-s04 kernel: [  115.988703] In pasr_addr2section for address ffffffff814bed00 total sections (8).
Oct 21 15:08:00 adsl-s04 kernel: [  115.988707] pasr_update_mask(): Start refresh section 0xb8000000. Die14 mem_reg = 0x7f
Oct 21 15:08:00 adsl-s04 kernel: [  115.988708] Applied mask .
Oct 21 15:08:00 adsl-s04 kernel: [  115.988910] freed mercurial pool 0 
Oct 21 15:08:00 adsl-s04 kernel: [  115.988912] low:high:copy:total 108:20:0
Oct 21 15:08:15 adsl-s04 kernel: [  130.988980] zcache_resize..will free pages.
Oct 21 15:08:15 adsl-s04 kernel: [  130.989384] In pasr_addr2section for address ffffffff814bed00 total sections (8).
Oct 21 15:08:15 adsl-s04 kernel: [  130.989388] pasr_update_mask(): Start refresh section 0xb0000000. Die14 mem_reg = 0x3f
Oct 21 15:08:15 adsl-s04 kernel: [  130.989389] Applied mask .
Oct 21 15:08:15 adsl-s04 kernel: [  130.989582] freed mercurial pool 1 
Oct 21 15:08:15 adsl-s04 kernel: [  130.989584] low:high:copy:total 107:21:0
Oct 21 15:08:30 adsl-s04 kernel: [  145.989599] zcache_resize..will free pages.
Oct 21 15:08:30 adsl-s04 kernel: [  145.989976] In pasr_addr2section for address ffffffff814bed00 total sections (8).
Oct 21 15:08:30 adsl-s04 kernel: [  145.989979] pasr_update_mask(): Start refresh section 0xa8000000. Die14 mem_reg = 0x1f
Oct 21 15:08:30 adsl-s04 kernel: [  145.989980] Applied mask .
Oct 21 15:08:30 adsl-s04 kernel: [  145.990181] freed mercurial pool 2 
Oct 21 15:08:30 adsl-s04 kernel: [  145.990184] low:high:copy:total 106:22:0
Oct 21 15:08:45 adsl-s04 kernel: [  160.990209] zcache_resize..will free pages.
Oct 21 15:08:45 adsl-s04 kernel: [  160.990565] In pasr_addr2section for address ffffffff814bed00 total sections (8).
Oct 21 15:08:45 adsl-s04 kernel: [  160.990568] pasr_update_mask(): Start refresh section 0xa0000000. Die14 mem_reg = 0x0f
Oct 21 15:08:45 adsl-s04 kernel: [  160.990569] Applied mask .
Oct 21 15:08:45 adsl-s04 kernel: [  160.990754] freed mercurial pool 3 
Oct 21 15:08:45 adsl-s04 kernel: [  160.990757] low:high:copy:total 105:23:0
Oct 21 15:09:00 adsl-s04 kernel: [  175.990826] low:high:copy:total 105:23:0
Oct 21 15:09:15 adsl-s04 kernel: [  190.991439] low:high:copy:total 105:23:0
Oct 21 15:09:30 adsl-s04 kernel: [  205.992056] low:high:copy:total 105:23:0
Oct 21 15:09:45 adsl-s04 kernel: [  220.992672] low:high:copy:total 105:23:0
Oct 21 15:10:00 adsl-s04 kernel: [  235.993282] low:high:copy:total 105:23:0
Oct 21 15:10:15 adsl-s04 kernel: [  250.993902] low:high:copy:total 105:23:0
Oct 21 15:10:30 adsl-s04 kernel: [  265.994511] zcache_resize..will free pages.
Oct 21 15:10:30 adsl-s04 kernel: [  265.994867] In pasr_addr2section for address ffffffff814bed00 total sections (8).
Oct 21 15:10:30 adsl-s04 kernel: [  265.994869] pasr_update_mask(): Start refresh section 0x98000000. Die14 mem_reg = 0x07
Oct 21 15:10:30 adsl-s04 kernel: [  265.994870] Applied mask .
Oct 21 15:10:30 adsl-s04 kernel: [  265.995061] freed mercurial pool 4 
Oct 21 15:10:30 adsl-s04 kernel: [  265.995063] low:high:copy:total 104:24:0
Oct 21 15:10:45 adsl-s04 kernel: [  280.995125] zcache_resize..will free pages.
Oct 21 15:10:45 adsl-s04 kernel: [  280.995451] In pasr_addr2section for address ffffffff814bed00 total sections (8).
Oct 21 15:10:45 adsl-s04 kernel: [  280.995454] pasr_update_mask(): Start refresh section 0x90000000. Die14 mem_reg = 0x03
Oct 21 15:10:45 adsl-s04 kernel: [  280.995455] Applied mask .
Oct 21 15:10:45 adsl-s04 kernel: [  280.995654] freed mercurial pool 5 
Oct 21 15:10:45 adsl-s04 kernel: [  280.995657] low:high:copy:total 103:25:0
Oct 21 15:11:00 adsl-s04 kernel: [  295.995743] low:high:copy:total 103:25:0
Oct 21 15:11:15 adsl-s04 kernel: [  310.996355] low:high:copy:total 103:25:0
Oct 21 15:11:30 adsl-s04 kernel: [  325.996968] low:high:copy:total 103:25:0
Oct 21 15:11:45 adsl-s04 kernel: [  340.997584] low:high:copy:total 103:25:0
Oct 21 15:12:00 adsl-s04 kernel: [  355.998195] low:high:copy:total 103:25:0
Oct 21 15:12:15 adsl-s04 kernel: [  370.998816] low:high:copy:total 103:25:0
Oct 21 15:12:30 adsl-s04 kernel: [  385.999437] low:high:copy:total 103:25:0
Oct 21 15:12:45 adsl-s04 kernel: [  401.000049] low:high:copy:total 103:25:0
Oct 21 15:13:00 adsl-s04 kernel: [  416.000659] low:high:copy:total 103:25:0
Oct 21 15:13:15 adsl-s04 kernel: [  431.001269] low:high:copy:total 103:25:0
Oct 21 15:13:30 adsl-s04 kernel: [  446.001889] low:high:copy:total 103:25:0
Oct 21 15:13:45 adsl-s04 kernel: [  461.002497] low:high:copy:total 103:25:0
Oct 21 15:14:00 adsl-s04 kernel: [  476.003111] low:high:copy:total 103:25:0
Oct 21 15:14:15 adsl-s04 kernel: [  491.003729] low:high:copy:total 103:25:0
Oct 21 15:14:30 adsl-s04 kernel: [  506.004344] low:high:copy:total 103:25:0
Oct 21 15:14:45 adsl-s04 kernel: [  521.004961] zcache_resize..will free pages.
Oct 21 15:14:45 adsl-s04 kernel: [  521.005320] In pasr_addr2section for address ffffffff814bed00 total sections (8).
Oct 21 15:14:45 adsl-s04 kernel: [  521.005322] pasr_update_mask(): Start refresh section 0x88000000. Die14 mem_reg = 0x01
Oct 21 15:14:45 adsl-s04 kernel: [  521.005323] Applied mask .
Oct 21 15:14:45 adsl-s04 kernel: [  521.005522] freed mercurial pool 6 
Oct 21 15:14:45 adsl-s04 kernel: [  521.005524] low:high:copy:total 102:26:0
Oct 21 15:15:00 adsl-s04 kernel: [  536.005572] low:high:copy:total 102:26:0
Oct 21 15:15:15 adsl-s04 kernel: [  551.006200] low:high:copy:total 102:26:0
Oct 21 15:15:30 adsl-s04 kernel: [  566.006795] low:high:copy:total 102:26:0
Oct 21 15:15:45 adsl-s04 kernel: [  581.007415] low:high:copy:total 102:26:0
Oct 21 15:16:00 adsl-s04 kernel: [  596.008041] low:high:copy:total 102:26:0
Oct 21 15:16:11 adsl-s04 gnome-session[740]: DEBUG(+): Searching for 4194307 in 4194307,4194308
Oct 21 15:16:11 adsl-s04 gnome-session[740]: DEBUG(+): Watch 1 fired, idle time = 600011
Oct 21 15:16:11 adsl-s04 gnome-session[740]: DEBUG(+): GsmPresence: setting idle: 1
Oct 21 15:16:11 adsl-s04 gnome-session[740]: DEBUG(+): Using systemd for session tracking
Oct 21 15:16:11 adsl-s04 gnome-session[740]: DEBUG(+): Updating systemd idle status: 1
Oct 21 15:16:11 adsl-s04 gnome-session[740]: DEBUG(+): GsmDBusClient: obj_path=/org/gnome/SessionManager interface=org.gnome.SessionManager method=IsInhibited
Oct 21 15:16:11 adsl-s04 gnome-session[740]: DEBUG(+): GsmDBusClient: obj_path=/org/gnome/SessionManager interface=org.gnome.SessionManager method=IsInhibited
Oct 21 15:16:11 adsl-s04 dbus-daemon[543]: dbus[543]: [system] Rejected send message, 2 matched rules; type="method_return", sender=":1.3" (uid=0 pid=536 comm="/usr/lib/systemd/systemd-logind ") interface="(unset)" member="(unset)" error name="(unset)" requested_reply="0" destination=":1.21" (uid=42 pid=740 comm="/usr/bin/gnome-session -f --debug ")
Oct 21 15:16:11 adsl-s04 dbus[543]: [system] Rejected send message, 2 matched rules; type="method_return", sender=":1.3" (uid=0 pid=536 comm="/usr/lib/systemd/systemd-logind ") interface="(unset)" member="(unset)" error name="(unset)" requested_reply="0" destination=":1.21" (uid=42 pid=740 comm="/usr/bin/gnome-session -f --debug ")
Oct 21 15:16:15 adsl-s04 kernel: [  611.008640] low:high:copy:total 102:26:0
Oct 21 15:16:30 adsl-s04 kernel: [  626.009254] low:high:copy:total 102:26:0
Oct 21 15:16:45 adsl-s04 kernel: [  641.009870] zcache_resize..will free pages.
Oct 21 15:16:45 adsl-s04 kernel: [  641.010194] In pasr_addr2section for address ffffffff814bed00 total sections (8).
Oct 21 15:16:45 adsl-s04 kernel: [  641.010197] pasr_update_mask(): Start refresh section 0x80000000. Die14 mem_reg = 0x00
Oct 21 15:16:45 adsl-s04 kernel: [  641.010198] Applied mask .
Oct 21 15:16:45 adsl-s04 kernel: [  641.010396] freed mercurial pool 7 
Oct 21 15:16:45 adsl-s04 kernel: [  641.010398] low:high:copy:total 101:27:0
Oct 21 15:17:00 adsl-s04 kernel: [  656.010483] low:high:copy:total 101:27:0
Oct 21 15:17:15 adsl-s04 kernel: [  671.011106] low:high:copy:total 101:27:0
Oct 21 15:17:30 adsl-s04 kernel: [  686.011900] Will disable refresh for 0000000380000000 of size 134217728.
Oct 21 15:17:30 adsl-s04 kernel: [  686.011903] In pasr_addr2section for address ffffffff814bed00 total sections (8).
Oct 21 15:17:30 adsl-s04 kernel: [  686.011905] pasr_update_mask(): Stop refresh section 0x80000000. Die14 mem_reg = 0x01
Oct 21 15:17:30 adsl-s04 kernel: [  686.011906] Applied mask .
Oct 21 15:17:30 adsl-s04 kernel: [  686.011907] alloc'ed mercurial pool 0 
Oct 21 15:17:30 adsl-s04 kernel: [  686.012232] low:high:copy:total 102:26:0
Oct 21 15:17:45 adsl-s04 kernel: [  701.012331] low:high:copy:total 102:26:0
Oct 21 15:18:00 adsl-s04 kernel: [  716.012953] low:high:copy:total 102:26:0
Oct 21 15:18:15 adsl-s04 kernel: [  731.013560] low:high:copy:total 102:26:0
Oct 21 15:18:30 adsl-s04 kernel: [  746.014172] low:high:copy:total 102:26:0
Oct 21 15:18:45 adsl-s04 kernel: [  761.014785] low:high:copy:total 102:26:0
Oct 21 15:19:00 adsl-s04 kernel: [  776.015402] low:high:copy:total 102:26:0
Oct 21 15:19:15 adsl-s04 kernel: [  791.016014] low:high:copy:total 102:26:0
Oct 21 15:19:30 adsl-s04 kernel: [  806.016633] low:high:copy:total 102:26:0
Oct 21 15:19:45 adsl-s04 kernel: [  821.017247] low:high:copy:total 102:26:0
Oct 21 15:20:00 adsl-s04 kernel: [  836.017859] low:high:copy:total 102:26:0
Oct 21 15:20:15 adsl-s04 kernel: [  851.018476] low:high:copy:total 102:26:0
Oct 21 15:20:30 adsl-s04 kernel: [  866.019088] low:high:copy:total 102:26:0
Oct 21 15:20:45 adsl-s04 kernel: [  881.019702] low:high:copy:total 102:26:0
Oct 21 15:21:00 adsl-s04 kernel: [  896.020317] low:high:copy:total 102:26:0
Oct 21 15:21:04 adsl-s04 systemd-tmpfile[4410]: Successfully loaded SELinux database in 11ms 56us, size on heap is 535K.
Oct 21 15:21:15 adsl-s04 kernel: [  911.022741] low:high:copy:total 102:26:0
Oct 21 15:21:30 adsl-s04 kernel: [  926.022542] low:high:copy:total 102:26:0
Oct 21 15:21:45 adsl-s04 kernel: [  941.023162] low:high:copy:total 102:26:0
Oct 21 15:22:00 adsl-s04 kernel: [  956.023766] low:high:copy:total 102:26:0
Oct 21 15:22:15 adsl-s04 kernel: [  971.024380] low:high:copy:total 102:26:0
Oct 21 15:22:30 adsl-s04 kernel: [  986.025083] low:high:copy:total 102:26:0
Oct 21 15:22:45 adsl-s04 kernel: [ 1001.025663] low:high:copy:total 102:26:0
Oct 21 15:23:00 adsl-s04 kernel: [ 1016.026236] low:high:copy:total 102:26:0
Oct 21 15:23:15 adsl-s04 kernel: [ 1031.027031] warn_alloc_failed: 26 callbacks suppressed
Oct 21 15:23:15 adsl-s04 kernel: [ 1031.027033] zcache-resize: page allocation failure: order:15, mode:0x200da
Oct 21 15:23:15 adsl-s04 kernel: [ 1031.027035] Pid: 2328, comm: zcache-resize Tainted: G         C O 3.4.1 #349
Oct 21 15:23:15 adsl-s04 kernel: [ 1031.027036] Call Trace:
Oct 21 15:23:15 adsl-s04 kernel: [ 1031.027043]  [<ffffffff8111c11b>] warn_alloc_failed+0xeb/0x150
Oct 21 15:23:15 adsl-s04 kernel: [ 1031.027046]  [<ffffffff8111ffb7>] __alloc_pages_nodemask+0x6b7/0x940
Oct 21 15:23:15 adsl-s04 kernel: [ 1031.027050]  [<ffffffff8101258b>] ? __switch_to+0x12b/0x420
Oct 21 15:23:15 adsl-s04 kernel: [ 1031.027054]  [<ffffffff81085228>] ? finish_task_switch+0xa8/0xe0
Oct 21 15:23:15 adsl-s04 kernel: [ 1031.027057]  [<ffffffff81152bf0>] alloc_pages_current+0xb0/0x120
Oct 21 15:23:15 adsl-s04 kernel: [ 1031.027060]  [<ffffffffa026c05d>] zcache_reserve_coldmemory+0x1d/0x50 [mcache]
Oct 21 15:23:15 adsl-s04 kernel: [ 1031.027062]  [<ffffffffa026c2de>] zcache_grab_unused_pool+0x3e/0xe0 [mcache]
Oct 21 15:23:15 adsl-s04 kernel: [ 1031.027064]  [<ffffffffa026cddf>] zcache_resize+0x22f/0x3c0 [mcache]
Oct 21 15:23:15 adsl-s04 kernel: [ 1031.027067]  [<ffffffff815fbf37>] ? __schedule+0x3c7/0x7b0
Oct 21 15:23:15 adsl-s04 kernel: [ 1031.027069]  [<ffffffffa026cbb0>] ? compact_memory+0xa0/0xa0 [mcache]
Oct 21 15:23:15 adsl-s04 kernel: [ 1031.027072]  [<ffffffff810780c3>] kthread+0x93/0xa0
Oct 21 15:23:15 adsl-s04 kernel: [ 1031.027075]  [<ffffffff816069e4>] kernel_thread_helper+0x4/0x10
Oct 21 15:23:15 adsl-s04 kernel: [ 1031.027077]  [<ffffffff81078030>] ? flush_kthread_worker+0x80/0x80
Oct 21 15:23:15 adsl-s04 kernel: [ 1031.027079]  [<ffffffff816069e0>] ? gs_change+0x13/0x13
Oct 21 15:23:15 adsl-s04 kernel: [ 1031.027080] Mem-Info:
Oct 21 15:23:15 adsl-s04 kernel: [ 1031.027081] Node 0 DMA per-cpu:
Oct 21 15:23:15 adsl-s04 kernel: [ 1031.027082] CPU    0: hi:    0, btch:   1 usd:   0
Oct 21 15:23:15 adsl-s04 kernel: [ 1031.027084] CPU    1: hi:    0, btch:   1 usd:   0
Oct 21 15:23:15 adsl-s04 kernel: [ 1031.027085] CPU    2: hi:    0, btch:   1 usd:   0
Oct 21 15:23:15 adsl-s04 kernel: [ 1031.027086] CPU    3: hi:    0, btch:   1 usd:   0
Oct 21 15:23:15 adsl-s04 kernel: [ 1031.027086] Node 0 DMA32 per-cpu:
Oct 21 15:23:15 adsl-s04 kernel: [ 1031.027088] CPU    0: hi:  186, btch:  31 usd:   0
Oct 21 15:23:15 adsl-s04 kernel: [ 1031.027089] CPU    1: hi:  186, btch:  31 usd:   0
Oct 21 15:23:15 adsl-s04 kernel: [ 1031.027090] CPU    2: hi:  186, btch:  31 usd:   0
Oct 21 15:23:15 adsl-s04 kernel: [ 1031.027091] CPU    3: hi:  186, btch:  31 usd:   0
Oct 21 15:23:15 adsl-s04 kernel: [ 1031.027091] Node 0 Normal per-cpu:
Oct 21 15:23:15 adsl-s04 kernel: [ 1031.027093] CPU    0: hi:  186, btch:  31 usd:  29
Oct 21 15:23:15 adsl-s04 kernel: [ 1031.027094] CPU    1: hi:  186, btch:  31 usd:   0
Oct 21 15:23:15 adsl-s04 kernel: [ 1031.027095] CPU    2: hi:  186, btch:  31 usd:  28
Oct 21 15:23:15 adsl-s04 kernel: [ 1031.027096] CPU    3: hi:  186, btch:  31 usd:   0
Oct 21 15:23:15 adsl-s04 kernel: [ 1031.027098] active_anon:109674 inactive_anon:57 isolated_anon:0
Oct 21 15:23:15 adsl-s04 kernel: [ 1031.027099]  active_file:24544 inactive_file:84491 isolated_file:0
Oct 21 15:23:15 adsl-s04 kernel: [ 1031.027100]  unevictable:0 dirty:13388 writeback:0 unstable:0
Oct 21 15:23:15 adsl-s04 kernel: [ 1031.027100]  free:3709046 slab_reclaimable:6251 slab_unreclaimable:8341
Oct 21 15:23:15 adsl-s04 kernel: [ 1031.027101]  mapped:13102 shmem:365 pagetables:4206 bounce:0 mercurial free:3342336 mercurial used:0 mercurial active:0
Oct 21 15:23:15 adsl-s04 kernel: [ 1031.027102] Node 0 DMA free:15908kB min:64kB low:80kB high:96kB active_anon:0kB inactive_anon:0kB active_file:0kB inactive_file:0kB unevictable:0kB isolated(anon):0kB isolated(file):0kB present:15652kB mlocked:0kB dirty:0kB writeback:0kB mapped:0kB shmem:0kB slab_reclaimable:0kB slab_unreclaimable:0kB kernel_stack:0kB pagetables:0kB unstable:0kB bounce:0kB writeback_tmp:0kB pages_scanned:0 all_unreclaimable? yes
Oct 21 15:23:15 adsl-s04 kernel: [ 1031.027107] lowmem_reserve[]: 0 3406 15997 15997
Oct 21 15:23:15 adsl-s04 kernel: [ 1031.027109] Node 0 DMA32 free:724048kB min:14376kB low:17968kB high:21564kB active_anon:0kB inactive_anon:0kB active_file:8kB inactive_file:12kB unevictable:0kB isolated(anon):0kB isolated(file):0kB present:3488736kB mlocked:0kB dirty:0kB writeback:0kB mapped:4kB shmem:0kB slab_reclaimable:16kB slab_unreclaimable:4kB kernel_stack:0kB pagetables:0kB unstable:0kB bounce:0kB writeback_tmp:0kB pages_scanned:0 all_unreclaimable? no
Oct 21 15:23:15 adsl-s04 kernel: [ 1031.027114] lowmem_reserve[]: 0 0 12590 12590
Oct 21 15:23:15 adsl-s04 kernel: [ 1031.027116] Node 0 Normal free:14096228kB min:53136kB low:66420kB high:79704kB active_anon:438696kB inactive_anon:228kB active_file:98168kB inactive_file:337952kB unevictable:0kB isolated(anon):0kB isolated(file):0kB present:12892320kB mlocked:0kB dirty:53552kB writeback:0kB mapped:52404kB shmem:1460kB slab_reclaimable:24988kB slab_unreclaimable:33360kB kernel_stack:1792kB pagetables:16824kB unstable:0kB bounce:0kB writeback_tmp:0kB pages_scanned:0 all_unreclaimable? no
Oct 21 15:23:15 adsl-s04 kernel: [ 1031.027122] lowmem_reserve[]: 0 0 0 0
Oct 21 15:23:15 adsl-s04 kernel: [ 1031.027123] Node 0 DMA: 1*4kB 0*8kB 0*16kB 1*32kB 2*64kB 1*128kB 1*256kB 0*512kB 1*1024kB 1*2048kB 1*4096kB 1*8192kB 0*16384kB 0*32768kB 0*65536kB 0*131072kB = 15908kB
Oct 21 15:23:15 adsl-s04 kernel: [ 1031.027130] Node 0 DMA32: 12*4kB 12*8kB 12*16kB 8*32kB 10*64kB 9*128kB 13*256kB 9*512kB 9*1024kB 8*2048kB 8*4096kB 8*8192kB 6*16384kB 5*32768kB 5*65536kB 0*131072kB = 724048kB
Oct 21 15:23:15 adsl-s04 kernel: [ 1031.027136] Node 0 Normal: 450*4kB 276*8kB 6333*16kB 7148*32kB 2845*64kB 633*128kB 90*256kB 26*512kB 3*1024kB 4*2048kB 6*4096kB 5*8192kB 1*16384kB 0*32768kB 0*65536kB 0*131072kB = 726712kB
Oct 21 15:23:15 adsl-s04 kernel: [ 1031.027142] 109473 total pagecache pages
Oct 21 15:23:15 adsl-s04 kernel: [ 1031.052120] 4191728 pages RAM
Oct 21 15:23:15 adsl-s04 kernel: [ 1031.052122] 110163 pages reserved
Oct 21 15:23:15 adsl-s04 kernel: [ 1031.052122] 86049 pages shared
Oct 21 15:23:15 adsl-s04 kernel: [ 1031.052123] 322488 pages non-shared
Oct 21 15:23:15 adsl-s04 kernel: [ 1031.052124] Memory allocation failed.
Oct 21 15:23:15 adsl-s04 kernel: [ 1031.057963] zcache-resize: page allocation failure: order:15, mode:0x200da
Oct 21 15:23:15 adsl-s04 kernel: [ 1031.057966] Pid: 2328, comm: zcache-resize Tainted: G         C O 3.4.1 #349
Oct 21 15:23:15 adsl-s04 kernel: [ 1031.057968] Call Trace:
Oct 21 15:23:15 adsl-s04 kernel: [ 1031.057974]  [<ffffffff8111c11b>] warn_alloc_failed+0xeb/0x150
Oct 21 15:23:15 adsl-s04 kernel: [ 1031.057977]  [<ffffffff8111ffb7>] __alloc_pages_nodemask+0x6b7/0x940
Oct 21 15:23:15 adsl-s04 kernel: [ 1031.057980]  [<ffffffff81152bf0>] alloc_pages_current+0xb0/0x120
Oct 21 15:23:15 adsl-s04 kernel: [ 1031.057983]  [<ffffffffa026c05d>] zcache_reserve_coldmemory+0x1d/0x50 [mcache]
Oct 21 15:23:15 adsl-s04 kernel: [ 1031.057985]  [<ffffffffa026c2de>] zcache_grab_unused_pool+0x3e/0xe0 [mcache]
Oct 21 15:23:15 adsl-s04 kernel: [ 1031.057987]  [<ffffffffa026cddf>] zcache_resize+0x22f/0x3c0 [mcache]
Oct 21 15:23:15 adsl-s04 kernel: [ 1031.057990]  [<ffffffff815fbf37>] ? __schedule+0x3c7/0x7b0
Oct 21 15:23:15 adsl-s04 kernel: [ 1031.057993]  [<ffffffffa026cbb0>] ? compact_memory+0xa0/0xa0 [mcache]
Oct 21 15:23:15 adsl-s04 kernel: [ 1031.057996]  [<ffffffff810780c3>] kthread+0x93/0xa0
Oct 21 15:23:15 adsl-s04 kernel: [ 1031.057999]  [<ffffffff816069e4>] kernel_thread_helper+0x4/0x10
Oct 21 15:23:15 adsl-s04 kernel: [ 1031.058001]  [<ffffffff81078030>] ? flush_kthread_worker+0x80/0x80
Oct 21 15:23:15 adsl-s04 kernel: [ 1031.058003]  [<ffffffff816069e0>] ? gs_change+0x13/0x13
Oct 21 15:23:15 adsl-s04 kernel: [ 1031.058003] Mem-Info:
Oct 21 15:23:15 adsl-s04 kernel: [ 1031.058004] Node 0 DMA per-cpu:
Oct 21 15:23:15 adsl-s04 kernel: [ 1031.058006] CPU    0: hi:    0, btch:   1 usd:   0
Oct 21 15:23:15 adsl-s04 kernel: [ 1031.058007] CPU    1: hi:    0, btch:   1 usd:   0
Oct 21 15:23:15 adsl-s04 kernel: [ 1031.058008] CPU    2: hi:    0, btch:   1 usd:   0
Oct 21 15:23:15 adsl-s04 kernel: [ 1031.058009] CPU    3: hi:    0, btch:   1 usd:   0
Oct 21 15:23:15 adsl-s04 kernel: [ 1031.058010] Node 0 DMA32 per-cpu:
Oct 21 15:23:15 adsl-s04 kernel: [ 1031.058011] CPU    0: hi:  186, btch:  31 usd:   0
Oct 21 15:23:15 adsl-s04 kernel: [ 1031.058012] CPU    1: hi:  186, btch:  31 usd:   0
Oct 21 15:23:15 adsl-s04 kernel: [ 1031.058013] CPU    2: hi:  186, btch:  31 usd:   0
Oct 21 15:23:15 adsl-s04 kernel: [ 1031.058014] CPU    3: hi:  186, btch:  31 usd:   0
Oct 21 15:23:15 adsl-s04 kernel: [ 1031.058015] Node 0 Normal per-cpu:
Oct 21 15:23:15 adsl-s04 kernel: [ 1031.058016] CPU    0: hi:  186, btch:  31 usd:  30
Oct 21 15:23:15 adsl-s04 kernel: [ 1031.058017] CPU    1: hi:  186, btch:  31 usd:   0
Oct 21 15:23:15 adsl-s04 kernel: [ 1031.058018] CPU    2: hi:  186, btch:  31 usd:   0
Oct 21 15:23:15 adsl-s04 kernel: [ 1031.058019] CPU    3: hi:  186, btch:  31 usd:   0
Oct 21 15:23:15 adsl-s04 kernel: [ 1031.058022] active_anon:101920 inactive_anon:57 isolated_anon:0
Oct 21 15:23:15 adsl-s04 kernel: [ 1031.058022]  active_file:24544 inactive_file:84540 isolated_file:0
Oct 21 15:23:15 adsl-s04 kernel: [ 1031.058023]  unevictable:0 dirty:13461 writeback:0 unstable:0
Oct 21 15:23:15 adsl-s04 kernel: [ 1031.058023]  free:3716899 slab_reclaimable:6251 slab_unreclaimable:8341
Oct 21 15:23:15 adsl-s04 kernel: [ 1031.058024]  mapped:13102 shmem:365 pagetables:4133 bounce:0 mercurial free:3342336 mercurial used:0 mercurial active:0
Oct 21 15:23:15 adsl-s04 kernel: [ 1031.058025] Node 0 DMA free:15908kB min:64kB low:80kB high:96kB active_anon:0kB inactive_anon:0kB active_file:0kB inactive_file:0kB unevictable:0kB isolated(anon):0kB isolated(file):0kB present:15652kB mlocked:0kB dirty:0kB writeback:0kB mapped:0kB shmem:0kB slab_reclaimable:0kB slab_unreclaimable:0kB kernel_stack:0kB pagetables:0kB unstable:0kB bounce:0kB writeback_tmp:0kB pages_scanned:0 all_unreclaimable? yes
Oct 21 15:23:15 adsl-s04 kernel: [ 1031.058030] lowmem_reserve[]: 0 3406 15997 15997
Oct 21 15:23:15 adsl-s04 kernel: [ 1031.058032] Node 0 DMA32 free:724048kB min:14376kB low:17968kB high:21564kB active_anon:0kB inactive_anon:0kB active_file:8kB inactive_file:12kB unevictable:0kB isolated(anon):0kB isolated(file):0kB present:3488736kB mlocked:0kB dirty:0kB writeback:0kB mapped:4kB shmem:0kB slab_reclaimable:16kB slab_unreclaimable:4kB kernel_stack:0kB pagetables:0kB unstable:0kB bounce:0kB writeback_tmp:0kB pages_scanned:0 all_unreclaimable? no
Oct 21 15:23:15 adsl-s04 kernel: [ 1031.058037] lowmem_reserve[]: 0 0 12590 12590
Oct 21 15:23:15 adsl-s04 kernel: [ 1031.058039] Node 0 Normal free:14127640kB min:53136kB low:66420kB high:79704kB active_anon:407680kB inactive_anon:228kB active_file:98168kB inactive_file:338148kB unevictable:0kB isolated(anon):0kB isolated(file):0kB present:12892320kB mlocked:0kB dirty:53844kB writeback:0kB mapped:52404kB shmem:1460kB slab_reclaimable:24988kB slab_unreclaimable:33360kB kernel_stack:1792kB pagetables:16532kB unstable:0kB bounce:0kB writeback_tmp:0kB pages_scanned:0 all_unreclaimable? no
Oct 21 15:23:15 adsl-s04 kernel: [ 1031.058045] lowmem_reserve[]: 0 0 0 0
Oct 21 15:23:15 adsl-s04 kernel: [ 1031.058046] Node 0 DMA: 1*4kB 0*8kB 0*16kB 1*32kB 2*64kB 1*128kB 1*256kB 0*512kB 1*1024kB 1*2048kB 1*4096kB 1*8192kB 0*16384kB 0*32768kB 0*65536kB 0*131072kB = 15908kB
Oct 21 15:23:15 adsl-s04 kernel: [ 1031.058053] Node 0 DMA32: 12*4kB 12*8kB 12*16kB 8*32kB 10*64kB 9*128kB 13*256kB 9*512kB 9*1024kB 8*2048kB 8*4096kB 8*8192kB 6*16384kB 5*32768kB 5*65536kB 0*131072kB = 724048kB
Oct 21 15:23:15 adsl-s04 kernel: [ 1031.058059] Node 0 Normal: 1541*4kB 2683*8kB 6580*16kB 7147*32kB 2844*64kB 634*128kB 90*256kB 26*512kB 3*1024kB 6*2048kB 6*4096kB 5*8192kB 1*16384kB 0*32768kB 0*65536kB 0*131072kB = 758412kB
Oct 21 15:23:15 adsl-s04 kernel: [ 1031.058065] 109546 total pagecache pages
Oct 21 15:23:15 adsl-s04 kernel: [ 1031.082546] 4191728 pages RAM
Oct 21 15:23:15 adsl-s04 kernel: [ 1031.082548] 110163 pages reserved
Oct 21 15:23:15 adsl-s04 kernel: [ 1031.082549] 84997 pages shared
Oct 21 15:23:15 adsl-s04 kernel: [ 1031.082550] 321717 pages non-shared
Oct 21 15:23:15 adsl-s04 kernel: [ 1031.082552] Memory allocation failed.
Oct 21 15:23:15 adsl-s04 kernel: [ 1031.089964] zcache-resize: page allocation failure: order:15, mode:0x200da
Oct 21 15:23:15 adsl-s04 kernel: [ 1031.089967] Pid: 2328, comm: zcache-resize Tainted: G         C O 3.4.1 #349
Oct 21 15:23:15 adsl-s04 kernel: [ 1031.089968] Call Trace:
Oct 21 15:23:15 adsl-s04 kernel: [ 1031.089975]  [<ffffffff8111c11b>] warn_alloc_failed+0xeb/0x150
Oct 21 15:23:15 adsl-s04 kernel: [ 1031.089977]  [<ffffffff8111ffb7>] __alloc_pages_nodemask+0x6b7/0x940
Oct 21 15:23:15 adsl-s04 kernel: [ 1031.089981]  [<ffffffff81152bf0>] alloc_pages_current+0xb0/0x120
Oct 21 15:23:15 adsl-s04 kernel: [ 1031.089984]  [<ffffffffa026c05d>] zcache_reserve_coldmemory+0x1d/0x50 [mcache]
Oct 21 15:23:15 adsl-s04 kernel: [ 1031.089986]  [<ffffffffa026c2de>] zcache_grab_unused_pool+0x3e/0xe0 [mcache]
Oct 21 15:23:15 adsl-s04 kernel: [ 1031.089988]  [<ffffffffa026cddf>] zcache_resize+0x22f/0x3c0 [mcache]
Oct 21 15:23:15 adsl-s04 kernel: [ 1031.089991]  [<ffffffff815fbf37>] ? __schedule+0x3c7/0x7b0
Oct 21 15:23:15 adsl-s04 kernel: [ 1031.089993]  [<ffffffffa026cbb0>] ? compact_memory+0xa0/0xa0 [mcache]
Oct 21 15:23:15 adsl-s04 kernel: [ 1031.089997]  [<ffffffff810780c3>] kthread+0x93/0xa0
Oct 21 15:23:15 adsl-s04 kernel: [ 1031.089999]  [<ffffffff816069e4>] kernel_thread_helper+0x4/0x10
Oct 21 15:23:15 adsl-s04 kernel: [ 1031.090001]  [<ffffffff81078030>] ? flush_kthread_worker+0x80/0x80
Oct 21 15:23:15 adsl-s04 kernel: [ 1031.090003]  [<ffffffff816069e0>] ? gs_change+0x13/0x13
Oct 21 15:23:15 adsl-s04 kernel: [ 1031.090004] Mem-Info:
Oct 21 15:23:15 adsl-s04 kernel: [ 1031.090005] Node 0 DMA per-cpu:
Oct 21 15:23:15 adsl-s04 kernel: [ 1031.090007] CPU    0: hi:    0, btch:   1 usd:   0
Oct 21 15:23:15 adsl-s04 kernel: [ 1031.090008] CPU    1: hi:    0, btch:   1 usd:   0
Oct 21 15:23:15 adsl-s04 kernel: [ 1031.090009] CPU    2: hi:    0, btch:   1 usd:   0
Oct 21 15:23:15 adsl-s04 kernel: [ 1031.090010] CPU    3: hi:    0, btch:   1 usd:   0
Oct 21 15:23:15 adsl-s04 kernel: [ 1031.090011] Node 0 DMA32 per-cpu:
Oct 21 15:23:15 adsl-s04 kernel: [ 1031.090012] CPU    0: hi:  186, btch:  31 usd:   0
Oct 21 15:23:15 adsl-s04 kernel: [ 1031.090013] CPU    1: hi:  186, btch:  31 usd:   0
Oct 21 15:23:15 adsl-s04 kernel: [ 1031.090014] CPU    2: hi:  186, btch:  31 usd:   0
Oct 21 15:23:15 adsl-s04 kernel: [ 1031.090015] CPU    3: hi:  186, btch:  31 usd:   0
Oct 21 15:23:15 adsl-s04 kernel: [ 1031.090016] Node 0 Normal per-cpu:
Oct 21 15:23:15 adsl-s04 kernel: [ 1031.090017] CPU    0: hi:  186, btch:  31 usd:  27
Oct 21 15:23:15 adsl-s04 kernel: [ 1031.090018] CPU    1: hi:  186, btch:  31 usd:   0
Oct 21 15:23:15 adsl-s04 kernel: [ 1031.090019] CPU    2: hi:  186, btch:  31 usd:  28
Oct 21 15:23:15 adsl-s04 kernel: [ 1031.090020] CPU    3: hi:  186, btch:  31 usd:   0
Oct 21 15:23:15 adsl-s04 kernel: [ 1031.090023] active_anon:99127 inactive_anon:57 isolated_anon:0
Oct 21 15:23:15 adsl-s04 kernel: [ 1031.090024]  active_file:24544 inactive_file:84540 isolated_file:0
Oct 21 15:23:15 adsl-s04 kernel: [ 1031.090024]  unevictable:0 dirty:13461 writeback:0 unstable:0
Oct 21 15:23:15 adsl-s04 kernel: [ 1031.090024]  free:3719695 slab_reclaimable:6251 slab_unreclaimable:8341
Oct 21 15:23:15 adsl-s04 kernel: [ 1031.090025]  mapped:13029 shmem:365 pagetables:4060 bounce:0 mercurial free:3342336 mercurial used:0 mercurial active:0
Oct 21 15:23:15 adsl-s04 kernel: [ 1031.090027] Node 0 DMA free:15908kB min:64kB low:80kB high:96kB active_anon:0kB inactive_anon:0kB active_file:0kB inactive_file:0kB unevictable:0kB isolated(anon):0kB isolated(file):0kB present:15652kB mlocked:0kB dirty:0kB writeback:0kB mapped:0kB shmem:0kB slab_reclaimable:0kB slab_unreclaimable:0kB kernel_stack:0kB pagetables:0kB unstable:0kB bounce:0kB writeback_tmp:0kB pages_scanned:0 all_unreclaimable? yes
Oct 21 15:23:15 adsl-s04 kernel: [ 1031.090032] lowmem_reserve[]: 0 3406 15997 15997
Oct 21 15:23:15 adsl-s04 kernel: [ 1031.090034] Node 0 DMA32 free:724048kB min:14376kB low:17968kB high:21564kB active_anon:0kB inactive_anon:0kB active_file:8kB inactive_file:12kB unevictable:0kB isolated(anon):0kB isolated(file):0kB present:3488736kB mlocked:0kB dirty:0kB writeback:0kB mapped:4kB shmem:0kB slab_reclaimable:16kB slab_unreclaimable:4kB kernel_stack:0kB pagetables:0kB unstable:0kB bounce:0kB writeback_tmp:0kB pages_scanned:0 all_unreclaimable? no
Oct 21 15:23:15 adsl-s04 kernel: [ 1031.090039] lowmem_reserve[]: 0 0 12590 12590
Oct 21 15:23:15 adsl-s04 kernel: [ 1031.090041] Node 0 Normal free:14138824kB min:53136kB low:66420kB high:79704kB active_anon:396508kB inactive_anon:228kB active_file:98168kB inactive_file:338148kB unevictable:0kB isolated(anon):0kB isolated(file):0kB present:12892320kB mlocked:0kB dirty:53844kB writeback:0kB mapped:52112kB shmem:1460kB slab_reclaimable:24988kB slab_unreclaimable:33360kB kernel_stack:1792kB pagetables:16240kB unstable:0kB bounce:0kB writeback_tmp:0kB pages_scanned:0 all_unreclaimable? no
Oct 21 15:23:15 adsl-s04 kernel: [ 1031.090046] lowmem_reserve[]: 0 0 0 0
Oct 21 15:23:15 adsl-s04 kernel: [ 1031.090048] Node 0 DMA: 1*4kB 0*8kB 0*16kB 1*32kB 2*64kB 1*128kB 1*256kB 0*512kB 1*1024kB 1*2048kB 1*4096kB 1*8192kB 0*16384kB 0*32768kB 0*65536kB 0*131072kB = 15908kB
Oct 21 15:23:15 adsl-s04 kernel: [ 1031.090054] Node 0 DMA32: 12*4kB 12*8kB 12*16kB 8*32kB 10*64kB 9*128kB 13*256kB 9*512kB 9*1024kB 8*2048kB 8*4096kB 8*8192kB 6*16384kB 5*32768kB 5*65536kB 0*131072kB = 724048kB
Oct 21 15:23:15 adsl-s04 kernel: [ 1031.090060] Node 0 Normal: 1201*4kB 3890*8kB 6744*16kB 7148*32kB 2843*64kB 635*128kB 90*256kB 26*512kB 3*1024kB 6*2048kB 6*4096kB 5*8192kB 1*16384kB 0*32768kB 0*65536kB 0*131072kB = 769428kB
Oct 21 15:23:15 adsl-s04 kernel: [ 1031.090067] 109546 total pagecache pages
Oct 21 15:23:15 adsl-s04 kernel: [ 1031.114694] 4191728 pages RAM
Oct 21 15:23:15 adsl-s04 kernel: [ 1031.114696] 110163 pages reserved
Oct 21 15:23:15 adsl-s04 kernel: [ 1031.114698] 86301 pages shared
Oct 21 15:23:15 adsl-s04 kernel: [ 1031.114699] 323165 pages non-shared
Oct 21 15:23:15 adsl-s04 kernel: [ 1031.114701] Memory allocation failed.
Oct 21 15:23:15 adsl-s04 kernel: [ 1031.115953] zcache-resize: page allocation failure: order:15, mode:0x200da
Oct 21 15:23:15 adsl-s04 kernel: [ 1031.115955] Pid: 2328, comm: zcache-resize Tainted: G         C O 3.4.1 #349
Oct 21 15:23:15 adsl-s04 kernel: [ 1031.115957] Call Trace:
Oct 21 15:23:15 adsl-s04 kernel: [ 1031.115963]  [<ffffffff8111c11b>] warn_alloc_failed+0xeb/0x150
Oct 21 15:23:15 adsl-s04 kernel: [ 1031.115966]  [<ffffffff8111ffb7>] __alloc_pages_nodemask+0x6b7/0x940
Oct 21 15:23:15 adsl-s04 kernel: [ 1031.115969]  [<ffffffff81152bf0>] alloc_pages_current+0xb0/0x120
Oct 21 15:23:15 adsl-s04 kernel: [ 1031.115972]  [<ffffffffa026c05d>] zcache_reserve_coldmemory+0x1d/0x50 [mcache]
Oct 21 15:23:15 adsl-s04 kernel: [ 1031.115974]  [<ffffffffa026c2de>] zcache_grab_unused_pool+0x3e/0xe0 [mcache]
Oct 21 15:23:15 adsl-s04 kernel: [ 1031.115977]  [<ffffffffa026cddf>] zcache_resize+0x22f/0x3c0 [mcache]
Oct 21 15:23:15 adsl-s04 kernel: [ 1031.115980]  [<ffffffff815fbf37>] ? __schedule+0x3c7/0x7b0
Oct 21 15:23:15 adsl-s04 kernel: [ 1031.115982]  [<ffffffffa026cbb0>] ? compact_memory+0xa0/0xa0 [mcache]
Oct 21 15:23:15 adsl-s04 kernel: [ 1031.115985]  [<ffffffff810780c3>] kthread+0x93/0xa0
Oct 21 15:23:15 adsl-s04 kernel: [ 1031.115988]  [<ffffffff816069e4>] kernel_thread_helper+0x4/0x10
Oct 21 15:23:15 adsl-s04 kernel: [ 1031.115990]  [<ffffffff81078030>] ? flush_kthread_worker+0x80/0x80
Oct 21 15:23:15 adsl-s04 kernel: [ 1031.115992]  [<ffffffff816069e0>] ? gs_change+0x13/0x13
Oct 21 15:23:15 adsl-s04 kernel: [ 1031.115993] Mem-Info:
Oct 21 15:23:15 adsl-s04 kernel: [ 1031.115994] Node 0 DMA per-cpu:
Oct 21 15:23:15 adsl-s04 kernel: [ 1031.115995] CPU    0: hi:    0, btch:   1 usd:   0
Oct 21 15:23:15 adsl-s04 kernel: [ 1031.115996] CPU    1: hi:    0, btch:   1 usd:   0
Oct 21 15:23:15 adsl-s04 kernel: [ 1031.115997] CPU    2: hi:    0, btch:   1 usd:   0
Oct 21 15:23:15 adsl-s04 kernel: [ 1031.115998] CPU    3: hi:    0, btch:   1 usd:   0
Oct 21 15:23:15 adsl-s04 kernel: [ 1031.115999] Node 0 DMA32 per-cpu:
Oct 21 15:23:15 adsl-s04 kernel: [ 1031.116000] CPU    0: hi:  186, btch:  31 usd:   0
Oct 21 15:23:15 adsl-s04 kernel: [ 1031.116001] CPU    1: hi:  186, btch:  31 usd:   0
Oct 21 15:23:15 adsl-s04 kernel: [ 1031.116002] CPU    2: hi:  186, btch:  31 usd:   0
Oct 21 15:23:15 adsl-s04 kernel: [ 1031.116003] CPU    3: hi:  186, btch:  31 usd:   0
Oct 21 15:23:15 adsl-s04 kernel: [ 1031.116004] Node 0 Normal per-cpu:
Oct 21 15:23:15 adsl-s04 kernel: [ 1031.116005] CPU    0: hi:  186, btch:  31 usd:  27
Oct 21 15:23:15 adsl-s04 kernel: [ 1031.116006] CPU    1: hi:  186, btch:  31 usd:   0
Oct 21 15:23:15 adsl-s04 kernel: [ 1031.116007] CPU    2: hi:  186, btch:  31 usd:  62
Oct 21 15:23:15 adsl-s04 kernel: [ 1031.116008] CPU    3: hi:  186, btch:  31 usd:   0
Oct 21 15:23:15 adsl-s04 kernel: [ 1031.116011] active_anon:102312 inactive_anon:57 isolated_anon:0
Oct 21 15:23:15 adsl-s04 kernel: [ 1031.116012]  active_file:24544 inactive_file:84540 isolated_file:0
Oct 21 15:23:15 adsl-s04 kernel: [ 1031.116012]  unevictable:0 dirty:13461 writeback:0 unstable:0
Oct 21 15:23:15 adsl-s04 kernel: [ 1031.116013]  free:3716525 slab_reclaimable:6251 slab_unreclaimable:8341
Oct 21 15:23:15 adsl-s04 kernel: [ 1031.116013]  mapped:13029 shmem:365 pagetables:4060 bounce:0 mercurial free:3342336 mercurial used:0 mercurial active:0
Oct 21 15:23:15 adsl-s04 kernel: [ 1031.116015] Node 0 DMA free:15908kB min:64kB low:80kB high:96kB active_anon:0kB inactive_anon:0kB active_file:0kB inactive_file:0kB unevictable:0kB isolated(anon):0kB isolated(file):0kB present:15652kB mlocked:0kB dirty:0kB writeback:0kB mapped:0kB shmem:0kB slab_reclaimable:0kB slab_unreclaimable:0kB kernel_stack:0kB pagetables:0kB unstable:0kB bounce:0kB writeback_tmp:0kB pages_scanned:0 all_unreclaimable? yes
Oct 21 15:23:15 adsl-s04 kernel: [ 1031.116020] lowmem_reserve[]: 0 3406 15997 15997
Oct 21 15:23:15 adsl-s04 kernel: [ 1031.116022] Node 0 DMA32 free:724048kB min:14376kB low:17968kB high:21564kB active_anon:0kB inactive_anon:0kB active_file:8kB inactive_file:12kB unevictable:0kB isolated(anon):0kB isolated(file):0kB present:3488736kB mlocked:0kB dirty:0kB writeback:0kB mapped:4kB shmem:0kB slab_reclaimable:16kB slab_unreclaimable:4kB kernel_stack:0kB pagetables:0kB unstable:0kB bounce:0kB writeback_tmp:0kB pages_scanned:0 all_unreclaimable? no
Oct 21 15:23:15 adsl-s04 kernel: [ 1031.116027] lowmem_reserve[]: 0 0 12590 12590
Oct 21 15:23:15 adsl-s04 kernel: [ 1031.116029] Node 0 Normal free:14126144kB min:53136kB low:66420kB high:79704kB active_anon:409248kB inactive_anon:228kB active_file:98168kB inactive_file:338148kB unevictable:0kB isolated(anon):0kB isolated(file):0kB present:12892320kB mlocked:0kB dirty:53844kB writeback:0kB mapped:52112kB shmem:1460kB slab_reclaimable:24988kB slab_unreclaimable:33360kB kernel_stack:1792kB pagetables:16240kB unstable:0kB bounce:0kB writeback_tmp:0kB pages_scanned:0 all_unreclaimable? no
Oct 21 15:23:15 adsl-s04 kernel: [ 1031.116034] lowmem_reserve[]: 0 0 0 0
Oct 21 15:23:15 adsl-s04 kernel: [ 1031.116036] Node 0 DMA: 1*4kB 0*8kB 0*16kB 1*32kB 2*64kB 1*128kB 1*256kB 0*512kB 1*1024kB 1*2048kB 1*4096kB 1*8192kB 0*16384kB 0*32768kB 0*65536kB 0*131072kB = 15908kB
Oct 21 15:23:15 adsl-s04 kernel: [ 1031.116042] Node 0 DMA32: 12*4kB 12*8kB 12*16kB 8*32kB 10*64kB 9*128kB 13*256kB 9*512kB 9*1024kB 8*2048kB 8*4096kB 8*8192kB 6*16384kB 5*32768kB 5*65536kB 0*131072kB = 724048kB
Oct 21 15:23:15 adsl-s04 kernel: [ 1031.116048] Node 0 Normal: 508*4kB 2626*8kB 6744*16kB 7148*32kB 2843*64kB 635*128kB 90*256kB 26*512kB 3*1024kB 6*2048kB 6*4096kB 5*8192kB 1*16384kB 0*32768kB 0*65536kB 0*131072kB = 756544kB
Oct 21 15:23:15 adsl-s04 kernel: [ 1031.116055] 109546 total pagecache pages
Oct 21 15:23:15 adsl-s04 kernel: [ 1031.140636] 4191728 pages RAM
Oct 21 15:23:15 adsl-s04 kernel: [ 1031.140638] 110163 pages reserved
Oct 21 15:23:15 adsl-s04 kernel: [ 1031.140640] 85069 pages shared
Oct 21 15:23:15 adsl-s04 kernel: [ 1031.140641] 320117 pages non-shared
Oct 21 15:23:15 adsl-s04 kernel: [ 1031.140642] Memory allocation failed.
Oct 21 15:23:15 adsl-s04 kernel: [ 1031.275918] zcache-resize: page allocation failure: order:15, mode:0x200da
Oct 21 15:23:15 adsl-s04 kernel: [ 1031.275921] Pid: 2328, comm: zcache-resize Tainted: G         C O 3.4.1 #349
Oct 21 15:23:15 adsl-s04 kernel: [ 1031.275923] Call Trace:
Oct 21 15:23:15 adsl-s04 kernel: [ 1031.275929]  [<ffffffff8111c11b>] warn_alloc_failed+0xeb/0x150
Oct 21 15:23:15 adsl-s04 kernel: [ 1031.275932]  [<ffffffff815f4b11>] ? __alloc_pages_direct_compact+0x17f/0x191
Oct 21 15:23:15 adsl-s04 kernel: [ 1031.275935]  [<ffffffff8111ffb7>] __alloc_pages_nodemask+0x6b7/0x940
Oct 21 15:23:15 adsl-s04 kernel: [ 1031.275938]  [<ffffffff81152bf0>] alloc_pages_current+0xb0/0x120
Oct 21 15:23:15 adsl-s04 kernel: [ 1031.275942]  [<ffffffffa026c05d>] zcache_reserve_coldmemory+0x1d/0x50 [mcache]
Oct 21 15:23:15 adsl-s04 kernel: [ 1031.275944]  [<ffffffffa026c2de>] zcache_grab_unused_pool+0x3e/0xe0 [mcache]
Oct 21 15:23:15 adsl-s04 kernel: [ 1031.275946]  [<ffffffffa026cddf>] zcache_resize+0x22f/0x3c0 [mcache]
Oct 21 15:23:15 adsl-s04 kernel: [ 1031.275949]  [<ffffffff815fbf37>] ? __schedule+0x3c7/0x7b0
Oct 21 15:23:15 adsl-s04 kernel: [ 1031.275951]  [<ffffffffa026cbb0>] ? compact_memory+0xa0/0xa0 [mcache]
Oct 21 15:23:15 adsl-s04 kernel: [ 1031.275954]  [<ffffffff810780c3>] kthread+0x93/0xa0
Oct 21 15:23:15 adsl-s04 kernel: [ 1031.275957]  [<ffffffff816069e4>] kernel_thread_helper+0x4/0x10
Oct 21 15:23:15 adsl-s04 kernel: [ 1031.275959]  [<ffffffff81078030>] ? flush_kthread_worker+0x80/0x80
Oct 21 15:23:15 adsl-s04 kernel: [ 1031.275961]  [<ffffffff816069e0>] ? gs_change+0x13/0x13
Oct 21 15:23:15 adsl-s04 kernel: [ 1031.275962] Mem-Info:
Oct 21 15:23:15 adsl-s04 kernel: [ 1031.275963] Node 0 DMA per-cpu:
Oct 21 15:23:15 adsl-s04 kernel: [ 1031.275964] CPU    0: hi:    0, btch:   1 usd:   0
Oct 21 15:23:15 adsl-s04 kernel: [ 1031.275965] CPU    1: hi:    0, btch:   1 usd:   0
Oct 21 15:23:15 adsl-s04 kernel: [ 1031.275966] CPU    2: hi:    0, btch:   1 usd:   0
Oct 21 15:23:15 adsl-s04 kernel: [ 1031.275967] CPU    3: hi:    0, btch:   1 usd:   0
Oct 21 15:23:15 adsl-s04 kernel: [ 1031.275968] Node 0 DMA32 per-cpu:
Oct 21 15:23:15 adsl-s04 kernel: [ 1031.275970] CPU    0: hi:  186, btch:  31 usd:   0
Oct 21 15:23:15 adsl-s04 kernel: [ 1031.275971] CPU    1: hi:  186, btch:  31 usd:   0
Oct 21 15:23:15 adsl-s04 kernel: [ 1031.275972] CPU    2: hi:  186, btch:  31 usd:   0
Oct 21 15:23:15 adsl-s04 kernel: [ 1031.275973] CPU    3: hi:  186, btch:  31 usd:   0
Oct 21 15:23:15 adsl-s04 kernel: [ 1031.275973] Node 0 Normal per-cpu:
Oct 21 15:23:15 adsl-s04 kernel: [ 1031.275975] CPU    0: hi:  186, btch:  31 usd:  56
Oct 21 15:23:15 adsl-s04 kernel: [ 1031.275976] CPU    1: hi:  186, btch:  31 usd:   0
Oct 21 15:23:15 adsl-s04 kernel: [ 1031.275977] CPU    2: hi:  186, btch:  31 usd:  50
Oct 21 15:23:15 adsl-s04 kernel: [ 1031.275977] CPU    3: hi:  186, btch:  31 usd:   0
Oct 21 15:23:15 adsl-s04 kernel: [ 1031.275980] active_anon:103194 inactive_anon:57 isolated_anon:0
Oct 21 15:23:15 adsl-s04 kernel: [ 1031.275981]  active_file:24544 inactive_file:84638 isolated_file:0
Oct 21 15:23:15 adsl-s04 kernel: [ 1031.275981]  unevictable:0 dirty:13534 writeback:0 unstable:0
Oct 21 15:23:15 adsl-s04 kernel: [ 1031.275982]  free:3715535 slab_reclaimable:6251 slab_unreclaimable:8341
Oct 21 15:23:15 adsl-s04 kernel: [ 1031.275982]  mapped:13029 shmem:365 pagetables:4133 bounce:0 mercurial free:3342336 mercurial used:0 mercurial active:0
Oct 21 15:23:15 adsl-s04 kernel: [ 1031.275984] Node 0 DMA free:15908kB min:64kB low:80kB high:96kB active_anon:0kB inactive_anon:0kB active_file:0kB inactive_file:0kB unevictable:0kB isolated(anon):0kB isolated(file):0kB present:15652kB mlocked:0kB dirty:0kB writeback:0kB mapped:0kB shmem:0kB slab_reclaimable:0kB slab_unreclaimable:0kB kernel_stack:0kB pagetables:0kB unstable:0kB bounce:0kB writeback_tmp:0kB pages_scanned:0 all_unreclaimable? yes
Oct 21 15:23:15 adsl-s04 kernel: [ 1031.275989] lowmem_reserve[]: 0 3406 15997 15997
Oct 21 15:23:15 adsl-s04 kernel: [ 1031.275991] Node 0 DMA32 free:724048kB min:14376kB low:17968kB high:21564kB active_anon:0kB inactive_anon:0kB active_file:8kB inactive_file:12kB unevictable:0kB isolated(anon):0kB isolated(file):0kB present:3488736kB mlocked:0kB dirty:0kB writeback:0kB mapped:4kB shmem:0kB slab_reclaimable:16kB slab_unreclaimable:4kB kernel_stack:0kB pagetables:0kB unstable:0kB bounce:0kB writeback_tmp:0kB pages_scanned:0 all_unreclaimable? no
Oct 21 15:23:15 adsl-s04 kernel: [ 1031.275996] lowmem_reserve[]: 0 0 12590 12590
Oct 21 15:23:15 adsl-s04 kernel: [ 1031.275998] Node 0 Normal free:14122184kB min:53136kB low:66420kB high:79704kB active_anon:412776kB inactive_anon:228kB active_file:98168kB inactive_file:338540kB unevictable:0kB isolated(anon):0kB isolated(file):0kB present:12892320kB mlocked:0kB dirty:54136kB writeback:0kB mapped:52112kB shmem:1460kB slab_reclaimable:24988kB slab_unreclaimable:33360kB kernel_stack:1792kB pagetables:16532kB unstable:0kB bounce:0kB writeback_tmp:0kB pages_scanned:0 all_unreclaimable? no
Oct 21 15:23:15 adsl-s04 kernel: [ 1031.276004] lowmem_reserve[]: 0 0 0 0
Oct 21 15:23:15 adsl-s04 kernel: [ 1031.276005] Node 0 DMA: 1*4kB 0*8kB 0*16kB 1*32kB 2*64kB 1*128kB 1*256kB 0*512kB 1*1024kB 1*2048kB 1*4096kB 1*8192kB 0*16384kB 0*32768kB 0*65536kB 0*131072kB = 15908kB
Oct 21 15:23:15 adsl-s04 kernel: [ 1031.276011] Node 0 DMA32: 12*4kB 12*8kB 12*16kB 8*32kB 10*64kB 9*128kB 13*256kB 9*512kB 9*1024kB 8*2048kB 8*4096kB 8*8192kB 6*16384kB 5*32768kB 5*65536kB 0*131072kB = 724048kB
Oct 21 15:23:15 adsl-s04 kernel: [ 1031.276018] Node 0 Normal: 471*4kB 878*8kB 1330*16kB 1083*32kB 790*64kB 545*128kB 343*256kB 219*512kB 131*1024kB 54*2048kB 16*4096kB 5*8192kB 1*16384kB 0*32768kB 0*65536kB 0*131072kB = 752716kB
Oct 21 15:23:15 adsl-s04 kernel: [ 1031.276024] 109546 total pagecache pages
Oct 21 15:23:15 adsl-s04 kernel: [ 1031.300390] 4191728 pages RAM
Oct 21 15:23:15 adsl-s04 kernel: [ 1031.300392] 110163 pages reserved
Oct 21 15:23:15 adsl-s04 kernel: [ 1031.300394] 86533 pages shared
Oct 21 15:23:15 adsl-s04 kernel: [ 1031.300395] 328659 pages non-shared
Oct 21 15:23:15 adsl-s04 kernel: [ 1031.300397] Memory allocation failed.
Oct 21 15:23:15 adsl-s04 kernel: [ 1031.300522] zcache-resize: page allocation failure: order:15, mode:0x200da
Oct 21 15:23:15 adsl-s04 kernel: [ 1031.300524] Pid: 2328, comm: zcache-resize Tainted: G         C O 3.4.1 #349
Oct 21 15:23:15 adsl-s04 kernel: [ 1031.300526] Call Trace:
Oct 21 15:23:15 adsl-s04 kernel: [ 1031.300533]  [<ffffffff8111c11b>] warn_alloc_failed+0xeb/0x150
Oct 21 15:23:15 adsl-s04 kernel: [ 1031.300536]  [<ffffffff8111ffb7>] __alloc_pages_nodemask+0x6b7/0x940
Oct 21 15:23:15 adsl-s04 kernel: [ 1031.300541]  [<ffffffff81152bf0>] alloc_pages_current+0xb0/0x120
Oct 21 15:23:15 adsl-s04 kernel: [ 1031.300545]  [<ffffffffa026c05d>] zcache_reserve_coldmemory+0x1d/0x50 [mcache]
Oct 21 15:23:15 adsl-s04 kernel: [ 1031.300548]  [<ffffffffa026c2de>] zcache_grab_unused_pool+0x3e/0xe0 [mcache]
Oct 21 15:23:15 adsl-s04 kernel: [ 1031.300551]  [<ffffffffa026cddf>] zcache_resize+0x22f/0x3c0 [mcache]
Oct 21 15:23:15 adsl-s04 kernel: [ 1031.300555]  [<ffffffff815fbf37>] ? __schedule+0x3c7/0x7b0
Oct 21 15:23:15 adsl-s04 kernel: [ 1031.300558]  [<ffffffffa026cbb0>] ? compact_memory+0xa0/0xa0 [mcache]
Oct 21 15:23:15 adsl-s04 kernel: [ 1031.300562]  [<ffffffff810780c3>] kthread+0x93/0xa0
Oct 21 15:23:15 adsl-s04 kernel: [ 1031.300566]  [<ffffffff816069e4>] kernel_thread_helper+0x4/0x10
Oct 21 15:23:15 adsl-s04 kernel: [ 1031.300569]  [<ffffffff81078030>] ? flush_kthread_worker+0x80/0x80
Oct 21 15:23:15 adsl-s04 kernel: [ 1031.300572]  [<ffffffff816069e0>] ? gs_change+0x13/0x13
Oct 21 15:23:15 adsl-s04 kernel: [ 1031.300574] Mem-Info:
Oct 21 15:23:15 adsl-s04 kernel: [ 1031.300575] Node 0 DMA per-cpu:
Oct 21 15:23:15 adsl-s04 kernel: [ 1031.300578] CPU    0: hi:    0, btch:   1 usd:   0
Oct 21 15:23:15 adsl-s04 kernel: [ 1031.300579] CPU    1: hi:    0, btch:   1 usd:   0
Oct 21 15:23:15 adsl-s04 kernel: [ 1031.300581] CPU    2: hi:    0, btch:   1 usd:   0
Oct 21 15:23:15 adsl-s04 kernel: [ 1031.300583] CPU    3: hi:    0, btch:   1 usd:   0
Oct 21 15:23:15 adsl-s04 kernel: [ 1031.300584] Node 0 DMA32 per-cpu:
Oct 21 15:23:15 adsl-s04 kernel: [ 1031.300587] CPU    0: hi:  186, btch:  31 usd:   0
Oct 21 15:23:15 adsl-s04 kernel: [ 1031.300588] CPU    1: hi:  186, btch:  31 usd:   0
Oct 21 15:23:15 adsl-s04 kernel: [ 1031.300590] CPU    2: hi:  186, btch:  31 usd:   0
Oct 21 15:23:15 adsl-s04 kernel: [ 1031.300592] CPU    3: hi:  186, btch:  31 usd:   0
Oct 21 15:23:15 adsl-s04 kernel: [ 1031.300593] Node 0 Normal per-cpu:
Oct 21 15:23:15 adsl-s04 kernel: [ 1031.300595] CPU    0: hi:  186, btch:  31 usd:   0
Oct 21 15:23:15 adsl-s04 kernel: [ 1031.300597] CPU    1: hi:  186, btch:  31 usd:   0
Oct 21 15:23:15 adsl-s04 kernel: [ 1031.300599] CPU    2: hi:  186, btch:  31 usd:   0
Oct 21 15:23:15 adsl-s04 kernel: [ 1031.300601] CPU    3: hi:  186, btch:  31 usd:   0
Oct 21 15:23:15 adsl-s04 kernel: [ 1031.300604] active_anon:106036 inactive_anon:57 isolated_anon:0
Oct 21 15:23:15 adsl-s04 kernel: [ 1031.300605]  active_file:24544 inactive_file:84638 isolated_file:0
Oct 21 15:23:15 adsl-s04 kernel: [ 1031.300606]  unevictable:0 dirty:13534 writeback:0 unstable:0
Oct 21 15:23:15 adsl-s04 kernel: [ 1031.300607]  free:3712617 slab_reclaimable:6251 slab_unreclaimable:8341
Oct 21 15:23:15 adsl-s04 kernel: [ 1031.300608]  mapped:13102 shmem:365 pagetables:4206 bounce:0 mercurial free:3342336 mercurial used:0 mercurial active:0
Oct 21 15:23:15 adsl-s04 kernel: [ 1031.300611] Node 0 DMA free:15908kB min:64kB low:80kB high:96kB active_anon:0kB inactive_anon:0kB active_file:0kB inactive_file:0kB unevictable:0kB isolated(anon):0kB isolated(file):0kB present:15652kB mlocked:0kB dirty:0kB writeback:0kB mapped:0kB shmem:0kB slab_reclaimable:0kB slab_unreclaimable:0kB kernel_stack:0kB pagetables:0kB unstable:0kB bounce:0kB writeback_tmp:0kB pages_scanned:0 all_unreclaimable? yes
Oct 21 15:23:15 adsl-s04 kernel: [ 1031.300619] lowmem_reserve[]: 0 3406 15997 15997
Oct 21 15:23:15 adsl-s04 kernel: [ 1031.300623] Node 0 DMA32 free:724048kB min:14376kB low:17968kB high:21564kB active_anon:0kB inactive_anon:0kB active_file:8kB inactive_file:12kB unevictable:0kB isolated(anon):0kB isolated(file):0kB present:3488736kB mlocked:0kB dirty:0kB writeback:0kB mapped:4kB shmem:0kB slab_reclaimable:16kB slab_unreclaimable:4kB kernel_stack:0kB pagetables:0kB unstable:0kB bounce:0kB writeback_tmp:0kB pages_scanned:0 all_unreclaimable? no
Oct 21 15:23:15 adsl-s04 kernel: [ 1031.300632] lowmem_reserve[]: 0 0 12590 12590
Oct 21 15:23:15 adsl-s04 kernel: [ 1031.300636] Node 0 Normal free:14110512kB min:53136kB low:66420kB high:79704kB active_anon:424144kB inactive_anon:228kB active_file:98168kB inactive_file:338540kB unevictable:0kB isolated(anon):0kB isolated(file):0kB present:12892320kB mlocked:0kB dirty:54136kB writeback:0kB mapped:52404kB shmem:1460kB slab_reclaimable:24988kB slab_unreclaimable:33360kB kernel_stack:1792kB pagetables:16824kB unstable:0kB bounce:0kB writeback_tmp:0kB pages_scanned:0 all_unreclaimable? no
Oct 21 15:23:15 adsl-s04 kernel: [ 1031.300645] lowmem_reserve[]: 0 0 0 0
Oct 21 15:23:15 adsl-s04 kernel: [ 1031.300649] Node 0 DMA: 1*4kB 0*8kB 0*16kB 1*32kB 2*64kB 1*128kB 1*256kB 0*512kB 1*1024kB 1*2048kB 1*4096kB 1*8192kB 0*16384kB 0*32768kB 0*65536kB 0*131072kB = 15908kB
Oct 21 15:23:15 adsl-s04 kernel: [ 1031.300664] Node 0 DMA32: 12*4kB 12*8kB 12*16kB 8*32kB 10*64kB 9*128kB 13*256kB 9*512kB 9*1024kB 8*2048kB 8*4096kB 8*8192kB 6*16384kB 5*32768kB 5*65536kB 0*131072kB = 724048kB
Oct 21 15:23:15 adsl-s04 kernel: [ 1031.300679] Node 0 Normal: 441*4kB 276*8kB 932*16kB 1083*32kB 790*64kB 545*128kB 343*256kB 219*512kB 131*1024kB 54*2048kB 16*4096kB 5*8192kB 1*16384kB 0*32768kB 0*65536kB 0*131072kB = 741412kB
Oct 21 15:23:15 adsl-s04 kernel: [ 1031.300695] 109546 total pagecache pages
Oct 21 15:23:15 adsl-s04 kernel: [ 1031.325012] 4191728 pages RAM
Oct 21 15:23:15 adsl-s04 kernel: [ 1031.325014] 110163 pages reserved
Oct 21 15:23:15 adsl-s04 kernel: [ 1031.325015] 87313 pages shared
Oct 21 15:23:15 adsl-s04 kernel: [ 1031.325016] 330649 pages non-shared
Oct 21 15:23:15 adsl-s04 kernel: [ 1031.325017] Memory allocation failed.
Oct 21 15:23:15 adsl-s04 kernel: [ 1031.325162] zcache-resize: page allocation failure: order:15, mode:0x200da
Oct 21 15:23:15 adsl-s04 kernel: [ 1031.325164] Pid: 2328, comm: zcache-resize Tainted: G         C O 3.4.1 #349
Oct 21 15:23:15 adsl-s04 kernel: [ 1031.325165] Call Trace:
Oct 21 15:23:15 adsl-s04 kernel: [ 1031.325171]  [<ffffffff8111c11b>] warn_alloc_failed+0xeb/0x150
Oct 21 15:23:15 adsl-s04 kernel: [ 1031.325174]  [<ffffffff8111ffb7>] __alloc_pages_nodemask+0x6b7/0x940
Oct 21 15:23:15 adsl-s04 kernel: [ 1031.325177]  [<ffffffff81152bf0>] alloc_pages_current+0xb0/0x120
Oct 21 15:23:15 adsl-s04 kernel: [ 1031.325180]  [<ffffffffa026c05d>] zcache_reserve_coldmemory+0x1d/0x50 [mcache]
Oct 21 15:23:15 adsl-s04 kernel: [ 1031.325182]  [<ffffffffa026c2de>] zcache_grab_unused_pool+0x3e/0xe0 [mcache]
Oct 21 15:23:15 adsl-s04 kernel: [ 1031.325184]  [<ffffffffa026cddf>] zcache_resize+0x22f/0x3c0 [mcache]
Oct 21 15:23:15 adsl-s04 kernel: [ 1031.325187]  [<ffffffff815fbf37>] ? __schedule+0x3c7/0x7b0
Oct 21 15:23:15 adsl-s04 kernel: [ 1031.325189]  [<ffffffffa026cbb0>] ? compact_memory+0xa0/0xa0 [mcache]
Oct 21 15:23:15 adsl-s04 kernel: [ 1031.325192]  [<ffffffff810780c3>] kthread+0x93/0xa0
Oct 21 15:23:15 adsl-s04 kernel: [ 1031.325195]  [<ffffffff816069e4>] kernel_thread_helper+0x4/0x10
Oct 21 15:23:15 adsl-s04 kernel: [ 1031.325197]  [<ffffffff81078030>] ? flush_kthread_worker+0x80/0x80
Oct 21 15:23:15 adsl-s04 kernel: [ 1031.325199]  [<ffffffff816069e0>] ? gs_change+0x13/0x13
Oct 21 15:23:15 adsl-s04 kernel: [ 1031.325200] Mem-Info:
Oct 21 15:23:15 adsl-s04 kernel: [ 1031.325200] Node 0 DMA per-cpu:
Oct 21 15:23:15 adsl-s04 kernel: [ 1031.325202] CPU    0: hi:    0, btch:   1 usd:   0
Oct 21 15:23:15 adsl-s04 kernel: [ 1031.325203] CPU    1: hi:    0, btch:   1 usd:   0
Oct 21 15:23:15 adsl-s04 kernel: [ 1031.325204] CPU    2: hi:    0, btch:   1 usd:   0
Oct 21 15:23:15 adsl-s04 kernel: [ 1031.325205] CPU    3: hi:    0, btch:   1 usd:   0
Oct 21 15:23:15 adsl-s04 kernel: [ 1031.325206] Node 0 DMA32 per-cpu:
Oct 21 15:23:15 adsl-s04 kernel: [ 1031.325207] CPU    0: hi:  186, btch:  31 usd:   0
Oct 21 15:23:15 adsl-s04 kernel: [ 1031.325208] CPU    1: hi:  186, btch:  31 usd:   0
Oct 21 15:23:15 adsl-s04 kernel: [ 1031.325209] CPU    2: hi:  186, btch:  31 usd:   0
Oct 21 15:23:15 adsl-s04 kernel: [ 1031.325210] CPU    3: hi:  186, btch:  31 usd:   0
Oct 21 15:23:15 adsl-s04 kernel: [ 1031.325211] Node 0 Normal per-cpu:
Oct 21 15:23:15 adsl-s04 kernel: [ 1031.325212] CPU    0: hi:  186, btch:  31 usd:  27
Oct 21 15:23:15 adsl-s04 kernel: [ 1031.325213] CPU    1: hi:  186, btch:  31 usd:   0
Oct 21 15:23:15 adsl-s04 kernel: [ 1031.325214] CPU    2: hi:  186, btch:  31 usd: 186
Oct 21 15:23:15 adsl-s04 kernel: [ 1031.325215] CPU    3: hi:  186, btch:  31 usd:   0
Oct 21 15:23:15 adsl-s04 kernel: [ 1031.325218] active_anon:106330 inactive_anon:57 isolated_anon:0
Oct 21 15:23:15 adsl-s04 kernel: [ 1031.325218]  active_file:24544 inactive_file:84687 isolated_file:0
Oct 21 15:23:15 adsl-s04 kernel: [ 1031.325219]  unevictable:0 dirty:13534 writeback:0 unstable:0
Oct 21 15:23:15 adsl-s04 kernel: [ 1031.325219]  free:3711937 slab_reclaimable:6251 slab_unreclaimable:8341
Oct 21 15:23:15 adsl-s04 kernel: [ 1031.325220]  mapped:13102 shmem:365 pagetables:4206 bounce:0 mercurial free:3342336 mercurial used:0 mercurial active:0
Oct 21 15:23:15 adsl-s04 kernel: [ 1031.325221] Node 0 DMA free:15908kB min:64kB low:80kB high:96kB active_anon:0kB inactive_anon:0kB active_file:0kB inactive_file:0kB unevictable:0kB isolated(anon):0kB isolated(file):0kB present:15652kB mlocked:0kB dirty:0kB writeback:0kB mapped:0kB shmem:0kB slab_reclaimable:0kB slab_unreclaimable:0kB kernel_stack:0kB pagetables:0kB unstable:0kB bounce:0kB writeback_tmp:0kB pages_scanned:0 all_unreclaimable? yes
Oct 21 15:23:15 adsl-s04 kernel: [ 1031.325227] lowmem_reserve[]: 0 3406 15997 15997
Oct 21 15:23:15 adsl-s04 kernel: [ 1031.325229] Node 0 DMA32 free:724048kB min:14376kB low:17968kB high:21564kB active_anon:0kB inactive_anon:0kB active_file:8kB inactive_file:12kB unevictable:0kB isolated(anon):0kB isolated(file):0kB present:3488736kB mlocked:0kB dirty:0kB writeback:0kB mapped:4kB shmem:0kB slab_reclaimable:16kB slab_unreclaimable:4kB kernel_stack:0kB pagetables:0kB unstable:0kB bounce:0kB writeback_tmp:0kB pages_scanned:0 all_unreclaimable? no
Oct 21 15:23:15 adsl-s04 kernel: [ 1031.325234] lowmem_reserve[]: 0 0 12590 12590
Oct 21 15:23:15 adsl-s04 kernel: [ 1031.325236] Node 0 Normal free:14108780kB min:53136kB low:66420kB high:79704kB active_anon:425320kB inactive_anon:228kB active_file:98168kB inactive_file:338736kB unevictable:0kB isolated(anon):0kB isolated(file):0kB present:12892320kB mlocked:0kB dirty:54136kB writeback:0kB mapped:52404kB shmem:1460kB slab_reclaimable:24988kB slab_unreclaimable:33360kB kernel_stack:1792kB pagetables:16824kB unstable:0kB bounce:0kB writeback_tmp:0kB pages_scanned:0 all_unreclaimable? no
Oct 21 15:23:15 adsl-s04 kernel: [ 1031.325241] lowmem_reserve[]: 0 0 0 0
Oct 21 15:23:15 adsl-s04 kernel: [ 1031.325243] Node 0 DMA: 1*4kB 0*8kB 0*16kB 1*32kB 2*64kB 1*128kB 1*256kB 0*512kB 1*1024kB 1*2048kB 1*4096kB 1*8192kB 0*16384kB 0*32768kB 0*65536kB 0*131072kB = 15908kB
Oct 21 15:23:15 adsl-s04 kernel: [ 1031.325249] Node 0 DMA32: 12*4kB 12*8kB 12*16kB 8*32kB 10*64kB 9*128kB 13*256kB 9*512kB 9*1024kB 8*2048kB 8*4096kB 8*8192kB 6*16384kB 5*32768kB 5*65536kB 0*131072kB = 724048kB
Oct 21 15:23:15 adsl-s04 kernel: [ 1031.325255] Node 0 Normal: 931*4kB 730*8kB 459*16kB 1083*32kB 790*64kB 545*128kB 343*256kB 219*512kB 131*1024kB 54*2048kB 16*4096kB 5*8192kB 1*16384kB 0*32768kB 0*65536kB 0*131072kB = 739436kB
Oct 21 15:23:15 adsl-s04 kernel: [ 1031.325262] 109546 total pagecache pages
Oct 21 15:23:15 adsl-s04 kernel: [ 1031.350069] 4191728 pages RAM
Oct 21 15:23:15 adsl-s04 kernel: [ 1031.350070] 110163 pages reserved
Oct 21 15:23:15 adsl-s04 kernel: [ 1031.350071] 85494 pages shared
Oct 21 15:23:15 adsl-s04 kernel: [ 1031.350071] 323691 pages non-shared
Oct 21 15:23:15 adsl-s04 kernel: [ 1031.350073] Memory allocation failed.
Oct 21 15:23:15 adsl-s04 kernel: [ 1031.350287] zcache-resize: page allocation failure: order:15, mode:0x200da
Oct 21 15:23:15 adsl-s04 kernel: [ 1031.350289] Pid: 2328, comm: zcache-resize Tainted: G         C O 3.4.1 #349
Oct 21 15:23:15 adsl-s04 kernel: [ 1031.350290] Call Trace:
Oct 21 15:23:15 adsl-s04 kernel: [ 1031.350296]  [<ffffffff8111c11b>] warn_alloc_failed+0xeb/0x150
Oct 21 15:23:15 adsl-s04 kernel: [ 1031.350299]  [<ffffffff8111ffb7>] __alloc_pages_nodemask+0x6b7/0x940
Oct 21 15:23:15 adsl-s04 kernel: [ 1031.350302]  [<ffffffff81152bf0>] alloc_pages_current+0xb0/0x120
Oct 21 15:23:15 adsl-s04 kernel: [ 1031.350305]  [<ffffffffa026c05d>] zcache_reserve_coldmemory+0x1d/0x50 [mcache]
Oct 21 15:23:15 adsl-s04 kernel: [ 1031.350307]  [<ffffffffa026c2de>] zcache_grab_unused_pool+0x3e/0xe0 [mcache]
Oct 21 15:23:15 adsl-s04 kernel: [ 1031.350309]  [<ffffffffa026cddf>] zcache_resize+0x22f/0x3c0 [mcache]
Oct 21 15:23:15 adsl-s04 kernel: [ 1031.350312]  [<ffffffff815fbf37>] ? __schedule+0x3c7/0x7b0
Oct 21 15:23:15 adsl-s04 kernel: [ 1031.350314]  [<ffffffffa026cbb0>] ? compact_memory+0xa0/0xa0 [mcache]
Oct 21 15:23:15 adsl-s04 kernel: [ 1031.350317]  [<ffffffff810780c3>] kthread+0x93/0xa0
Oct 21 15:23:15 adsl-s04 kernel: [ 1031.350320]  [<ffffffff816069e4>] kernel_thread_helper+0x4/0x10
Oct 21 15:23:15 adsl-s04 kernel: [ 1031.350322]  [<ffffffff81078030>] ? flush_kthread_worker+0x80/0x80
Oct 21 15:23:15 adsl-s04 kernel: [ 1031.350324]  [<ffffffff816069e0>] ? gs_change+0x13/0x13
Oct 21 15:23:15 adsl-s04 kernel: [ 1031.350324] Mem-Info:
Oct 21 15:23:15 adsl-s04 kernel: [ 1031.350325] Node 0 DMA per-cpu:
Oct 21 15:23:15 adsl-s04 kernel: [ 1031.350326] CPU    0: hi:    0, btch:   1 usd:   0
Oct 21 15:23:15 adsl-s04 kernel: [ 1031.350328] CPU    1: hi:    0, btch:   1 usd:   0
Oct 21 15:23:15 adsl-s04 kernel: [ 1031.350328] CPU    2: hi:    0, btch:   1 usd:   0
Oct 21 15:23:15 adsl-s04 kernel: [ 1031.350329] CPU    3: hi:    0, btch:   1 usd:   0
Oct 21 15:23:15 adsl-s04 kernel: [ 1031.350330] Node 0 DMA32 per-cpu:
Oct 21 15:23:15 adsl-s04 kernel: [ 1031.350331] CPU    0: hi:  186, btch:  31 usd:   0
Oct 21 15:23:15 adsl-s04 kernel: [ 1031.350332] CPU    1: hi:  186, btch:  31 usd:   0
Oct 21 15:23:15 adsl-s04 kernel: [ 1031.350333] CPU    2: hi:  186, btch:  31 usd:   0
Oct 21 15:23:15 adsl-s04 kernel: [ 1031.350335] CPU    3: hi:  186, btch:  31 usd:   0
Oct 21 15:23:15 adsl-s04 kernel: [ 1031.350335] Node 0 Normal per-cpu:
Oct 21 15:23:15 adsl-s04 kernel: [ 1031.350336] CPU    0: hi:  186, btch:  31 usd:  30
Oct 21 15:23:15 adsl-s04 kernel: [ 1031.350337] CPU    1: hi:  186, btch:  31 usd:   0
Oct 21 15:23:15 adsl-s04 kernel: [ 1031.350338] CPU    2: hi:  186, btch:  31 usd:  23
Oct 21 15:23:15 adsl-s04 kernel: [ 1031.350339] CPU    3: hi:  186, btch:  31 usd:   0
Oct 21 15:23:15 adsl-s04 kernel: [ 1031.350342] active_anon:101087 inactive_anon:57 isolated_anon:0
Oct 21 15:23:15 adsl-s04 kernel: [ 1031.350343]  active_file:24544 inactive_file:84736 isolated_file:0
Oct 21 15:23:15 adsl-s04 kernel: [ 1031.350343]  unevictable:0 dirty:13534 writeback:0 unstable:0
Oct 21 15:23:15 adsl-s04 kernel: [ 1031.350344]  free:3717634 slab_reclaimable:6251 slab_unreclaimable:8341
Oct 21 15:23:15 adsl-s04 kernel: [ 1031.350344]  mapped:13102 shmem:365 pagetables:4133 bounce:0 mercurial free:3342336 mercurial used:0 mercurial active:0
Oct 21 15:23:15 adsl-s04 kernel: [ 1031.350346] Node 0 DMA free:15908kB min:64kB low:80kB high:96kB active_anon:0kB inactive_anon:0kB active_file:0kB inactive_file:0kB unevictable:0kB isolated(anon):0kB isolated(file):0kB present:15652kB mlocked:0kB dirty:0kB writeback:0kB mapped:0kB shmem:0kB slab_reclaimable:0kB slab_unreclaimable:0kB kernel_stack:0kB pagetables:0kB unstable:0kB bounce:0kB writeback_tmp:0kB pages_scanned:0 all_unreclaimable? yes
Oct 21 15:23:15 adsl-s04 kernel: [ 1031.350351] lowmem_reserve[]: 0 3406 15997 15997
Oct 21 15:23:15 adsl-s04 kernel: [ 1031.350353] Node 0 DMA32 free:724048kB min:14376kB low:17968kB high:21564kB active_anon:0kB inactive_anon:0kB active_file:8kB inactive_file:12kB unevictable:0kB isolated(anon):0kB isolated(file):0kB present:3488736kB mlocked:0kB dirty:0kB writeback:0kB mapped:4kB shmem:0kB slab_reclaimable:16kB slab_unreclaimable:4kB kernel_stack:0kB pagetables:0kB unstable:0kB bounce:0kB writeback_tmp:0kB pages_scanned:0 all_unreclaimable? no
Oct 21 15:23:15 adsl-s04 kernel: [ 1031.350358] lowmem_reserve[]: 0 0 12590 12590
Oct 21 15:23:15 adsl-s04 kernel: [ 1031.350360] Node 0 Normal free:14130580kB min:53136kB low:66420kB high:79704kB active_anon:404348kB inactive_anon:228kB active_file:98168kB inactive_file:338932kB unevictable:0kB isolated(anon):0kB isolated(file):0kB present:12892320kB mlocked:0kB dirty:54136kB writeback:0kB mapped:52404kB shmem:1460kB slab_reclaimable:24988kB slab_unreclaimable:33360kB kernel_stack:1792kB pagetables:16532kB unstable:0kB bounce:0kB writeback_tmp:0kB pages_scanned:0 all_unreclaimable? no
Oct 21 15:23:15 adsl-s04 kernel: [ 1031.350365] lowmem_reserve[]: 0 0 0 0
Oct 21 15:23:15 adsl-s04 kernel: [ 1031.350367] Node 0 DMA: 1*4kB 0*8kB 0*16kB 1*32kB 2*64kB 1*128kB 1*256kB 0*512kB 1*1024kB 1*2048kB 1*4096kB 1*8192kB 0*16384kB 0*32768kB 0*65536kB 0*131072kB = 15908kB
Oct 21 15:23:15 adsl-s04 kernel: [ 1031.350373] Node 0 DMA32: 12*4kB 12*8kB 12*16kB 8*32kB 10*64kB 9*128kB 13*256kB 9*512kB 9*1024kB 8*2048kB 8*4096kB 8*8192kB 6*16384kB 5*32768kB 5*65536kB 0*131072kB = 724048kB
Oct 21 15:23:15 adsl-s04 kernel: [ 1031.350379] Node 0 Normal: 3387*4kB 1900*8kB 602*16kB 1081*32kB 788*64kB 543*128kB 343*256kB 220*512kB 131*1024kB 54*2048kB 16*4096kB 5*8192kB 1*16384kB 0*32768kB 0*65536kB 0*131072kB = 760972kB
Oct 21 15:23:15 adsl-s04 kernel: [ 1031.350385] 109546 total pagecache pages
Oct 21 15:23:15 adsl-s04 kernel: [ 1031.374691] 4191728 pages RAM
Oct 21 15:23:15 adsl-s04 kernel: [ 1031.374692] 110163 pages reserved
Oct 21 15:23:15 adsl-s04 kernel: [ 1031.374693] 86277 pages shared
Oct 21 15:23:15 adsl-s04 kernel: [ 1031.374694] 326492 pages non-shared
Oct 21 15:23:15 adsl-s04 kernel: [ 1031.374695] Memory allocation failed.
Oct 21 15:23:15 adsl-s04 kernel: [ 1031.374906] zcache-resize: page allocation failure: order:15, mode:0x200da
Oct 21 15:23:15 adsl-s04 kernel: [ 1031.374908] Pid: 2328, comm: zcache-resize Tainted: G         C O 3.4.1 #349
Oct 21 15:23:15 adsl-s04 kernel: [ 1031.374909] Call Trace:
Oct 21 15:23:15 adsl-s04 kernel: [ 1031.374915]  [<ffffffff8111c11b>] warn_alloc_failed+0xeb/0x150
Oct 21 15:23:15 adsl-s04 kernel: [ 1031.374917]  [<ffffffff8111ffb7>] __alloc_pages_nodemask+0x6b7/0x940
Oct 21 15:23:15 adsl-s04 kernel: [ 1031.374921]  [<ffffffff81152bf0>] alloc_pages_current+0xb0/0x120
Oct 21 15:23:15 adsl-s04 kernel: [ 1031.374925]  [<ffffffffa026c05d>] zcache_reserve_coldmemory+0x1d/0x50 [mcache]
Oct 21 15:23:15 adsl-s04 kernel: [ 1031.374928]  [<ffffffffa026c2de>] zcache_grab_unused_pool+0x3e/0xe0 [mcache]
Oct 21 15:23:15 adsl-s04 kernel: [ 1031.374931]  [<ffffffffa026cddf>] zcache_resize+0x22f/0x3c0 [mcache]
Oct 21 15:23:15 adsl-s04 kernel: [ 1031.374935]  [<ffffffff815fbf37>] ? __schedule+0x3c7/0x7b0
Oct 21 15:23:15 adsl-s04 kernel: [ 1031.374938]  [<ffffffffa026cbb0>] ? compact_memory+0xa0/0xa0 [mcache]
Oct 21 15:23:15 adsl-s04 kernel: [ 1031.374943]  [<ffffffff810780c3>] kthread+0x93/0xa0
Oct 21 15:23:15 adsl-s04 kernel: [ 1031.374946]  [<ffffffff816069e4>] kernel_thread_helper+0x4/0x10
Oct 21 15:23:15 adsl-s04 kernel: [ 1031.374950]  [<ffffffff81078030>] ? flush_kthread_worker+0x80/0x80
Oct 21 15:23:15 adsl-s04 kernel: [ 1031.374953]  [<ffffffff816069e0>] ? gs_change+0x13/0x13
Oct 21 15:23:15 adsl-s04 kernel: [ 1031.374954] Mem-Info:
Oct 21 15:23:15 adsl-s04 kernel: [ 1031.374956] Node 0 DMA per-cpu:
Oct 21 15:23:15 adsl-s04 kernel: [ 1031.374958] CPU    0: hi:    0, btch:   1 usd:   0
Oct 21 15:23:15 adsl-s04 kernel: [ 1031.374960] CPU    1: hi:    0, btch:   1 usd:   0
Oct 21 15:23:15 adsl-s04 kernel: [ 1031.374962] CPU    2: hi:    0, btch:   1 usd:   0
Oct 21 15:23:15 adsl-s04 kernel: [ 1031.374963] CPU    3: hi:    0, btch:   1 usd:   0
Oct 21 15:23:15 adsl-s04 kernel: [ 1031.374965] Node 0 DMA32 per-cpu:
Oct 21 15:23:15 adsl-s04 kernel: [ 1031.374967] CPU    0: hi:  186, btch:  31 usd:   0
Oct 21 15:23:15 adsl-s04 kernel: [ 1031.374969] CPU    1: hi:  186, btch:  31 usd:   0
Oct 21 15:23:15 adsl-s04 kernel: [ 1031.374970] CPU    2: hi:  186, btch:  31 usd:   0
Oct 21 15:23:15 adsl-s04 kernel: [ 1031.374972] CPU    3: hi:  186, btch:  31 usd:   0
Oct 21 15:23:15 adsl-s04 kernel: [ 1031.374974] Node 0 Normal per-cpu:
Oct 21 15:23:15 adsl-s04 kernel: [ 1031.374976] CPU    0: hi:  186, btch:  31 usd:   0
Oct 21 15:23:15 adsl-s04 kernel: [ 1031.374977] CPU    1: hi:  186, btch:  31 usd:   0
Oct 21 15:23:15 adsl-s04 kernel: [ 1031.374979] CPU    2: hi:  186, btch:  31 usd:  30
Oct 21 15:23:15 adsl-s04 kernel: [ 1031.374981] CPU    3: hi:  186, btch:  31 usd:   0
Oct 21 15:23:15 adsl-s04 kernel: [ 1031.374984] active_anon:103782 inactive_anon:57 isolated_anon:0
Oct 21 15:23:15 adsl-s04 kernel: [ 1031.374985]  active_file:24544 inactive_file:84736 isolated_file:0
Oct 21 15:23:15 adsl-s04 kernel: [ 1031.374986]  unevictable:0 dirty:13534 writeback:0 unstable:0
Oct 21 15:23:15 adsl-s04 kernel: [ 1031.374987]  free:3714773 slab_reclaimable:6251 slab_unreclaimable:8341
Oct 21 15:23:15 adsl-s04 kernel: [ 1031.374988]  mapped:13102 shmem:365 pagetables:4206 bounce:0 mercurial free:3342336 mercurial used:0 mercurial active:0
Oct 21 15:23:15 adsl-s04 kernel: [ 1031.374991] Node 0 DMA free:15908kB min:64kB low:80kB high:96kB active_anon:0kB inactive_anon:0kB active_file:0kB inactive_file:0kB unevictable:0kB isolated(anon):0kB isolated(file):0kB present:15652kB mlocked:0kB dirty:0kB writeback:0kB mapped:0kB shmem:0kB slab_reclaimable:0kB slab_unreclaimable:0kB kernel_stack:0kB pagetables:0kB unstable:0kB bounce:0kB writeback_tmp:0kB pages_scanned:0 all_unreclaimable? yes
Oct 21 15:23:15 adsl-s04 kernel: [ 1031.374999] lowmem_reserve[]: 0 3406 15997 15997
Oct 21 15:23:15 adsl-s04 kernel: [ 1031.375004] Node 0 DMA32 free:724048kB min:14376kB low:17968kB high:21564kB active_anon:0kB inactive_anon:0kB active_file:8kB inactive_file:12kB unevictable:0kB isolated(anon):0kB isolated(file):0kB present:3488736kB mlocked:0kB dirty:0kB writeback:0kB mapped:4kB shmem:0kB slab_reclaimable:16kB slab_unreclaimable:4kB kernel_stack:0kB pagetables:0kB unstable:0kB bounce:0kB writeback_tmp:0kB pages_scanned:0 all_unreclaimable? no
Oct 21 15:23:15 adsl-s04 kernel: [ 1031.375012] lowmem_reserve[]: 0 0 12590 12590
Oct 21 15:23:15 adsl-s04 kernel: [ 1031.375016] Node 0 Normal free:14119136kB min:53136kB low:66420kB high:79704kB active_anon:415128kB inactive_anon:228kB active_file:98168kB inactive_file:338932kB unevictable:0kB isolated(anon):0kB isolated(file):0kB present:12892320kB mlocked:0kB dirty:54136kB writeback:0kB mapped:52404kB shmem:1460kB slab_reclaimable:24988kB slab_unreclaimable:33360kB kernel_stack:1792kB pagetables:16824kB unstable:0kB bounce:0kB writeback_tmp:0kB pages_scanned:0 all_unreclaimable? no
Oct 21 15:23:15 adsl-s04 kernel: [ 1031.375025] lowmem_reserve[]: 0 0 0 0
Oct 21 15:23:15 adsl-s04 kernel: [ 1031.375030] Node 0 DMA: 1*4kB 0*8kB 0*16kB 1*32kB 2*64kB 1*128kB 1*256kB 0*512kB 1*1024kB 1*2048kB 1*4096kB 1*8192kB 0*16384kB 0*32768kB 0*65536kB 0*131072kB = 15908kB
Oct 21 15:23:15 adsl-s04 kernel: [ 1031.375044] Node 0 DMA32: 12*4kB 12*8kB 12*16kB 8*32kB 10*64kB 9*128kB 13*256kB 9*512kB 9*1024kB 8*2048kB 8*4096kB 8*8192kB 6*16384kB 5*32768kB 5*65536kB 0*131072kB = 724048kB
Oct 21 15:23:15 adsl-s04 kernel: [ 1031.375059] Node 0 Normal: 602*4kB 1896*8kB 602*16kB 1081*32kB 788*64kB 543*128kB 343*256kB 220*512kB 131*1024kB 54*2048kB 16*4096kB 5*8192kB 1*16384kB 0*32768kB 0*65536kB 0*131072kB = 749800kB
Oct 21 15:23:15 adsl-s04 kernel: [ 1031.375075] 109619 total pagecache pages
Oct 21 15:23:15 adsl-s04 kernel: [ 1031.399494] 4191728 pages RAM
Oct 21 15:23:15 adsl-s04 kernel: [ 1031.399496] 110163 pages reserved
Oct 21 15:23:15 adsl-s04 kernel: [ 1031.399496] 84873 pages shared
Oct 21 15:23:15 adsl-s04 kernel: [ 1031.399497] 323023 pages non-shared
Oct 21 15:23:15 adsl-s04 kernel: [ 1031.399498] Memory allocation failed.
Oct 21 15:23:15 adsl-s04 kernel: [ 1031.437402] zcache-resize: page allocation failure: order:15, mode:0x200da
Oct 21 15:23:15 adsl-s04 kernel: [ 1031.437405] Pid: 2328, comm: zcache-resize Tainted: G         C O 3.4.1 #349
Oct 21 15:23:15 adsl-s04 kernel: [ 1031.437406] Call Trace:
Oct 21 15:23:15 adsl-s04 kernel: [ 1031.437413]  [<ffffffff8111c11b>] warn_alloc_failed+0xeb/0x150
Oct 21 15:23:15 adsl-s04 kernel: [ 1031.437416]  [<ffffffff815f4b11>] ? __alloc_pages_direct_compact+0x17f/0x191
Oct 21 15:23:15 adsl-s04 kernel: [ 1031.437419]  [<ffffffff8111ffb7>] __alloc_pages_nodemask+0x6b7/0x940
Oct 21 15:23:15 adsl-s04 kernel: [ 1031.437422]  [<ffffffff81152bf0>] alloc_pages_current+0xb0/0x120
Oct 21 15:23:15 adsl-s04 kernel: [ 1031.437425]  [<ffffffffa026c05d>] zcache_reserve_coldmemory+0x1d/0x50 [mcache]
Oct 21 15:23:15 adsl-s04 kernel: [ 1031.437427]  [<ffffffffa026c2de>] zcache_grab_unused_pool+0x3e/0xe0 [mcache]
Oct 21 15:23:15 adsl-s04 kernel: [ 1031.437430]  [<ffffffffa026cddf>] zcache_resize+0x22f/0x3c0 [mcache]
Oct 21 15:23:15 adsl-s04 kernel: [ 1031.437432]  [<ffffffff815fbf37>] ? __schedule+0x3c7/0x7b0
Oct 21 15:23:15 adsl-s04 kernel: [ 1031.437434]  [<ffffffffa026cbb0>] ? compact_memory+0xa0/0xa0 [mcache]
Oct 21 15:23:15 adsl-s04 kernel: [ 1031.437437]  [<ffffffff810780c3>] kthread+0x93/0xa0
Oct 21 15:23:15 adsl-s04 kernel: [ 1031.437440]  [<ffffffff816069e4>] kernel_thread_helper+0x4/0x10
Oct 21 15:23:15 adsl-s04 kernel: [ 1031.437442]  [<ffffffff81078030>] ? flush_kthread_worker+0x80/0x80
Oct 21 15:23:15 adsl-s04 kernel: [ 1031.437444]  [<ffffffff816069e0>] ? gs_change+0x13/0x13
Oct 21 15:23:15 adsl-s04 kernel: [ 1031.437445] Mem-Info:
Oct 21 15:23:15 adsl-s04 kernel: [ 1031.437446] Node 0 DMA per-cpu:
Oct 21 15:23:15 adsl-s04 kernel: [ 1031.437447] CPU    0: hi:    0, btch:   1 usd:   0
Oct 21 15:23:15 adsl-s04 kernel: [ 1031.437448] CPU    1: hi:    0, btch:   1 usd:   0
Oct 21 15:23:15 adsl-s04 kernel: [ 1031.437449] CPU    2: hi:    0, btch:   1 usd:   0
Oct 21 15:23:15 adsl-s04 kernel: [ 1031.437450] CPU    3: hi:    0, btch:   1 usd:   0
Oct 21 15:23:15 adsl-s04 kernel: [ 1031.437451] Node 0 DMA32 per-cpu:
Oct 21 15:23:15 adsl-s04 kernel: [ 1031.437452] CPU    0: hi:  186, btch:  31 usd:   0
Oct 21 15:23:15 adsl-s04 kernel: [ 1031.437453] CPU    1: hi:  186, btch:  31 usd:   0
Oct 21 15:23:15 adsl-s04 kernel: [ 1031.437454] CPU    2: hi:  186, btch:  31 usd:   0
Oct 21 15:23:15 adsl-s04 kernel: [ 1031.437455] CPU    3: hi:  186, btch:  31 usd:   0
Oct 21 15:23:15 adsl-s04 kernel: [ 1031.437456] Node 0 Normal per-cpu:
Oct 21 15:23:15 adsl-s04 kernel: [ 1031.437457] CPU    0: hi:  186, btch:  31 usd:  67
Oct 21 15:23:15 adsl-s04 kernel: [ 1031.437458] CPU    1: hi:  186, btch:  31 usd:   0
Oct 21 15:23:15 adsl-s04 kernel: [ 1031.437459] CPU    2: hi:  186, btch:  31 usd:  27
Oct 21 15:23:15 adsl-s04 kernel: [ 1031.437460] CPU    3: hi:  186, btch:  31 usd:   0
Oct 21 15:23:15 adsl-s04 kernel: [ 1031.437463] active_anon:97951 inactive_anon:57 isolated_anon:0
Oct 21 15:23:15 adsl-s04 kernel: [ 1031.437464]  active_file:24544 inactive_file:84785 isolated_file:0
Oct 21 15:23:15 adsl-s04 kernel: [ 1031.437464]  unevictable:0 dirty:13534 writeback:0 unstable:0
Oct 21 15:23:15 adsl-s04 kernel: [ 1031.437465]  free:3720767 slab_reclaimable:6251 slab_unreclaimable:8341
Oct 21 15:23:15 adsl-s04 kernel: [ 1031.437465]  mapped:13102 shmem:365 pagetables:4060 bounce:0 mercurial free:3342336 mercurial used:0 mercurial active:0
Oct 21 15:23:15 adsl-s04 kernel: [ 1031.437467] Node 0 DMA free:15908kB min:64kB low:80kB high:96kB active_anon:0kB inactive_anon:0kB active_file:0kB inactive_file:0kB unevictable:0kB isolated(anon):0kB isolated(file):0kB present:15652kB mlocked:0kB dirty:0kB writeback:0kB mapped:0kB shmem:0kB slab_reclaimable:0kB slab_unreclaimable:0kB kernel_stack:0kB pagetables:0kB unstable:0kB bounce:0kB writeback_tmp:0kB pages_scanned:0 all_unreclaimable? yes
Oct 21 15:23:15 adsl-s04 kernel: [ 1031.437472] lowmem_reserve[]: 0 3406 15997 15997
Oct 21 15:23:15 adsl-s04 kernel: [ 1031.437474] Node 0 DMA32 free:724048kB min:14376kB low:17968kB high:21564kB active_anon:0kB inactive_anon:0kB active_file:8kB inactive_file:12kB unevictable:0kB isolated(anon):0kB isolated(file):0kB present:3488736kB mlocked:0kB dirty:0kB writeback:0kB mapped:4kB shmem:0kB slab_reclaimable:16kB slab_unreclaimable:4kB kernel_stack:0kB pagetables:0kB unstable:0kB bounce:0kB writeback_tmp:0kB pages_scanned:0 all_unreclaimable? no
Oct 21 15:23:15 adsl-s04 kernel: [ 1031.437479] lowmem_reserve[]: 0 0 12590 12590
Oct 21 15:23:15 adsl-s04 kernel: [ 1031.437481] Node 0 Normal free:14143112kB min:53136kB low:66420kB high:79704kB active_anon:391804kB inactive_anon:228kB active_file:98168kB inactive_file:339128kB unevictable:0kB isolated(anon):0kB isolated(file):0kB present:12892320kB mlocked:0kB dirty:54136kB writeback:0kB mapped:52404kB shmem:1460kB slab_reclaimable:24988kB slab_unreclaimable:33360kB kernel_stack:1792kB pagetables:16240kB unstable:0kB bounce:0kB writeback_tmp:0kB pages_scanned:0 all_unreclaimable? no
Oct 21 15:23:15 adsl-s04 kernel: [ 1031.437487] lowmem_reserve[]: 0 0 0 0
Oct 21 15:23:15 adsl-s04 kernel: [ 1031.437488] Node 0 DMA: 1*4kB 0*8kB 0*16kB 1*32kB 2*64kB 1*128kB 1*256kB 0*512kB 1*1024kB 1*2048kB 1*4096kB 1*8192kB 0*16384kB 0*32768kB 0*65536kB 0*131072kB = 15908kB
Oct 21 15:23:15 adsl-s04 kernel: [ 1031.437495] Node 0 DMA32: 12*4kB 12*8kB 12*16kB 8*32kB 10*64kB 9*128kB 13*256kB 9*512kB 9*1024kB 8*2048kB 8*4096kB 8*8192kB 6*16384kB 5*32768kB 5*65536kB 0*131072kB = 724048kB
Oct 21 15:23:15 adsl-s04 kernel: [ 1031.437501] Node 0 Normal: 522*4kB 453*8kB 280*16kB 196*32kB 157*64kB 116*128kB 98*256kB 85*512kB 70*1024kB 71*2048kB 43*4096kB 21*8192kB 4*16384kB 1*32768kB 0*65536kB 0*131072kB = 773520kB
Oct 21 15:23:15 adsl-s04 kernel: [ 1031.437507] 109619 total pagecache pages
Oct 21 15:23:15 adsl-s04 kernel: [ 1031.461474] 4191728 pages RAM
Oct 21 15:23:15 adsl-s04 kernel: [ 1031.461476] 110163 pages reserved
Oct 21 15:23:15 adsl-s04 kernel: [ 1031.461478] 84181 pages shared
Oct 21 15:23:15 adsl-s04 kernel: [ 1031.461479] 322075 pages non-shared
Oct 21 15:23:15 adsl-s04 kernel: [ 1031.461481] Memory allocation failed.
Oct 21 15:23:15 adsl-s04 kernel: [ 1031.461606] Memory allocation failed.
Oct 21 15:23:15 adsl-s04 kernel: [ 1031.461717] Memory allocation failed.
Oct 21 15:23:15 adsl-s04 kernel: [ 1031.461853] Memory allocation failed.
Oct 21 15:23:15 adsl-s04 kernel: [ 1031.461962] Memory allocation failed.
Oct 21 15:23:15 adsl-s04 kernel: [ 1031.490296] Memory allocation failed.
Oct 21 15:23:15 adsl-s04 kernel: [ 1031.490416] Memory allocation failed.
Oct 21 15:23:15 adsl-s04 kernel: [ 1031.490523] Memory allocation failed.
Oct 21 15:23:15 adsl-s04 kernel: [ 1031.490631] Memory allocation failed.
Oct 21 15:23:15 adsl-s04 kernel: [ 1031.490738] Memory allocation failed.
Oct 21 15:23:16 adsl-s04 kernel: [ 1031.519631] Memory allocation failed.
Oct 21 15:23:16 adsl-s04 kernel: [ 1031.519750] Memory allocation failed.
Oct 21 15:23:16 adsl-s04 kernel: [ 1031.519923] Memory allocation failed.
Oct 21 15:23:16 adsl-s04 kernel: [ 1031.520031] Memory allocation failed.
Oct 21 15:23:16 adsl-s04 kernel: [ 1031.520138] Memory allocation failed.
Oct 21 15:23:16 adsl-s04 kernel: [ 1031.552807] Memory allocation failed.
Oct 21 15:23:16 adsl-s04 kernel: [ 1031.552989] Memory allocation failed.
Oct 21 15:23:16 adsl-s04 kernel: [ 1031.552990] zcache:page cache evicted..
Oct 21 15:23:16 adsl-s04 kernel: [ 1031.587008] low:high:copy:total 102:26:0
Oct 21 15:23:31 adsl-s04 kernel: [ 1046.587564] warn_alloc_failed: 16 callbacks suppressed
Oct 21 15:23:31 adsl-s04 kernel: [ 1046.587567] zcache-resize: page allocation failure: order:15, mode:0x200da
Oct 21 15:23:31 adsl-s04 kernel: [ 1046.587569] Pid: 2328, comm: zcache-resize Tainted: G         C O 3.4.1 #349
Oct 21 15:23:31 adsl-s04 kernel: [ 1046.587570] Call Trace:
Oct 21 15:23:31 adsl-s04 kernel: [ 1046.587576]  [<ffffffff8111c11b>] warn_alloc_failed+0xeb/0x150
Oct 21 15:23:31 adsl-s04 kernel: [ 1046.587579]  [<ffffffff8111ffb7>] __alloc_pages_nodemask+0x6b7/0x940
Oct 21 15:23:31 adsl-s04 kernel: [ 1046.587583]  [<ffffffff8101258b>] ? __switch_to+0x12b/0x420
Oct 21 15:23:31 adsl-s04 kernel: [ 1046.587587]  [<ffffffff81085228>] ? finish_task_switch+0xa8/0xe0
Oct 21 15:23:31 adsl-s04 kernel: [ 1046.587590]  [<ffffffff81152bf0>] alloc_pages_current+0xb0/0x120
Oct 21 15:23:31 adsl-s04 kernel: [ 1046.587593]  [<ffffffffa026c05d>] zcache_reserve_coldmemory+0x1d/0x50 [mcache]
Oct 21 15:23:31 adsl-s04 kernel: [ 1046.587595]  [<ffffffffa026c2de>] zcache_grab_unused_pool+0x3e/0xe0 [mcache]
Oct 21 15:23:31 adsl-s04 kernel: [ 1046.587597]  [<ffffffffa026cddf>] zcache_resize+0x22f/0x3c0 [mcache]
Oct 21 15:23:31 adsl-s04 kernel: [ 1046.587600]  [<ffffffff815fbf37>] ? __schedule+0x3c7/0x7b0
Oct 21 15:23:31 adsl-s04 kernel: [ 1046.587602]  [<ffffffffa026cbb0>] ? compact_memory+0xa0/0xa0 [mcache]
Oct 21 15:23:31 adsl-s04 kernel: [ 1046.587605]  [<ffffffff810780c3>] kthread+0x93/0xa0
Oct 21 15:23:31 adsl-s04 kernel: [ 1046.587608]  [<ffffffff816069e4>] kernel_thread_helper+0x4/0x10
Oct 21 15:23:31 adsl-s04 kernel: [ 1046.587610]  [<ffffffff81078030>] ? flush_kthread_worker+0x80/0x80
Oct 21 15:23:31 adsl-s04 kernel: [ 1046.587612]  [<ffffffff816069e0>] ? gs_change+0x13/0x13
Oct 21 15:23:31 adsl-s04 kernel: [ 1046.587613] Mem-Info:
Oct 21 15:23:31 adsl-s04 kernel: [ 1046.587614] Node 0 DMA per-cpu:
Oct 21 15:23:31 adsl-s04 kernel: [ 1046.587615] CPU    0: hi:    0, btch:   1 usd:   0
Oct 21 15:23:31 adsl-s04 kernel: [ 1046.587616] CPU    1: hi:    0, btch:   1 usd:   0
Oct 21 15:23:31 adsl-s04 kernel: [ 1046.587617] CPU    2: hi:    0, btch:   1 usd:   0
Oct 21 15:23:31 adsl-s04 kernel: [ 1046.587618] CPU    3: hi:    0, btch:   1 usd:   0
Oct 21 15:23:31 adsl-s04 kernel: [ 1046.587619] Node 0 DMA32 per-cpu:
Oct 21 15:23:31 adsl-s04 kernel: [ 1046.587620] CPU    0: hi:  186, btch:  31 usd:   0
Oct 21 15:23:31 adsl-s04 kernel: [ 1046.587621] CPU    1: hi:  186, btch:  31 usd:   0
Oct 21 15:23:31 adsl-s04 kernel: [ 1046.587622] CPU    2: hi:  186, btch:  31 usd:   0
Oct 21 15:23:31 adsl-s04 kernel: [ 1046.587623] CPU    3: hi:  186, btch:  31 usd:   0
Oct 21 15:23:31 adsl-s04 kernel: [ 1046.587624] Node 0 Normal per-cpu:
Oct 21 15:23:31 adsl-s04 kernel: [ 1046.587625] CPU    0: hi:  186, btch:  31 usd:  26
Oct 21 15:23:31 adsl-s04 kernel: [ 1046.587626] CPU    1: hi:  186, btch:  31 usd:   0
Oct 21 15:23:31 adsl-s04 kernel: [ 1046.587627] CPU    2: hi:  186, btch:  31 usd:  29
Oct 21 15:23:31 adsl-s04 kernel: [ 1046.587628] CPU    3: hi:  186, btch:  31 usd:   0
Oct 21 15:23:31 adsl-s04 kernel: [ 1046.587631] active_anon:113782 inactive_anon:337 isolated_anon:0
Oct 21 15:23:31 adsl-s04 kernel: [ 1046.587632]  active_file:11635 inactive_file:25968 isolated_file:0
Oct 21 15:23:31 adsl-s04 kernel: [ 1046.587632]  unevictable:0 dirty:21031 writeback:0 unstable:0
Oct 21 15:23:31 adsl-s04 kernel: [ 1046.587633]  free:3776745 slab_reclaimable:5420 slab_unreclaimable:8382
Oct 21 15:23:31 adsl-s04 kernel: [ 1046.587633]  mapped:13084 shmem:365 pagetables:4222 bounce:0 mercurial free:3342336 mercurial used:0 mercurial active:0
Oct 21 15:23:31 adsl-s04 kernel: [ 1046.587635] Node 0 DMA free:15908kB min:64kB low:80kB high:96kB active_anon:0kB inactive_anon:0kB active_file:0kB inactive_file:0kB unevictable:0kB isolated(anon):0kB isolated(file):0kB present:15652kB mlocked:0kB dirty:0kB writeback:0kB mapped:0kB shmem:0kB slab_reclaimable:0kB slab_unreclaimable:0kB kernel_stack:0kB pagetables:0kB unstable:0kB bounce:0kB writeback_tmp:0kB pages_scanned:0 all_unreclaimable? yes
Oct 21 15:23:31 adsl-s04 kernel: [ 1046.587640] lowmem_reserve[]: 0 3406 15997 15997
Oct 21 15:23:31 adsl-s04 kernel: [ 1046.587642] Node 0 DMA32 free:724048kB min:14376kB low:17968kB high:21564kB active_anon:0kB inactive_anon:0kB active_file:0kB inactive_file:0kB unevictable:0kB isolated(anon):0kB isolated(file):0kB present:3488736kB mlocked:0kB dirty:0kB writeback:0kB mapped:4kB shmem:0kB slab_reclaimable:16kB slab_unreclaimable:4kB kernel_stack:0kB pagetables:0kB unstable:0kB bounce:0kB writeback_tmp:0kB pages_scanned:0 all_unreclaimable? no
Oct 21 15:23:31 adsl-s04 kernel: [ 1046.587647] lowmem_reserve[]: 0 0 12590 12590
Oct 21 15:23:31 adsl-s04 kernel: [ 1046.587649] Node 0 Normal free:14367024kB min:53136kB low:66420kB high:79704kB active_anon:455128kB inactive_anon:1348kB active_file:46540kB inactive_file:103872kB unevictable:0kB isolated(anon):0kB isolated(file):0kB present:12892320kB mlocked:0kB dirty:84124kB writeback:0kB mapped:52332kB shmem:1460kB slab_reclaimable:21664kB slab_unreclaimable:33524kB kernel_stack:1792kB pagetables:16888kB unstable:0kB bounce:0kB writeback_tmp:0kB pages_scanned:0 all_unreclaimable? no
Oct 21 15:23:31 adsl-s04 kernel: [ 1046.587654] lowmem_reserve[]: 0 0 0 0
Oct 21 15:23:31 adsl-s04 kernel: [ 1046.587656] Node 0 DMA: 1*4kB 0*8kB 0*16kB 1*32kB 2*64kB 1*128kB 1*256kB 0*512kB 1*1024kB 1*2048kB 1*4096kB 1*8192kB 0*16384kB 0*32768kB 0*65536kB 0*131072kB = 15908kB
Oct 21 15:23:31 adsl-s04 kernel: [ 1046.587662] Node 0 DMA32: 9*4kB 10*8kB 9*16kB 7*32kB 8*64kB 7*128kB 11*256kB 7*512kB 7*1024kB 6*2048kB 6*4096kB 6*8192kB 6*16384kB 6*32768kB 5*65536kB 0*131072kB = 724068kB
Oct 21 15:23:31 adsl-s04 kernel: [ 1046.587668] Node 0 Normal: 447*4kB 247*8kB 203*16kB 3700*32kB 1399*64kB 237*128kB 90*256kB 69*512kB 50*1024kB 54*2048kB 40*4096kB 29*8192kB 6*16384kB 1*32768kB 0*65536kB 0*131072kB = 997924kB
Oct 21 15:23:31 adsl-s04 kernel: [ 1046.587674] 37941 total pagecache pages
Oct 21 15:23:31 adsl-s04 kernel: [ 1046.612604] 4191728 pages RAM
Oct 21 15:23:31 adsl-s04 kernel: [ 1046.612606] 110163 pages reserved
Oct 21 15:23:31 adsl-s04 kernel: [ 1046.612606] 85160 pages shared
Oct 21 15:23:31 adsl-s04 kernel: [ 1046.612607] 264554 pages non-shared
Oct 21 15:23:31 adsl-s04 kernel: [ 1046.612608] Memory allocation failed.
Oct 21 15:23:31 adsl-s04 kernel: [ 1046.618568] zcache-resize: page allocation failure: order:15, mode:0x200da
Oct 21 15:23:31 adsl-s04 kernel: [ 1046.618571] Pid: 2328, comm: zcache-resize Tainted: G         C O 3.4.1 #349
Oct 21 15:23:31 adsl-s04 kernel: [ 1046.618572] Call Trace:
Oct 21 15:23:31 adsl-s04 kernel: [ 1046.618578]  [<ffffffff8111c11b>] warn_alloc_failed+0xeb/0x150
Oct 21 15:23:31 adsl-s04 kernel: [ 1046.618581]  [<ffffffff8111ffb7>] __alloc_pages_nodemask+0x6b7/0x940
Oct 21 15:23:31 adsl-s04 kernel: [ 1046.618585]  [<ffffffff81152bf0>] alloc_pages_current+0xb0/0x120
Oct 21 15:23:31 adsl-s04 kernel: [ 1046.618588]  [<ffffffffa026c05d>] zcache_reserve_coldmemory+0x1d/0x50 [mcache]
Oct 21 15:23:31 adsl-s04 kernel: [ 1046.618590]  [<ffffffffa026c2de>] zcache_grab_unused_pool+0x3e/0xe0 [mcache]
Oct 21 15:23:31 adsl-s04 kernel: [ 1046.618592]  [<ffffffffa026cddf>] zcache_resize+0x22f/0x3c0 [mcache]
Oct 21 15:23:31 adsl-s04 kernel: [ 1046.618595]  [<ffffffff815fbf37>] ? __schedule+0x3c7/0x7b0
Oct 21 15:23:31 adsl-s04 kernel: [ 1046.618597]  [<ffffffffa026cbb0>] ? compact_memory+0xa0/0xa0 [mcache]
Oct 21 15:23:31 adsl-s04 kernel: [ 1046.618600]  [<ffffffff810780c3>] kthread+0x93/0xa0
Oct 21 15:23:31 adsl-s04 kernel: [ 1046.618603]  [<ffffffff816069e4>] kernel_thread_helper+0x4/0x10
Oct 21 15:23:31 adsl-s04 kernel: [ 1046.618605]  [<ffffffff81078030>] ? flush_kthread_worker+0x80/0x80
Oct 21 15:23:31 adsl-s04 kernel: [ 1046.618607]  [<ffffffff816069e0>] ? gs_change+0x13/0x13
Oct 21 15:23:31 adsl-s04 kernel: [ 1046.618608] Mem-Info:
Oct 21 15:23:31 adsl-s04 kernel: [ 1046.618609] Node 0 DMA per-cpu:
Oct 21 15:23:31 adsl-s04 kernel: [ 1046.618610] CPU    0: hi:    0, btch:   1 usd:   0
Oct 21 15:23:31 adsl-s04 kernel: [ 1046.618611] CPU    1: hi:    0, btch:   1 usd:   0
Oct 21 15:23:31 adsl-s04 kernel: [ 1046.618612] CPU    2: hi:    0, btch:   1 usd:   0
Oct 21 15:23:31 adsl-s04 kernel: [ 1046.618613] CPU    3: hi:    0, btch:   1 usd:   0
Oct 21 15:23:31 adsl-s04 kernel: [ 1046.618614] Node 0 DMA32 per-cpu:
Oct 21 15:23:31 adsl-s04 kernel: [ 1046.618615] CPU    0: hi:  186, btch:  31 usd:   0
Oct 21 15:23:31 adsl-s04 kernel: [ 1046.618616] CPU    1: hi:  186, btch:  31 usd:   0
Oct 21 15:23:31 adsl-s04 kernel: [ 1046.618617] CPU    2: hi:  186, btch:  31 usd:   0
Oct 21 15:23:31 adsl-s04 kernel: [ 1046.618618] CPU    3: hi:  186, btch:  31 usd:   0
Oct 21 15:23:31 adsl-s04 kernel: [ 1046.618619] Node 0 Normal per-cpu:
Oct 21 15:23:31 adsl-s04 kernel: [ 1046.618620] CPU    0: hi:  186, btch:  31 usd:  26
Oct 21 15:23:31 adsl-s04 kernel: [ 1046.618621] CPU    1: hi:  186, btch:  31 usd:   0
Oct 21 15:23:31 adsl-s04 kernel: [ 1046.618622] CPU    2: hi:  186, btch:  31 usd:  29
Oct 21 15:23:31 adsl-s04 kernel: [ 1046.618623] CPU    3: hi:  186, btch:  31 usd:   0
Oct 21 15:23:31 adsl-s04 kernel: [ 1046.618626] active_anon:107216 inactive_anon:337 isolated_anon:0
Oct 21 15:23:31 adsl-s04 kernel: [ 1046.618627]  active_file:11635 inactive_file:25968 isolated_file:0
Oct 21 15:23:31 adsl-s04 kernel: [ 1046.618627]  unevictable:0 dirty:21104 writeback:0 unstable:0
Oct 21 15:23:31 adsl-s04 kernel: [ 1046.618628]  free:3783439 slab_reclaimable:5420 slab_unreclaimable:8382
Oct 21 15:23:31 adsl-s04 kernel: [ 1046.618628]  mapped:13084 shmem:365 pagetables:4222 bounce:0 mercurial free:3342336 mercurial used:0 mercurial active:0
Oct 21 15:23:31 adsl-s04 kernel: [ 1046.618630] Node 0 DMA free:15908kB min:64kB low:80kB high:96kB active_anon:0kB inactive_anon:0kB active_file:0kB inactive_file:0kB unevictable:0kB isolated(anon):0kB isolated(file):0kB present:15652kB mlocked:0kB dirty:0kB writeback:0kB mapped:0kB shmem:0kB slab_reclaimable:0kB slab_unreclaimable:0kB kernel_stack:0kB pagetables:0kB unstable:0kB bounce:0kB writeback_tmp:0kB pages_scanned:0 all_unreclaimable? yes
Oct 21 15:23:31 adsl-s04 kernel: [ 1046.618635] lowmem_reserve[]: 0 3406 15997 15997
Oct 21 15:23:31 adsl-s04 kernel: [ 1046.618637] Node 0 DMA32 free:724048kB min:14376kB low:17968kB high:21564kB active_anon:0kB inactive_anon:0kB active_file:0kB inactive_file:0kB unevictable:0kB isolated(anon):0kB isolated(file):0kB present:3488736kB mlocked:0kB dirty:0kB writeback:0kB mapped:4kB shmem:0kB slab_reclaimable:16kB slab_unreclaimable:4kB kernel_stack:0kB pagetables:0kB unstable:0kB bounce:0kB writeback_tmp:0kB pages_scanned:0 all_unreclaimable? no
Oct 21 15:23:31 adsl-s04 kernel: [ 1046.618642] lowmem_reserve[]: 0 0 12590 12590
Oct 21 15:23:31 adsl-s04 kernel: [ 1046.618644] Node 0 Normal free:14393800kB min:53136kB low:66420kB high:79704kB active_anon:428864kB inactive_anon:1348kB active_file:46540kB inactive_file:103872kB unevictable:0kB isolated(anon):0kB isolated(file):0kB present:12892320kB mlocked:0kB dirty:84416kB writeback:0kB mapped:52332kB shmem:1460kB slab_reclaimable:21664kB slab_unreclaimable:33524kB kernel_stack:1792kB pagetables:16888kB unstable:0kB bounce:0kB writeback_tmp:0kB pages_scanned:0 all_unreclaimable? no
Oct 21 15:23:31 adsl-s04 kernel: [ 1046.618649] lowmem_reserve[]: 0 0 0 0
Oct 21 15:23:31 adsl-s04 kernel: [ 1046.618651] Node 0 DMA: 1*4kB 0*8kB 0*16kB 1*32kB 2*64kB 1*128kB 1*256kB 0*512kB 1*1024kB 1*2048kB 1*4096kB 1*8192kB 0*16384kB 0*32768kB 0*65536kB 0*131072kB = 15908kB
Oct 21 15:23:31 adsl-s04 kernel: [ 1046.618657] Node 0 DMA32: 9*4kB 10*8kB 9*16kB 7*32kB 8*64kB 7*128kB 11*256kB 7*512kB 7*1024kB 6*2048kB 6*4096kB 6*8192kB 6*16384kB 6*32768kB 5*65536kB 0*131072kB = 724068kB
Oct 21 15:23:31 adsl-s04 kernel: [ 1046.618663] Node 0 Normal: 2880*4kB 2098*8kB 572*16kB 3579*32kB 1399*64kB 237*128kB 90*256kB 69*512kB 50*1024kB 54*2048kB 40*4096kB 29*8192kB 6*16384kB 1*32768kB 0*65536kB 0*131072kB = 1024496kB
Oct 21 15:23:31 adsl-s04 kernel: [ 1046.618670] 38014 total pagecache pages
Oct 21 15:23:31 adsl-s04 kernel: [ 1046.643468] 4191728 pages RAM
Oct 21 15:23:31 adsl-s04 kernel: [ 1046.643470] 110163 pages reserved
Oct 21 15:23:31 adsl-s04 kernel: [ 1046.643471] 82606 pages shared
Oct 21 15:23:31 adsl-s04 kernel: [ 1046.643473] 256594 pages non-shared
Oct 21 15:23:31 adsl-s04 kernel: [ 1046.643474] Memory allocation failed.
Oct 21 15:23:31 adsl-s04 kernel: [ 1046.650559] zcache-resize: page allocation failure: order:15, mode:0x200da
Oct 21 15:23:31 adsl-s04 kernel: [ 1046.650562] Pid: 2328, comm: zcache-resize Tainted: G         C O 3.4.1 #349
Oct 21 15:23:31 adsl-s04 kernel: [ 1046.650563] Call Trace:
Oct 21 15:23:31 adsl-s04 kernel: [ 1046.650569]  [<ffffffff8111c11b>] warn_alloc_failed+0xeb/0x150
Oct 21 15:23:31 adsl-s04 kernel: [ 1046.650572]  [<ffffffff8111ffb7>] __alloc_pages_nodemask+0x6b7/0x940
Oct 21 15:23:31 adsl-s04 kernel: [ 1046.650575]  [<ffffffff81152bf0>] alloc_pages_current+0xb0/0x120
Oct 21 15:23:31 adsl-s04 kernel: [ 1046.650579]  [<ffffffffa026c05d>] zcache_reserve_coldmemory+0x1d/0x50 [mcache]
Oct 21 15:23:31 adsl-s04 kernel: [ 1046.650581]  [<ffffffffa026c2de>] zcache_grab_unused_pool+0x3e/0xe0 [mcache]
Oct 21 15:23:31 adsl-s04 kernel: [ 1046.650583]  [<ffffffffa026cddf>] zcache_resize+0x22f/0x3c0 [mcache]
Oct 21 15:23:31 adsl-s04 kernel: [ 1046.650586]  [<ffffffff815fbf37>] ? __schedule+0x3c7/0x7b0
Oct 21 15:23:31 adsl-s04 kernel: [ 1046.650588]  [<ffffffffa026cbb0>] ? compact_memory+0xa0/0xa0 [mcache]
Oct 21 15:23:31 adsl-s04 kernel: [ 1046.650591]  [<ffffffff810780c3>] kthread+0x93/0xa0
Oct 21 15:23:31 adsl-s04 kernel: [ 1046.650594]  [<ffffffff816069e4>] kernel_thread_helper+0x4/0x10
Oct 21 15:23:31 adsl-s04 kernel: [ 1046.650597]  [<ffffffff81078030>] ? flush_kthread_worker+0x80/0x80
Oct 21 15:23:31 adsl-s04 kernel: [ 1046.650598]  [<ffffffff816069e0>] ? gs_change+0x13/0x13
Oct 21 15:23:31 adsl-s04 kernel: [ 1046.650599] Mem-Info:
Oct 21 15:23:31 adsl-s04 kernel: [ 1046.650600] Node 0 DMA per-cpu:
Oct 21 15:23:31 adsl-s04 kernel: [ 1046.650602] CPU    0: hi:    0, btch:   1 usd:   0
Oct 21 15:23:31 adsl-s04 kernel: [ 1046.650603] CPU    1: hi:    0, btch:   1 usd:   0
Oct 21 15:23:31 adsl-s04 kernel: [ 1046.650604] CPU    2: hi:    0, btch:   1 usd:   0
Oct 21 15:23:31 adsl-s04 kernel: [ 1046.650605] CPU    3: hi:    0, btch:   1 usd:   0
Oct 21 15:23:31 adsl-s04 kernel: [ 1046.650606] Node 0 DMA32 per-cpu:
Oct 21 15:23:31 adsl-s04 kernel: [ 1046.650607] CPU    0: hi:  186, btch:  31 usd:   0
Oct 21 15:23:31 adsl-s04 kernel: [ 1046.650608] CPU    1: hi:  186, btch:  31 usd:   0
Oct 21 15:23:31 adsl-s04 kernel: [ 1046.650609] CPU    2: hi:  186, btch:  31 usd:   0
Oct 21 15:23:31 adsl-s04 kernel: [ 1046.650610] CPU    3: hi:  186, btch:  31 usd:   0
Oct 21 15:23:31 adsl-s04 kernel: [ 1046.650611] Node 0 Normal per-cpu:
Oct 21 15:23:31 adsl-s04 kernel: [ 1046.650612] CPU    0: hi:  186, btch:  31 usd:  30
Oct 21 15:23:31 adsl-s04 kernel: [ 1046.650613] CPU    1: hi:  186, btch:  31 usd:   0
Oct 21 15:23:31 adsl-s04 kernel: [ 1046.650614] CPU    2: hi:  186, btch:  31 usd:  30
Oct 21 15:23:31 adsl-s04 kernel: [ 1046.650615] CPU    3: hi:  186, btch:  31 usd:   0
Oct 21 15:23:31 adsl-s04 kernel: [ 1046.650618] active_anon:94378 inactive_anon:337 isolated_anon:0
Oct 21 15:23:31 adsl-s04 kernel: [ 1046.650618]  active_file:11635 inactive_file:26017 isolated_file:0
Oct 21 15:23:31 adsl-s04 kernel: [ 1046.650619]  unevictable:0 dirty:21177 writeback:0 unstable:0
Oct 21 15:23:31 adsl-s04 kernel: [ 1046.650619]  free:3796453 slab_reclaimable:5420 slab_unreclaimable:8382
Oct 21 15:23:31 adsl-s04 kernel: [ 1046.650620]  mapped:13157 shmem:365 pagetables:4003 bounce:0 mercurial free:3342336 mercurial used:0 mercurial active:0
Oct 21 15:23:31 adsl-s04 kernel: [ 1046.650621] Node 0 DMA free:15908kB min:64kB low:80kB high:96kB active_anon:0kB inactive_anon:0kB active_file:0kB inactive_file:0kB unevictable:0kB isolated(anon):0kB isolated(file):0kB present:15652kB mlocked:0kB dirty:0kB writeback:0kB mapped:0kB shmem:0kB slab_reclaimable:0kB slab_unreclaimable:0kB kernel_stack:0kB pagetables:0kB unstable:0kB bounce:0kB writeback_tmp:0kB pages_scanned:0 all_unreclaimable? yes
Oct 21 15:23:31 adsl-s04 kernel: [ 1046.650626] lowmem_reserve[]: 0 3406 15997 15997
Oct 21 15:23:31 adsl-s04 kernel: [ 1046.650628] Node 0 DMA32 free:724048kB min:14376kB low:17968kB high:21564kB active_anon:0kB inactive_anon:0kB active_file:0kB inactive_file:0kB unevictable:0kB isolated(anon):0kB isolated(file):0kB present:3488736kB mlocked:0kB dirty:0kB writeback:0kB mapped:4kB shmem:0kB slab_reclaimable:16kB slab_unreclaimable:4kB kernel_stack:0kB pagetables:0kB unstable:0kB bounce:0kB writeback_tmp:0kB pages_scanned:0 all_unreclaimable? no
Oct 21 15:23:31 adsl-s04 kernel: [ 1046.650634] lowmem_reserve[]: 0 0 12590 12590
Oct 21 15:23:31 adsl-s04 kernel: [ 1046.650635] Node 0 Normal free:14445856kB min:53136kB low:66420kB high:79704kB active_anon:377512kB inactive_anon:1348kB active_file:46540kB inactive_file:104068kB unevictable:0kB isolated(anon):0kB isolated(file):0kB present:12892320kB mlocked:0kB dirty:84708kB writeback:0kB mapped:52624kB shmem:1460kB slab_reclaimable:21664kB slab_unreclaimable:33524kB kernel_stack:1792kB pagetables:16012kB unstable:0kB bounce:0kB writeback_tmp:0kB pages_scanned:0 all_unreclaimable? no
Oct 21 15:23:31 adsl-s04 kernel: [ 1046.650641] lowmem_reserve[]: 0 0 0 0
Oct 21 15:23:31 adsl-s04 kernel: [ 1046.650643] Node 0 DMA: 1*4kB 0*8kB 0*16kB 1*32kB 2*64kB 1*128kB 1*256kB 0*512kB 1*1024kB 1*2048kB 1*4096kB 1*8192kB 0*16384kB 0*32768kB 0*65536kB 0*131072kB = 15908kB
Oct 21 15:23:31 adsl-s04 kernel: [ 1046.650649] Node 0 DMA32: 9*4kB 10*8kB 9*16kB 7*32kB 8*64kB 7*128kB 11*256kB 7*512kB 7*1024kB 6*2048kB 6*4096kB 6*8192kB 6*16384kB 6*32768kB 5*65536kB 0*131072kB = 724068kB
Oct 21 15:23:31 adsl-s04 kernel: [ 1046.650655] Node 0 Normal: 6114*4kB 5255*8kB 1316*16kB 3639*32kB 1399*64kB 237*128kB 90*256kB 69*512kB 50*1024kB 54*2048kB 40*4096kB 29*8192kB 6*16384kB 1*32768kB 0*65536kB 0*131072kB = 1076512kB
Oct 21 15:23:31 adsl-s04 kernel: [ 1046.650662] 38087 total pagecache pages
Oct 21 15:23:31 adsl-s04 kernel: [ 1046.675130] 4191728 pages RAM
Oct 21 15:23:31 adsl-s04 kernel: [ 1046.675132] 110163 pages reserved
Oct 21 15:23:31 adsl-s04 kernel: [ 1046.675133] 79792 pages shared
Oct 21 15:23:31 adsl-s04 kernel: [ 1046.675134] 248634 pages non-shared
Oct 21 15:23:31 adsl-s04 kernel: [ 1046.675136] Memory allocation failed.
Oct 21 15:23:31 adsl-s04 kernel: [ 1046.789623] zcache-resize: page allocation failure: order:15, mode:0x200da
Oct 21 15:23:31 adsl-s04 kernel: [ 1046.789627] Pid: 2328, comm: zcache-resize Tainted: G         C O 3.4.1 #349
Oct 21 15:23:31 adsl-s04 kernel: [ 1046.789628] Call Trace:
Oct 21 15:23:31 adsl-s04 kernel: [ 1046.789635]  [<ffffffff8111c11b>] warn_alloc_failed+0xeb/0x150
Oct 21 15:23:31 adsl-s04 kernel: [ 1046.789638]  [<ffffffff815f4b11>] ? __alloc_pages_direct_compact+0x17f/0x191
Oct 21 15:23:31 adsl-s04 kernel: [ 1046.789641]  [<ffffffff8111ffb7>] __alloc_pages_nodemask+0x6b7/0x940
Oct 21 15:23:31 adsl-s04 kernel: [ 1046.789644]  [<ffffffff81152bf0>] alloc_pages_current+0xb0/0x120
Oct 21 15:23:31 adsl-s04 kernel: [ 1046.789648]  [<ffffffffa026c05d>] zcache_reserve_coldmemory+0x1d/0x50 [mcache]
Oct 21 15:23:31 adsl-s04 kernel: [ 1046.789650]  [<ffffffffa026c2de>] zcache_grab_unused_pool+0x3e/0xe0 [mcache]
Oct 21 15:23:31 adsl-s04 kernel: [ 1046.789652]  [<ffffffffa026cddf>] zcache_resize+0x22f/0x3c0 [mcache]
Oct 21 15:23:31 adsl-s04 kernel: [ 1046.789655]  [<ffffffff815fbf37>] ? __schedule+0x3c7/0x7b0
Oct 21 15:23:31 adsl-s04 kernel: [ 1046.789657]  [<ffffffffa026cbb0>] ? compact_memory+0xa0/0xa0 [mcache]
Oct 21 15:23:31 adsl-s04 kernel: [ 1046.789660]  [<ffffffff810780c3>] kthread+0x93/0xa0
Oct 21 15:23:31 adsl-s04 kernel: [ 1046.789663]  [<ffffffff816069e4>] kernel_thread_helper+0x4/0x10
Oct 21 15:23:31 adsl-s04 kernel: [ 1046.789665]  [<ffffffff81078030>] ? flush_kthread_worker+0x80/0x80
Oct 21 15:23:31 adsl-s04 kernel: [ 1046.789667]  [<ffffffff816069e0>] ? gs_change+0x13/0x13
Oct 21 15:23:31 adsl-s04 kernel: [ 1046.789668] Mem-Info:
Oct 21 15:23:31 adsl-s04 kernel: [ 1046.789669] Node 0 DMA per-cpu:
Oct 21 15:23:31 adsl-s04 kernel: [ 1046.789670] CPU    0: hi:    0, btch:   1 usd:   0
Oct 21 15:23:31 adsl-s04 kernel: [ 1046.789671] CPU    1: hi:    0, btch:   1 usd:   0
Oct 21 15:23:31 adsl-s04 kernel: [ 1046.789672] CPU    2: hi:    0, btch:   1 usd:   0
Oct 21 15:23:31 adsl-s04 kernel: [ 1046.789673] CPU    3: hi:    0, btch:   1 usd:   0
Oct 21 15:23:31 adsl-s04 kernel: [ 1046.789674] Node 0 DMA32 per-cpu:
Oct 21 15:23:31 adsl-s04 kernel: [ 1046.789676] CPU    0: hi:  186, btch:  31 usd:   0
Oct 21 15:23:31 adsl-s04 kernel: [ 1046.789677] CPU    1: hi:  186, btch:  31 usd:   0
Oct 21 15:23:31 adsl-s04 kernel: [ 1046.789678] CPU    2: hi:  186, btch:  31 usd:   0
Oct 21 15:23:31 adsl-s04 kernel: [ 1046.789679] CPU    3: hi:  186, btch:  31 usd:   0
Oct 21 15:23:31 adsl-s04 kernel: [ 1046.789680] Node 0 Normal per-cpu:
Oct 21 15:23:31 adsl-s04 kernel: [ 1046.789681] CPU    0: hi:  186, btch:  31 usd: 142
Oct 21 15:23:31 adsl-s04 kernel: [ 1046.789682] CPU    1: hi:  186, btch:  31 usd:   1
Oct 21 15:23:31 adsl-s04 kernel: [ 1046.789683] CPU    2: hi:  186, btch:  31 usd:  36
Oct 21 15:23:31 adsl-s04 kernel: [ 1046.789684] CPU    3: hi:  186, btch:  31 usd:   0
Oct 21 15:23:31 adsl-s04 kernel: [ 1046.789687] active_anon:95776 inactive_anon:337 isolated_anon:18
Oct 21 15:23:31 adsl-s04 kernel: [ 1046.789688]  active_file:11723 inactive_file:26078 isolated_file:10
Oct 21 15:23:31 adsl-s04 kernel: [ 1046.789688]  unevictable:0 dirty:21266 writeback:0 unstable:0
Oct 21 15:23:31 adsl-s04 kernel: [ 1046.789689]  free:3794863 slab_reclaimable:5432 slab_unreclaimable:8362
Oct 21 15:23:31 adsl-s04 kernel: [ 1046.789689]  mapped:13023 shmem:365 pagetables:4093 bounce:0 mercurial free:3342336 mercurial used:0 mercurial active:0
Oct 21 15:23:31 adsl-s04 kernel: [ 1046.789691] Node 0 DMA free:15908kB min:64kB low:80kB high:96kB active_anon:0kB inactive_anon:0kB active_file:0kB inactive_file:0kB unevictable:0kB isolated(anon):0kB isolated(file):0kB present:15652kB mlocked:0kB dirty:0kB writeback:0kB mapped:0kB shmem:0kB slab_reclaimable:0kB slab_unreclaimable:0kB kernel_stack:0kB pagetables:0kB unstable:0kB bounce:0kB writeback_tmp:0kB pages_scanned:0 all_unreclaimable? yes
Oct 21 15:23:31 adsl-s04 kernel: [ 1046.789696] lowmem_reserve[]: 0 3406 15997 15997
Oct 21 15:23:31 adsl-s04 kernel: [ 1046.789698] Node 0 DMA32 free:724068kB min:14376kB low:17968kB high:21564kB active_anon:0kB inactive_anon:0kB active_file:0kB inactive_file:0kB unevictable:0kB isolated(anon):0kB isolated(file):0kB present:3488736kB mlocked:0kB dirty:0kB writeback:0kB mapped:4kB shmem:0kB slab_reclaimable:16kB slab_unreclaimable:4kB kernel_stack:0kB pagetables:0kB unstable:0kB bounce:0kB writeback_tmp:0kB pages_scanned:0 all_unreclaimable? no
Oct 21 15:23:31 adsl-s04 kernel: [ 1046.789704] lowmem_reserve[]: 0 0 12590 12590
Oct 21 15:23:31 adsl-s04 kernel: [ 1046.789705] Node 0 Normal free:14439476kB min:53136kB low:66420kB high:79704kB active_anon:383104kB inactive_anon:1348kB active_file:46892kB inactive_file:104312kB unevictable:0kB isolated(anon):72kB isolated(file):40kB present:12892320kB mlocked:0kB dirty:85064kB writeback:0kB mapped:52088kB shmem:1460kB slab_reclaimable:21712kB slab_unreclaimable:33444kB kernel_stack:1808kB pagetables:16372kB unstable:0kB bounce:0kB writeback_tmp:0kB pages_scanned:0 all_unreclaimable? no
Oct 21 15:23:31 adsl-s04 kernel: [ 1046.789711] lowmem_reserve[]: 0 0 0 0
Oct 21 15:23:31 adsl-s04 kernel: [ 1046.789713] Node 0 DMA: 1*4kB 0*8kB 0*16kB 1*32kB 2*64kB 1*128kB 1*256kB 0*512kB 1*1024kB 1*2048kB 1*4096kB 1*8192kB 0*16384kB 0*32768kB 0*65536kB 0*131072kB = 15908kB
Oct 21 15:23:31 adsl-s04 kernel: [ 1046.789719] Node 0 DMA32: 9*4kB 10*8kB 9*16kB 7*32kB 8*64kB 7*128kB 11*256kB 7*512kB 7*1024kB 6*2048kB 6*4096kB 6*8192kB 6*16384kB 6*32768kB 5*65536kB 0*131072kB = 724068kB
Oct 21 15:23:31 adsl-s04 kernel: [ 1046.789726] Node 0 Normal: 2624*4kB 1109*8kB 1339*16kB 855*32kB 584*64kB 369*128kB 227*256kB 142*512kB 70*1024kB 37*2048kB 28*4096kB 22*8192kB 15*16384kB 3*32768kB 0*65536kB 0*131072kB = 1070008kB
Oct 21 15:23:31 adsl-s04 kernel: [ 1046.789732] 38185 total pagecache pages
Oct 21 15:23:31 adsl-s04 kernel: [ 1046.814379] 4191728 pages RAM
Oct 21 15:23:31 adsl-s04 kernel: [ 1046.814381] 110163 pages reserved
Oct 21 15:23:31 adsl-s04 kernel: [ 1046.814382] 83037 pages shared
Oct 21 15:23:31 adsl-s04 kernel: [ 1046.814383] 252569 pages non-shared
Oct 21 15:23:31 adsl-s04 kernel: [ 1046.814385] Memory allocation failed.
Oct 21 15:23:31 adsl-s04 kernel: [ 1046.814510] zcache-resize: page allocation failure: order:15, mode:0x200da
Oct 21 15:23:31 adsl-s04 kernel: [ 1046.814512] Pid: 2328, comm: zcache-resize Tainted: G         C O 3.4.1 #349
Oct 21 15:23:31 adsl-s04 kernel: [ 1046.814514] Call Trace:
Oct 21 15:23:31 adsl-s04 kernel: [ 1046.814520]  [<ffffffff8111c11b>] warn_alloc_failed+0xeb/0x150
